Archive member included to satisfy reference by file (symbol)

c:/st/stm32cubeide_1.8.0/stm32cubeide/plugins/com.st.stm32cube.ide.mcu.externaltools.gnu-tools-for-stm32.10.3-2021.10.win32_1.0.0.202111181127/tools/bin/../lib/gcc/arm-none-eabi/10.3.1/../../../../arm-none-eabi/lib/thumb/v7e-m+fp/hard\libc_nano.a(lib_a-errno.o)
                              ./Core/Src/syscalls.o (__errno)
c:/st/stm32cubeide_1.8.0/stm32cubeide/plugins/com.st.stm32cube.ide.mcu.externaltools.gnu-tools-for-stm32.10.3-2021.10.win32_1.0.0.202111181127/tools/bin/../lib/gcc/arm-none-eabi/10.3.1/../../../../arm-none-eabi/lib/thumb/v7e-m+fp/hard\libc_nano.a(lib_a-exit.o)
                              c:/st/stm32cubeide_1.8.0/stm32cubeide/plugins/com.st.stm32cube.ide.mcu.externaltools.gnu-tools-for-stm32.10.3-2021.10.win32_1.0.0.202111181127/tools/bin/../lib/gcc/arm-none-eabi/10.3.1/../../../../arm-none-eabi/lib/thumb/v7e-m+fp/hard/crt0.o (exit)
c:/st/stm32cubeide_1.8.0/stm32cubeide/plugins/com.st.stm32cube.ide.mcu.externaltools.gnu-tools-for-stm32.10.3-2021.10.win32_1.0.0.202111181127/tools/bin/../lib/gcc/arm-none-eabi/10.3.1/../../../../arm-none-eabi/lib/thumb/v7e-m+fp/hard\libc_nano.a(lib_a-impure.o)
                              c:/st/stm32cubeide_1.8.0/stm32cubeide/plugins/com.st.stm32cube.ide.mcu.externaltools.gnu-tools-for-stm32.10.3-2021.10.win32_1.0.0.202111181127/tools/bin/../lib/gcc/arm-none-eabi/10.3.1/../../../../arm-none-eabi/lib/thumb/v7e-m+fp/hard\libc_nano.a(lib_a-exit.o) (_global_impure_ptr)
c:/st/stm32cubeide_1.8.0/stm32cubeide/plugins/com.st.stm32cube.ide.mcu.externaltools.gnu-tools-for-stm32.10.3-2021.10.win32_1.0.0.202111181127/tools/bin/../lib/gcc/arm-none-eabi/10.3.1/../../../../arm-none-eabi/lib/thumb/v7e-m+fp/hard\libc_nano.a(lib_a-init.o)
                              c:/st/stm32cubeide_1.8.0/stm32cubeide/plugins/com.st.stm32cube.ide.mcu.externaltools.gnu-tools-for-stm32.10.3-2021.10.win32_1.0.0.202111181127/tools/bin/../lib/gcc/arm-none-eabi/10.3.1/../../../../arm-none-eabi/lib/thumb/v7e-m+fp/hard/crt0.o (__libc_init_array)
c:/st/stm32cubeide_1.8.0/stm32cubeide/plugins/com.st.stm32cube.ide.mcu.externaltools.gnu-tools-for-stm32.10.3-2021.10.win32_1.0.0.202111181127/tools/bin/../lib/gcc/arm-none-eabi/10.3.1/../../../../arm-none-eabi/lib/thumb/v7e-m+fp/hard\libc_nano.a(lib_a-memcpy-stub.o)
                              ./middlewares/Src/led.o (memcpy)
c:/st/stm32cubeide_1.8.0/stm32cubeide/plugins/com.st.stm32cube.ide.mcu.externaltools.gnu-tools-for-stm32.10.3-2021.10.win32_1.0.0.202111181127/tools/bin/../lib/gcc/arm-none-eabi/10.3.1/../../../../arm-none-eabi/lib/thumb/v7e-m+fp/hard\libc_nano.a(lib_a-memset.o)
                              c:/st/stm32cubeide_1.8.0/stm32cubeide/plugins/com.st.stm32cube.ide.mcu.externaltools.gnu-tools-for-stm32.10.3-2021.10.win32_1.0.0.202111181127/tools/bin/../lib/gcc/arm-none-eabi/10.3.1/../../../../arm-none-eabi/lib/thumb/v7e-m+fp/hard/crt0.o (memset)
c:/st/stm32cubeide_1.8.0/stm32cubeide/plugins/com.st.stm32cube.ide.mcu.externaltools.gnu-tools-for-stm32.10.3-2021.10.win32_1.0.0.202111181127/tools/bin/../lib/gcc/arm-none-eabi/10.3.1/thumb/v7e-m+fp/hard\libgcc.a(_arm_muldf3.o)
                              ./middlewares/Src/potenciometro.o (__aeabi_dmul)
c:/st/stm32cubeide_1.8.0/stm32cubeide/plugins/com.st.stm32cube.ide.mcu.externaltools.gnu-tools-for-stm32.10.3-2021.10.win32_1.0.0.202111181127/tools/bin/../lib/gcc/arm-none-eabi/10.3.1/thumb/v7e-m+fp/hard\libgcc.a(_arm_addsubdf3.o)
                              ./middlewares/Src/potenciometro.o (__aeabi_ui2d)
c:/st/stm32cubeide_1.8.0/stm32cubeide/plugins/com.st.stm32cube.ide.mcu.externaltools.gnu-tools-for-stm32.10.3-2021.10.win32_1.0.0.202111181127/tools/bin/../lib/gcc/arm-none-eabi/10.3.1/thumb/v7e-m+fp/hard\libgcc.a(_arm_muldivdf3.o)
                              ./middlewares/Src/potenciometro.o (__aeabi_ddiv)
c:/st/stm32cubeide_1.8.0/stm32cubeide/plugins/com.st.stm32cube.ide.mcu.externaltools.gnu-tools-for-stm32.10.3-2021.10.win32_1.0.0.202111181127/tools/bin/../lib/gcc/arm-none-eabi/10.3.1/thumb/v7e-m+fp/hard\libgcc.a(_arm_fixunsdfsi.o)
                              ./middlewares/Src/potenciometro.o (__aeabi_d2uiz)
c:/st/stm32cubeide_1.8.0/stm32cubeide/plugins/com.st.stm32cube.ide.mcu.externaltools.gnu-tools-for-stm32.10.3-2021.10.win32_1.0.0.202111181127/tools/bin/../lib/gcc/arm-none-eabi/10.3.1/thumb/v7e-m+fp/hard\libgcc.a(_aeabi_uldivmod.o)
                              ./Drivers/STM32L4xx_HAL_Driver/Src/stm32l4xx_hal_uart.o (__aeabi_uldivmod)
c:/st/stm32cubeide_1.8.0/stm32cubeide/plugins/com.st.stm32cube.ide.mcu.externaltools.gnu-tools-for-stm32.10.3-2021.10.win32_1.0.0.202111181127/tools/bin/../lib/gcc/arm-none-eabi/10.3.1/thumb/v7e-m+fp/hard\libgcc.a(_udivmoddi4.o)
[...]
Memory Configuration

Name             Origin             Length             Attributes
RAM              0x0000000020000000 0x0000000000028000 xrw
RAM2             0x0000000010000000 0x0000000000008000 xrw
FLASH            0x0000000008000000 0x0000000000080000 xr
*default*        0x0000000000000000 0xffffffffffffffff

Linker script and memory map

LOAD c:/st/stm32cubeide_1.8.0/stm32cubeide/plugins/com.st.stm32cube.ide.mcu.externaltools.gnu-tools-for-stm32.10.3-2021.10.win32_1.0.0.202111181127/tools/bin/../lib/gcc/arm-none-eabi/10.3.1/thumb/v7e-m+fp/hard/crti.o
LOAD c:/st/stm32cubeide_1.8.0/stm32cubeide/plugins/com.st.stm32cube.ide.mcu.externaltools.gnu-tools-for-stm32.10.3-2021.10.win32_1.0.0.202111181127/tools/bin/../lib/gcc/arm-none-eabi/10.3.1/thumb/v7e-m+fp/hard/crtbegin.o
LOAD c:/st/stm32cubeide_1.8.0/stm32cubeide/plugins/com.st.stm32cube.ide.mcu.externaltools.gnu-tools-for-stm32.10.3-2021.10.win32_1.0.0.202111181127/tools/bin/../lib/gcc/arm-none-eabi/10.3.1/../../../../arm-none-eabi/lib/thumb/v7e-m+fp/hard/crt0.o
LOAD ./Core/Src/adc.o
LOAD ./Core/Src/gpio.o
LOAD ./Core/Src/gpio_if.o
LOAD ./Core/Src/main.o
LOAD ./Core/Src/stm32l4xx_hal_msp.o
LOAD ./Core/Src/stm32l4xx_it.o
LOAD ./Core/Src/syscalls.o
LOAD ./Core/Src/sysmem.o
LOAD ./Core/Src/system_stm32l4xx.o
LOAD ./Core/Src/tim.o
LOAD ./Core/Src/usart.o
LOAD ./Core/Startup/startup_stm32l452retx.o
LOAD ./Drivers/STM32L4xx_HAL_Driver/Src/stm32l4xx_hal.o
LOAD ./Drivers/STM32L4xx_HAL_Driver/Src/stm32l4xx_hal_adc.o
LOAD ./Drivers/STM32L4xx_HAL_Driver/Src/stm32l4xx_hal_adc_ex.o
LOAD ./Drivers/STM32L4xx_HAL_Driver/Src/stm32l4xx_hal_cortex.o
LOAD ./Drivers/STM32L4xx_HAL_Driver/Src/stm32l4xx_hal_dma.o
LOAD ./Drivers/STM32L4xx_HAL_Driver/Src/stm32l4xx_hal_dma_ex.o
LOAD ./Drivers/STM32L4xx_HAL_Driver/Src/stm32l4xx_hal_exti.o
LOAD ./Drivers/STM32L4xx_HAL_Driver/Src/stm32l4xx_hal_flash.o
LOAD ./Drivers/STM32L4xx_HAL_Driver/Src/stm32l4xx_hal_flash_ex.o
LOAD ./Drivers/STM32L4xx_HAL_Driver/Src/stm32l4xx_hal_flash_ramfunc.o
LOAD ./Drivers/STM32L4xx_HAL_Driver/Src/stm32l4xx_hal_gpio.o
LOAD ./Drivers/STM32L4xx_HAL_Driver/Src/stm32l4xx_hal_i2c.o
LOAD ./Drivers/STM32L4xx_HAL_Driver/Src/stm32l4xx_hal_i2c_ex.o
LOAD ./Drivers/STM32L4xx_HAL_Driver/Src/stm32l4xx_hal_pwr.o
LOAD ./Drivers/STM32L4xx_HAL_Driver/Src/stm32l4xx_hal_pwr_ex.o
LOAD ./Drivers/STM32L4xx_HAL_Driver/Src/stm32l4xx_hal_rcc.o
LOAD ./Drivers/STM32L4xx_HAL_Driver/Src/stm32l4xx_hal_rcc_ex.o
LOAD ./Drivers/STM32L4xx_HAL_Driver/Src/stm32l4xx_hal_tim.o
LOAD ./Drivers/STM32L4xx_HAL_Driver/Src/stm32l4xx_hal_tim_ex.o
LOAD ./Drivers/STM32L4xx_HAL_Driver/Src/stm32l4xx_hal_uart.o
LOAD ./Drivers/STM32L4xx_HAL_Driver/Src/stm32l4xx_hal_uart_ex.o
LOAD ./middlewares/Src/command_decoder.o
LOAD ./middlewares/Src/device.o
LOAD ./middlewares/Src/dip_switch.o
LOAD ./middlewares/Src/led.o
LOAD ./middlewares/Src/potenciometro.o
LOAD ./middlewares/Src/transmisor_receptor_red.o
START GROUP
LOAD c:/st/stm32cubeide_1.8.0/stm32cubeide/plugins/com.st.stm32cube.ide.mcu.externaltools.gnu-tools-for-stm32.10.3-2021.10.win32_1.0.0.202111181127/tools/bin/../lib/gcc/arm-none-eabi/10.3.1/../../../../arm-none-eabi/lib/thumb/v7e-m+fp/hard\libc_nano.a
LOAD c:/st/stm32cubeide_1.8.0/stm32cubeide/plugins/com.st.stm32cube.ide.mcu.externaltools.gnu-tools-for-stm32.10.3-2021.10.win32_1.0.0.202111181127/tools/bin/../lib/gcc/arm-none-eabi/10.3.1/../../../../arm-none-eabi/lib/thumb/v7e-m+fp/hard\libm.a
END GROUP
START GROUP
LOAD c:/st/stm32cubeide_1.8.0/stm32cubeide/plugins/com.st.stm32cube.ide.mcu.externaltools.gnu-tools-for-stm32.10.3-2021.10.win32_1.0.0.202111181127/tools/bin/../lib/gcc/arm-none-eabi/10.3.1/thumb/v7e-m+fp/hard\libgcc.a
LOAD c:/st/stm32cubeide_1.8.0/stm32cubeide/plugins/com.st.stm32cube.ide.mcu.externaltools.gnu-tools-for-stm32.10.3-2021.10.win32_1.0.0.202111181127/tools/bin/../lib/gcc/arm-none-eabi/10.3.1/../../../../arm-none-eabi/lib/thumb/v7e-m+fp/hard\libc_nano.a
END GROUP
START GROUP
LOAD c:/st/stm32cubeide_1.8.0/stm32cubeide/plugins/com.st.stm32cube.ide.mcu.externaltools.gnu-tools-for-stm32.10.3-2021.10.win32_1.0.0.202111181127/tools/bin/../lib/gcc/arm-none-eabi/10.3.1/thumb/v7e-m+fp/hard\libgcc.a
LOAD c:/st/stm32cubeide_1.8.0/stm32cubeide/plugins/com.st.stm32cube.ide.mcu.externaltools.gnu-tools-for-stm32.10.3-2021.10.win32_1.0.0.202111181127/tools/bin/../lib/gcc/arm-none-eabi/10.3.1/../../../../arm-none-eabi/lib/thumb/v7e-m+fp/hard\libc_nano.a
LOAD c:/st/stm32cubeide_1.8.0/stm32cubeide/plugins/com.st.stm32cube.ide.mcu.externaltools.gnu-tools-for-stm32.10.3-2021.10.win32_1.0.0.202111181127/tools/bin/../lib/gcc/arm-none-eabi/10.3.1/../../../../arm-none-eabi/lib/thumb/v7e-m+fp/hard\libnosys.a
END GROUP
START GROUP
LOAD c:/st/stm32cubeide_1.8.0/stm32cubeide/plugins/com.st.stm32cube.ide.mcu.externaltools.gnu-tools-for-stm32.10.3-2021.10.win32_1.0.0.202111181127/tools/bin/../lib/gcc/arm-none-eabi/10.3.1/thumb/v7e-m+fp/hard\libgcc.a
LOAD c:/st/stm32cubeide_1.8.0/stm32cubeide/plugins/com.st.stm32cube.ide.mcu.externaltools.gnu-tools-for-stm32.10.3-2021.10.win32_1.0.0.202111181127/tools/bin/../lib/gcc/arm-none-eabi/10.3.1/../../../../arm-none-eabi/lib/thumb/v7e-m+fp/hard\libc_nano.a
LOAD c:/st/stm32cubeide_1.8.0/stm32cubeide/plugins/com.st.stm32cube.ide.mcu.externaltools.gnu-tools-for-stm32.10.3-2021.10.win32_1.0.0.202111181127/tools/bin/../lib/gcc/arm-none-eabi/10.3.1/../../../../arm-none-eabi/lib/thumb/v7e-m+fp/hard\libnosys.a
END GROUP
LOAD c:/st/stm32cubeide_1.8.0/stm32cubeide/plugins/com.st.stm32cube.ide.mcu.externaltools.gnu-tools-for-stm32.10.3-2021.10.win32_1.0.0.202111181127/tools/bin/../lib/gcc/arm-none-eabi/10.3.1/thumb/v7e-m+fp/hard/crtend.o
LOAD c:/st/stm32cubeide_1.8.0/stm32cubeide/plugins/com.st.stm32cube.ide.mcu.externaltools.gnu-tools-for-stm32.10.3-2021.10.win32_1.0.0.202111181127/tools/bin/../lib/gcc/arm-none-eabi/10.3.1/thumb/v7e-m+fp/hard/crtn.o
                0x0000000020028000                _estack = (ORIGIN (RAM) + LENGTH (RAM))
                0x0000000000000200                _Min_Heap_Size = 0x200
                0x0000000000000400                _Min_Stack_Size = 0x400

.isr_vector     0x0000000008000000      0x194
                0x0000000008000000                . = ALIGN (0x4)
 *(.isr_vector)
 .isr_vector    0x0000000008000000      0x194 ./Core/Startup/startup_stm32l452retx.o
                0x0000000008000000                g_pfnVectors
                0x0000000008000194                . = ALIGN (0x4)

.text           0x0000000008000198     0x7694
                0x0000000008000198                . = ALIGN (0x4)
 *(.text)
 .text          0x0000000008000198       0x40 c:/st/stm32cubeide_1.8.0/stm32cubeide/plugins/com.st.stm32cube.ide.mcu.externaltools.gnu-tools-for-stm32.10.3-2021.10.win32_1.0.0.202111181127/tools/bin/../lib/gcc/arm-none-eabi/10.3.1/thumb/v7e-m+fp/hard/crtbegin.o
 .text          0x00000000080001d8      0x378 c:/st/stm32cubeide_1.8.0/stm32cubeide/plugins/com.st.stm32cube.ide.mcu.externaltools.gnu-tools-for-stm32.10.3-2021.10.win32_1.0.0.202111181127/tools/bin/../lib/gcc/arm-none-eabi/10.3.1/thumb/v7e-m+fp/hard\libgcc.a(_arm_addsubdf3.o)
                0x00000000080001d8                __aeabi_drsub
                0x00000000080001e0                __aeabi_dsub
                0x00000000080001e0                __subdf3
                0x00000000080001e4                __aeabi_dadd
                0x00000000080001e4                __adddf3
                0x000000000800045c                __floatunsidf
                0x000000000800045c                __aeabi_ui2d
                0x000000000800047c                __floatsidf
                0x000000000800047c                __aeabi_i2d
                0x00000000080004a0                __aeabi_f2d
                0x00000000080004a0                __extendsfdf2
                0x00000000080004e4                __floatundidf
                0x00000000080004e4                __aeabi_ul2d
                0x00000000080004f4                __floatdidf
                0x00000000080004f4                __aeabi_l2d
 .text          0x0000000008000550      0x424 c:/st/stm32cubeide_1.8.0/stm32cubeide/plugins/com.st.stm32cube.ide.mcu.externaltools.gnu-tools-for-stm32.10.3-2021.10.win32_1.0.0.202111181127/tools/bin/../lib/gcc/arm-none-eabi/10.3.1/thumb/v7e-m+fp/hard\libgcc.a(_arm_muldivdf3.o)
                0x0000000008000550                __aeabi_dmul
                0x0000000008000550                __muldf3
                0x00000000080007a4                __divdf3
                0x00000000080007a4                __aeabi_ddiv
 .text          0x0000000008000974       0x40 c:/st/stm32cubeide_1.8.0/stm32cubeide/plugins/com.st.stm32cube.ide.mcu.externaltools.gnu-tools-for-stm32.10.3-2021.10.win32_1.0.0.202111181127/tools/bin/../lib/gcc/arm-none-eabi/10.3.1/thumb/v7e-m+fp/hard\libgcc.a(_arm_fixunsdfsi.o)
                0x0000000008000974                __aeabi_d2uiz
                0x0000000008000974                __fixunsdfsi
 .text          0x00000000080009b4       0x30 c:/st/stm32cubeide_1.8.0/stm32cubeide/plugins/com.st.stm32cube.ide.mcu.externaltools.gnu-tools-for-stm32.10.3-2021.10.win32_1.0.0.202111181127/tools/bin/../lib/gcc/arm-none-eabi/10.3.1/thumb/v7e-m+fp/hard\libgcc.a(_aeabi_uldivmod.o)
                0x00000000080009b4                __aeabi_uldivmod
 .text          0x00000000080009e4      0x2d0 c:/st/stm32cubeide_1.8.0/stm32cubeide/plugins/com.st.stm32cube.ide.mcu.externaltools.gnu-tools-for-stm32.10.3-2021.10.win32_1.0.0.202111181127/tools/bin/../lib/gcc/arm-none-eabi/10.3.1/thumb/v7e-m+fp/hard\libgcc.a(_udivmoddi4.o)
                0x00000000080009e4                __udivmoddi4
 .text          0x0000000008000cb4        0x4 c:/st/stm32cubeide_1.8.0/stm32cubeide/plugins/com.st.stm32cube.ide.mcu.externaltools.gnu-tools-for-stm32.10.3-2021.10.win32_1.0.0.202111181127/tools/bin/../lib/gcc/arm-none-eabi/10.3.1/thumb/v7e-m+fp/hard\libgcc.a(_dvmd_tls.o)
                0x0000000008000cb4                __aeabi_idiv0
                0x0000000008000cb4                __aeabi_ldiv0
 *(.text*)
 .text.MX_ADC1_Init
                0x0000000008000cb8       0xc8 ./Core/Src/adc.o
                0x0000000008000cb8                MX_ADC1_Init
 .text.HAL_ADC_MspInit
                0x0000000008000d80       0xd0 ./Core/Src/adc.o
                0x0000000008000d80                HAL_ADC_MspInit
 .text.MX_GPIO_Init
                0x0000000008000e50      0x108 ./Core/Src/gpio.o
                0x0000000008000e50                MX_GPIO_Init
 .text.gpio_if_init
                0x0000000008000f58       0x32 ./Core/Src/gpio_if.o
                0x0000000008000f58                gpio_if_init
 .text.gpio_if_open
                0x0000000008000f8a       0x3c ./Core/Src/gpio_if.o
                0x0000000008000f8a                gpio_if_open
 .text.gpio_if_set
                0x0000000008000fc6       0x42 ./Core/Src/gpio_if.o
                0x0000000008000fc6                gpio_if_set
 .text.gpio_if_clear
                0x0000000008001008       0x42 ./Core/Src/gpio_if.o
                0x0000000008001008                gpio_if_clear
 .text.gpio_if_get
                0x000000000800104a       0x5a ./Core/Src/gpio_if.o
                0x000000000800104a                gpio_if_get
 .text.main     0x00000000080010a4      0x1d4 ./Core/Src/main.o
                0x00000000080010a4                main
 .text.SystemClock_Config
                0x0000000008001278       0xa2 ./Core/Src/main.o
                0x0000000008001278                SystemClock_Config
 *fill*         0x000000000800131a        0x2 
 .text.HAL_UART_RxCpltCallback
                0x000000000800131c      0x118 ./Core/Src/main.o
                0x000000000800131c                HAL_UART_RxCpltCallback
 .text.Error_Handler
                0x0000000008001434        0xa ./Core/Src/main.o
                0x0000000008001434                Error_Handler
 *fill*         0x000000000800143e        0x2 
 .text.HAL_MspInit
                0x0000000008001440       0x48 ./Core/Src/stm32l4xx_hal_msp.o
                0x0000000008001440                HAL_MspInit
 .text.NMI_Handler
                0x0000000008001488        0x6 ./Core/Src/stm32l4xx_it.o
                0x0000000008001488                NMI_Handler
 .text.HardFault_Handler
                0x000000000800148e        0x6 ./Core/Src/stm32l4xx_it.o
                0x000000000800148e                HardFault_Handler
 .text.MemManage_Handler
                0x0000000008001494        0x6 ./Core/Src/stm32l4xx_it.o
                0x0000000008001494                MemManage_Handler
 .text.BusFault_Handler
                0x000000000800149a        0x6 ./Core/Src/stm32l4xx_it.o
                0x000000000800149a                BusFault_Handler
 .text.UsageFault_Handler
                0x00000000080014a0        0x6 ./Core/Src/stm32l4xx_it.o
                0x00000000080014a0                UsageFault_Handler
 .text.SVC_Handler
                0x00000000080014a6        0xe ./Core/Src/stm32l4xx_it.o
                0x00000000080014a6                SVC_Handler
 .text.DebugMon_Handler
                0x00000000080014b4        0xe ./Core/Src/stm32l4xx_it.o
                0x00000000080014b4                DebugMon_Handler
 .text.PendSV_Handler
                0x00000000080014c2        0xe ./Core/Src/stm32l4xx_it.o
                0x00000000080014c2                PendSV_Handler
 .text.SysTick_Handler
                0x00000000080014d0        0xc ./Core/Src/stm32l4xx_it.o
                0x00000000080014d0                SysTick_Handler
 .text.TIM2_IRQHandler
                0x00000000080014dc       0x14 ./Core/Src/stm32l4xx_it.o
                0x00000000080014dc                TIM2_IRQHandler
 .text.USART1_IRQHandler
                0x00000000080014f0       0x14 ./Core/Src/stm32l4xx_it.o
                0x00000000080014f0                USART1_IRQHandler
 .text.USART2_IRQHandler
                0x0000000008001504       0x14 ./Core/Src/stm32l4xx_it.o
                0x0000000008001504                USART2_IRQHandler
 .text.SystemInit
                0x0000000008001518       0x24 ./Core/Src/system_stm32l4xx.o
                0x0000000008001518                SystemInit
 .text.MX_TIM1_Init
                0x000000000800153c      0x15c ./Core/Src/tim.o
                0x000000000800153c                MX_TIM1_Init
 .text.MX_TIM2_Init
                0x0000000008001698       0xe8 ./Core/Src/tim.o
                0x0000000008001698                MX_TIM2_Init
 .text.HAL_TIM_Base_MspInit
                0x0000000008001780       0x70 ./Core/Src/tim.o
                0x0000000008001780                HAL_TIM_Base_MspInit
 .text.HAL_TIM_MspPostInit
                0x00000000080017f0       0x70 ./Core/Src/tim.o
                0x00000000080017f0                HAL_TIM_MspPostInit
 .text.MX_USART1_UART_Init
                0x0000000008001860       0x60 ./Core/Src/usart.o
                0x0000000008001860                MX_USART1_UART_Init
 .text.MX_USART2_UART_Init
                0x00000000080018c0       0x60 ./Core/Src/usart.o
                0x00000000080018c0                MX_USART2_UART_Init
 .text.HAL_UART_MspInit
                0x0000000008001920      0x164 ./Core/Src/usart.o
                0x0000000008001920                HAL_UART_MspInit
 .text.Reset_Handler
                0x0000000008001a84       0x50 ./Core/Startup/startup_stm32l452retx.o
                0x0000000008001a84                Reset_Handler
 .text.Default_Handler
                0x0000000008001ad4        0x2 ./Core/Startup/startup_stm32l452retx.o
                0x0000000008001ad4                RTC_Alarm_IRQHandler
                0x0000000008001ad4                EXTI2_IRQHandler
                0x0000000008001ad4                TIM1_CC_IRQHandler
                0x0000000008001ad4                TSC_IRQHandler
                0x0000000008001ad4                TAMP_STAMP_IRQHandler
                0x0000000008001ad4                EXTI3_IRQHandler
                0x0000000008001ad4                LPTIM2_IRQHandler
                0x0000000008001ad4                DFSDM1_FLT1_IRQHandler
                0x0000000008001ad4                I2C3_ER_IRQHandler
                0x0000000008001ad4                EXTI0_IRQHandler
                0x0000000008001ad4                I2C2_EV_IRQHandler
                0x0000000008001ad4                CAN1_RX0_IRQHandler
                0x0000000008001ad4                FPU_IRQHandler
                0x0000000008001ad4                TIM1_UP_TIM16_IRQHandler
                0x0000000008001ad4                SPI1_IRQHandler
                0x0000000008001ad4                TIM6_DAC_IRQHandler
                0x0000000008001ad4                DMA2_Channel2_IRQHandler
                0x0000000008001ad4                DMA1_Channel4_IRQHandler
                0x0000000008001ad4                ADC1_IRQHandler
                0x0000000008001ad4                USART3_IRQHandler
                0x0000000008001ad4                DMA1_Channel7_IRQHandler
                0x0000000008001ad4                CAN1_RX1_IRQHandler
                0x0000000008001ad4                DMA2_Channel1_IRQHandler
                0x0000000008001ad4                QUADSPI_IRQHandler
                0x0000000008001ad4                I2C1_EV_IRQHandler
                0x0000000008001ad4                DMA1_Channel6_IRQHandler
                0x0000000008001ad4                UART4_IRQHandler
                0x0000000008001ad4                DMA2_Channel4_IRQHandler
                0x0000000008001ad4                TIM3_IRQHandler
                0x0000000008001ad4                RCC_IRQHandler
                0x0000000008001ad4                TIM1_TRG_COM_IRQHandler
                0x0000000008001ad4                DMA1_Channel1_IRQHandler
                0x0000000008001ad4                Default_Handler
                0x0000000008001ad4                DMA2_Channel7_IRQHandler
                0x0000000008001ad4                EXTI15_10_IRQHandler
                0x0000000008001ad4                SDMMC1_IRQHandler
                0x0000000008001ad4                I2C3_EV_IRQHandler
                0x0000000008001ad4                USB_IRQHandler
                0x0000000008001ad4                EXTI9_5_IRQHandler
                0x0000000008001ad4                RTC_WKUP_IRQHandler
                0x0000000008001ad4                PVD_PVM_IRQHandler
                0x0000000008001ad4                SPI2_IRQHandler
                0x0000000008001ad4                CAN1_TX_IRQHandler
                0x0000000008001ad4                DMA2_Channel5_IRQHandler
                0x0000000008001ad4                CRS_IRQHandler
                0x0000000008001ad4                DMA1_Channel5_IRQHandler
                0x0000000008001ad4                EXTI4_IRQHandler
                0x0000000008001ad4                RNG_IRQHandler
                0x0000000008001ad4                DMA1_Channel3_IRQHandler
                0x0000000008001ad4                COMP_IRQHandler
                0x0000000008001ad4                WWDG_IRQHandler
                0x0000000008001ad4                I2C4_EV_IRQHandler
                0x0000000008001ad4                LPUART1_IRQHandler
                0x0000000008001ad4                DMA2_Channel6_IRQHandler
                0x0000000008001ad4                EXTI1_IRQHandler
                0x0000000008001ad4                DFSDM1_FLT0_IRQHandler
                0x0000000008001ad4                I2C2_ER_IRQHandler
                0x0000000008001ad4                DMA1_Channel2_IRQHandler
                0x0000000008001ad4                CAN1_SCE_IRQHandler
                0x0000000008001ad4                FLASH_IRQHandler
                0x0000000008001ad4                SPI3_IRQHandler
                0x0000000008001ad4                I2C1_ER_IRQHandler
                0x0000000008001ad4                LPTIM1_IRQHandler
                0x0000000008001ad4                I2C4_ER_IRQHandler
                0x0000000008001ad4                SAI1_IRQHandler
                0x0000000008001ad4                DMA2_Channel3_IRQHandler
                0x0000000008001ad4                TIM1_BRK_TIM15_IRQHandler
 *fill*         0x0000000008001ad6        0x2 
 .text.HAL_Init
                0x0000000008001ad8       0x40 ./Drivers/STM32L4xx_HAL_Driver/Src/stm32l4xx_hal.o
                0x0000000008001ad8                HAL_Init
 .text.HAL_InitTick
                0x0000000008001b18       0x78 ./Drivers/STM32L4xx_HAL_Driver/Src/stm32l4xx_hal.o
                0x0000000008001b18                HAL_InitTick
 .text.HAL_IncTick
                0x0000000008001b90       0x28 ./Drivers/STM32L4xx_HAL_Driver/Src/stm32l4xx_hal.o
                0x0000000008001b90                HAL_IncTick
 .text.HAL_GetTick
                0x0000000008001bb8       0x18 ./Drivers/STM32L4xx_HAL_Driver/Src/stm32l4xx_hal.o
                0x0000000008001bb8                HAL_GetTick
 .text.HAL_Delay
                0x0000000008001bd0       0x48 ./Drivers/STM32L4xx_HAL_Driver/Src/stm32l4xx_hal.o
                0x0000000008001bd0                HAL_Delay
 .text.LL_ADC_SetCommonClock
                0x0000000008001c18       0x26 ./Drivers/STM32L4xx_HAL_Driver/Src/stm32l4xx_hal_adc.o
 .text.LL_ADC_SetCommonPathInternalCh
                0x0000000008001c3e       0x26 ./Drivers/STM32L4xx_HAL_Driver/Src/stm32l4xx_hal_adc.o
 .text.LL_ADC_GetCommonPathInternalCh
                0x0000000008001c64       0x1c ./Drivers/STM32L4xx_HAL_Driver/Src/stm32l4xx_hal_adc.o
 .text.LL_ADC_SetOffset
                0x0000000008001c80       0x48 ./Drivers/STM32L4xx_HAL_Driver/Src/stm32l4xx_hal_adc.o
 .text.LL_ADC_GetOffsetChannel
                0x0000000008001cc8       0x2c ./Drivers/STM32L4xx_HAL_Driver/Src/stm32l4xx_hal_adc.o
 .text.LL_ADC_SetOffsetState
                0x0000000008001cf4       0x36 ./Drivers/STM32L4xx_HAL_Driver/Src/stm32l4xx_hal_adc.o
 .text.LL_ADC_SetSamplingTimeCommonConfig
                0x0000000008001d2a       0x26 ./Drivers/STM32L4xx_HAL_Driver/Src/stm32l4xx_hal_adc.o
 .text.LL_ADC_REG_IsTriggerSourceSWStart
                0x0000000008001d50       0x26 ./Drivers/STM32L4xx_HAL_Driver/Src/stm32l4xx_hal_adc.o
 .text.LL_ADC_REG_SetSequencerRanks
                0x0000000008001d76       0x58 ./Drivers/STM32L4xx_HAL_Driver/Src/stm32l4xx_hal_adc.o
 .text.LL_ADC_SetChannelSamplingTime
                0x0000000008001dce       0x56 ./Drivers/STM32L4xx_HAL_Driver/Src/stm32l4xx_hal_adc.o
 .text.LL_ADC_SetChannelSingleDiff
                0x0000000008001e24       0x48 ./Drivers/STM32L4xx_HAL_Driver/Src/stm32l4xx_hal_adc.o
 .text.LL_ADC_DisableDeepPowerDown
                0x0000000008001e6c       0x24 ./Drivers/STM32L4xx_HAL_Driver/Src/stm32l4xx_hal_adc.o
 .text.LL_ADC_IsDeepPowerDownEnabled
                0x0000000008001e90       0x28 ./Drivers/STM32L4xx_HAL_Driver/Src/stm32l4xx_hal_adc.o
 .text.LL_ADC_EnableInternalRegulator
                0x0000000008001eb8       0x28 ./Drivers/STM32L4xx_HAL_Driver/Src/stm32l4xx_hal_adc.o
 .text.LL_ADC_IsInternalRegulatorEnabled
                0x0000000008001ee0       0x28 ./Drivers/STM32L4xx_HAL_Driver/Src/stm32l4xx_hal_adc.o
 .text.LL_ADC_Enable
                0x0000000008001f08       0x28 ./Drivers/STM32L4xx_HAL_Driver/Src/stm32l4xx_hal_adc.o
 .text.LL_ADC_IsEnabled
                0x0000000008001f30       0x26 ./Drivers/STM32L4xx_HAL_Driver/Src/stm32l4xx_hal_adc.o
 .text.LL_ADC_REG_StartConversion
                0x0000000008001f56       0x28 ./Drivers/STM32L4xx_HAL_Driver/Src/stm32l4xx_hal_adc.o
 .text.LL_ADC_REG_IsConversionOngoing
                0x0000000008001f7e       0x26 ./Drivers/STM32L4xx_HAL_Driver/Src/stm32l4xx_hal_adc.o
 .text.LL_ADC_INJ_IsConversionOngoing
                0x0000000008001fa4       0x26 ./Drivers/STM32L4xx_HAL_Driver/Src/stm32l4xx_hal_adc.o
 *fill*         0x0000000008001fca        0x2 
 .text.HAL_ADC_Init
                0x0000000008001fcc      0x298 ./Drivers/STM32L4xx_HAL_Driver/Src/stm32l4xx_hal_adc.o
                0x0000000008001fcc                HAL_ADC_Init
 .text.HAL_ADC_Start
                0x0000000008002264       0xc6 ./Drivers/STM32L4xx_HAL_Driver/Src/stm32l4xx_hal_adc.o
                0x0000000008002264                HAL_ADC_Start
 .text.HAL_ADC_PollForConversion
                0x000000000800232a      0x11e ./Drivers/STM32L4xx_HAL_Driver/Src/stm32l4xx_hal_adc.o
                0x000000000800232a                HAL_ADC_PollForConversion
 .text.HAL_ADC_GetValue
                0x0000000008002448       0x1a ./Drivers/STM32L4xx_HAL_Driver/Src/stm32l4xx_hal_adc.o
                0x0000000008002448                HAL_ADC_GetValue
 *fill*         0x0000000008002462        0x2 
 .text.HAL_ADC_ConfigChannel
                0x0000000008002464      0x7f8 ./Drivers/STM32L4xx_HAL_Driver/Src/stm32l4xx_hal_adc.o
                0x0000000008002464                HAL_ADC_ConfigChannel
 .text.ADC_Enable
                0x0000000008002c5c      0x10c ./Drivers/STM32L4xx_HAL_Driver/Src/stm32l4xx_hal_adc.o
                0x0000000008002c5c                ADC_Enable
 .text.__NVIC_SetPriorityGrouping
                0x0000000008002d68       0x48 ./Drivers/STM32L4xx_HAL_Driver/Src/stm32l4xx_hal_cortex.o
 .text.__NVIC_GetPriorityGrouping
                0x0000000008002db0       0x1c ./Drivers/STM32L4xx_HAL_Driver/Src/stm32l4xx_hal_cortex.o
 .text.__NVIC_EnableIRQ
                0x0000000008002dcc       0x3c ./Drivers/STM32L4xx_HAL_Driver/Src/stm32l4xx_hal_cortex.o
 .text.__NVIC_SetPriority
                0x0000000008002e08       0x54 ./Drivers/STM32L4xx_HAL_Driver/Src/stm32l4xx_hal_cortex.o
 .text.NVIC_EncodePriority
                0x0000000008002e5c       0x66 ./Drivers/STM32L4xx_HAL_Driver/Src/stm32l4xx_hal_cortex.o
 *fill*         0x0000000008002ec2        0x2 
 .text.SysTick_Config
                0x0000000008002ec4       0x44 ./Drivers/STM32L4xx_HAL_Driver/Src/stm32l4xx_hal_cortex.o
 .text.HAL_NVIC_SetPriorityGrouping
                0x0000000008002f08       0x16 ./Drivers/STM32L4xx_HAL_Driver/Src/stm32l4xx_hal_cortex.o
                0x0000000008002f08                HAL_NVIC_SetPriorityGrouping
 .text.HAL_NVIC_SetPriority
                0x0000000008002f1e       0x38 ./Drivers/STM32L4xx_HAL_Driver/Src/stm32l4xx_hal_cortex.o
                0x0000000008002f1e                HAL_NVIC_SetPriority
 .text.HAL_NVIC_EnableIRQ
                0x0000000008002f56       0x1c ./Drivers/STM32L4xx_HAL_Driver/Src/stm32l4xx_hal_cortex.o
                0x0000000008002f56                HAL_NVIC_EnableIRQ
 .text.HAL_SYSTICK_Config
                0x0000000008002f72       0x18 ./Drivers/STM32L4xx_HAL_Driver/Src/stm32l4xx_hal_cortex.o
                0x0000000008002f72                HAL_SYSTICK_Config
 .text.HAL_DMA_Abort
                0x0000000008002f8a       0x7c ./Drivers/STM32L4xx_HAL_Driver/Src/stm32l4xx_hal_dma.o
                0x0000000008002f8a                HAL_DMA_Abort
 .text.HAL_DMA_Abort_IT
                0x0000000008003006       0x82 ./Drivers/STM32L4xx_HAL_Driver/Src/stm32l4xx_hal_dma.o
                0x0000000008003006                HAL_DMA_Abort_IT
 .text.HAL_GPIO_Init
                0x0000000008003088      0x2f4 ./Drivers/STM32L4xx_HAL_Driver/Src/stm32l4xx_hal_gpio.o
                0x0000000008003088                HAL_GPIO_Init
 .text.HAL_GPIO_ReadPin
                0x000000000800337c       0x30 ./Drivers/STM32L4xx_HAL_Driver/Src/stm32l4xx_hal_gpio.o
                0x000000000800337c                HAL_GPIO_ReadPin
 .text.HAL_GPIO_WritePin
                0x00000000080033ac       0x30 ./Drivers/STM32L4xx_HAL_Driver/Src/stm32l4xx_hal_gpio.o
                0x00000000080033ac                HAL_GPIO_WritePin
 .text.HAL_PWREx_GetVoltageRange
                0x00000000080033dc       0x1c ./Drivers/STM32L4xx_HAL_Driver/Src/stm32l4xx_hal_pwr_ex.o
                0x00000000080033dc                HAL_PWREx_GetVoltageRange
 .text.HAL_PWREx_ControlVoltageScaling
                0x00000000080033f8       0xac ./Drivers/STM32L4xx_HAL_Driver/Src/stm32l4xx_hal_pwr_ex.o
                0x00000000080033f8                HAL_PWREx_ControlVoltageScaling
 .text.HAL_RCC_OscConfig
                0x00000000080034a4      0x828 ./Drivers/STM32L4xx_HAL_Driver/Src/stm32l4xx_hal_rcc.o
                0x00000000080034a4                HAL_RCC_OscConfig
 .text.HAL_RCC_ClockConfig
                0x0000000008003ccc      0x200 ./Drivers/STM32L4xx_HAL_Driver/Src/stm32l4xx_hal_rcc.o
                0x0000000008003ccc                HAL_RCC_ClockConfig
 .text.HAL_RCC_GetSysClockFreq
                0x0000000008003ecc      0x118 ./Drivers/STM32L4xx_HAL_Driver/Src/stm32l4xx_hal_rcc.o
                0x0000000008003ecc                HAL_RCC_GetSysClockFreq
 .text.HAL_RCC_GetHCLKFreq
                0x0000000008003fe4       0x18 ./Drivers/STM32L4xx_HAL_Driver/Src/stm32l4xx_hal_rcc.o
                0x0000000008003fe4                HAL_RCC_GetHCLKFreq
 .text.HAL_RCC_GetPCLK1Freq
                0x0000000008003ffc       0x2c ./Drivers/STM32L4xx_HAL_Driver/Src/stm32l4xx_hal_rcc.o
                0x0000000008003ffc                HAL_RCC_GetPCLK1Freq
 .text.HAL_RCC_GetPCLK2Freq
                0x0000000008004028       0x2c ./Drivers/STM32L4xx_HAL_Driver/Src/stm32l4xx_hal_rcc.o
                0x0000000008004028                HAL_RCC_GetPCLK2Freq
 .text.RCC_SetFlashLatencyFromMSIRange
                0x0000000008004054       0xc0 ./Drivers/STM32L4xx_HAL_Driver/Src/stm32l4xx_hal_rcc.o
 .text.HAL_RCCEx_PeriphCLKConfig
                0x0000000008004114      0x4d8 ./Drivers/STM32L4xx_HAL_Driver/Src/stm32l4xx_hal_rcc_ex.o
                0x0000000008004114                HAL_RCCEx_PeriphCLKConfig
 .text.RCCEx_PLLSAI1_Config
                0x00000000080045ec      0x1e4 ./Drivers/STM32L4xx_HAL_Driver/Src/stm32l4xx_hal_rcc_ex.o
 .text.HAL_TIM_Base_Init
                0x00000000080047d0       0xae ./Drivers/STM32L4xx_HAL_Driver/Src/stm32l4xx_hal_tim.o
                0x00000000080047d0                HAL_TIM_Base_Init
 *fill*         0x000000000800487e        0x2 
 .text.HAL_TIM_Base_Start_IT
                0x0000000008004880       0xb8 ./Drivers/STM32L4xx_HAL_Driver/Src/stm32l4xx_hal_tim.o
                0x0000000008004880                HAL_TIM_Base_Start_IT
 .text.HAL_TIM_Base_Stop_IT
                0x0000000008004938       0x5e ./Drivers/STM32L4xx_HAL_Driver/Src/stm32l4xx_hal_tim.o
                0x0000000008004938                HAL_TIM_Base_Stop_IT
 .text.HAL_TIM_OC_Init
                0x0000000008004996       0xae ./Drivers/STM32L4xx_HAL_Driver/Src/stm32l4xx_hal_tim.o
                0x0000000008004996                HAL_TIM_OC_Init
 .text.HAL_TIM_OC_MspInit
                0x0000000008004a44       0x14 ./Drivers/STM32L4xx_HAL_Driver/Src/stm32l4xx_hal_tim.o
                0x0000000008004a44                HAL_TIM_OC_MspInit
 .text.HAL_TIM_PWM_Init
                0x0000000008004a58       0xae ./Drivers/STM32L4xx_HAL_Driver/Src/stm32l4xx_hal_tim.o
                0x0000000008004a58                HAL_TIM_PWM_Init
 .text.HAL_TIM_PWM_MspInit
                0x0000000008004b06       0x14 ./Drivers/STM32L4xx_HAL_Driver/Src/stm32l4xx_hal_tim.o
                0x0000000008004b06                HAL_TIM_PWM_MspInit
 *fill*         0x0000000008004b1a        0x2 
 .text.HAL_TIM_PWM_Start
                0x0000000008004b1c      0x1cc ./Drivers/STM32L4xx_HAL_Driver/Src/stm32l4xx_hal_tim.o
                0x0000000008004b1c                HAL_TIM_PWM_Start
 .text.HAL_TIM_IRQHandler
                0x0000000008004ce8      0x23e ./Drivers/STM32L4xx_HAL_Driver/Src/stm32l4xx_hal_tim.o
                0x0000000008004ce8                HAL_TIM_IRQHandler
 *fill*         0x0000000008004f26        0x2 
 .text.HAL_TIM_OC_ConfigChannel
                0x0000000008004f28       0xf4 ./Drivers/STM32L4xx_HAL_Driver/Src/stm32l4xx_hal_tim.o
                0x0000000008004f28                HAL_TIM_OC_ConfigChannel
 .text.HAL_TIM_PWM_ConfigChannel
                0x000000000800501c      0x228 ./Drivers/STM32L4xx_HAL_Driver/Src/stm32l4xx_hal_tim.o
                0x000000000800501c                HAL_TIM_PWM_ConfigChannel
 .text.HAL_TIM_ConfigClockSource
                0x0000000008005244      0x192 ./Drivers/STM32L4xx_HAL_Driver/Src/stm32l4xx_hal_tim.o
                0x0000000008005244                HAL_TIM_ConfigClockSource
 .text.HAL_TIM_OC_DelayElapsedCallback
                0x00000000080053d6       0x14 ./Drivers/STM32L4xx_HAL_Driver/Src/stm32l4xx_hal_tim.o
                0x00000000080053d6                HAL_TIM_OC_DelayElapsedCallback
 .text.HAL_TIM_IC_CaptureCallback
                0x00000000080053ea       0x14 ./Drivers/STM32L4xx_HAL_Driver/Src/stm32l4xx_hal_tim.o
                0x00000000080053ea                HAL_TIM_IC_CaptureCallback
 .text.HAL_TIM_PWM_PulseFinishedCallback
                0x00000000080053fe       0x14 ./Drivers/STM32L4xx_HAL_Driver/Src/stm32l4xx_hal_tim.o
                0x00000000080053fe                HAL_TIM_PWM_PulseFinishedCallback
 .text.HAL_TIM_TriggerCallback
                0x0000000008005412       0x14 ./Drivers/STM32L4xx_HAL_Driver/Src/stm32l4xx_hal_tim.o
                0x0000000008005412                HAL_TIM_TriggerCallback
 *fill*         0x0000000008005426        0x2 
 .text.TIM_Base_SetConfig
                0x0000000008005428       0xdc ./Drivers/STM32L4xx_HAL_Driver/Src/stm32l4xx_hal_tim.o
                0x0000000008005428                TIM_Base_SetConfig
 .text.TIM_OC1_SetConfig
                0x0000000008005504       0xf8 ./Drivers/STM32L4xx_HAL_Driver/Src/stm32l4xx_hal_tim.o
 .text.TIM_OC2_SetConfig
                0x00000000080055fc       0xf4 ./Drivers/STM32L4xx_HAL_Driver/Src/stm32l4xx_hal_tim.o
                0x00000000080055fc                TIM_OC2_SetConfig
 .text.TIM_OC3_SetConfig
                0x00000000080056f0       0xf0 ./Drivers/STM32L4xx_HAL_Driver/Src/stm32l4xx_hal_tim.o
 .text.TIM_OC4_SetConfig
                0x00000000080057e0       0xbc ./Drivers/STM32L4xx_HAL_Driver/Src/stm32l4xx_hal_tim.o
 .text.TIM_OC5_SetConfig
                0x000000000800589c       0xb0 ./Drivers/STM32L4xx_HAL_Driver/Src/stm32l4xx_hal_tim.o
 .text.TIM_OC6_SetConfig
                0x000000000800594c       0xb4 ./Drivers/STM32L4xx_HAL_Driver/Src/stm32l4xx_hal_tim.o
 .text.TIM_TI1_ConfigInputStage
                0x0000000008005a00       0x5e ./Drivers/STM32L4xx_HAL_Driver/Src/stm32l4xx_hal_tim.o
 .text.TIM_TI2_ConfigInputStage
                0x0000000008005a5e       0x60 ./Drivers/STM32L4xx_HAL_Driver/Src/stm32l4xx_hal_tim.o
 .text.TIM_ITRx_SetConfig
                0x0000000008005abe       0x36 ./Drivers/STM32L4xx_HAL_Driver/Src/stm32l4xx_hal_tim.o
 .text.TIM_ETR_SetConfig
                0x0000000008005af4       0x40 ./Drivers/STM32L4xx_HAL_Driver/Src/stm32l4xx_hal_tim.o
                0x0000000008005af4                TIM_ETR_SetConfig
 .text.TIM_CCxChannelCmd
                0x0000000008005b34       0x4a ./Drivers/STM32L4xx_HAL_Driver/Src/stm32l4xx_hal_tim.o
                0x0000000008005b34                TIM_CCxChannelCmd
 *fill*         0x0000000008005b7e        0x2 
 .text.HAL_TIMEx_MasterConfigSynchronization
                0x0000000008005b80       0xdc ./Drivers/STM32L4xx_HAL_Driver/Src/stm32l4xx_hal_tim_ex.o
                0x0000000008005b80                HAL_TIMEx_MasterConfigSynchronization
 .text.HAL_TIMEx_ConfigBreakDeadTime
                0x0000000008005c5c       0xf0 ./Drivers/STM32L4xx_HAL_Driver/Src/stm32l4xx_hal_tim_ex.o
                0x0000000008005c5c                HAL_TIMEx_ConfigBreakDeadTime
 .text.HAL_TIMEx_CommutCallback
                0x0000000008005d4c       0x14 ./Drivers/STM32L4xx_HAL_Driver/Src/stm32l4xx_hal_tim_ex.o
                0x0000000008005d4c                HAL_TIMEx_CommutCallback
 .text.HAL_TIMEx_BreakCallback
                0x0000000008005d60       0x14 ./Drivers/STM32L4xx_HAL_Driver/Src/stm32l4xx_hal_tim_ex.o
                0x0000000008005d60                HAL_TIMEx_BreakCallback
 .text.HAL_TIMEx_Break2Callback
                0x0000000008005d74       0x14 ./Drivers/STM32L4xx_HAL_Driver/Src/stm32l4xx_hal_tim_ex.o
                0x0000000008005d74                HAL_TIMEx_Break2Callback
 .text.HAL_UART_Init
                0x0000000008005d88       0x9c ./Drivers/STM32L4xx_HAL_Driver/Src/stm32l4xx_hal_uart.o
                0x0000000008005d88                HAL_UART_Init
 .text.HAL_UART_Transmit
                0x0000000008005e24      0x128 ./Drivers/STM32L4xx_HAL_Driver/Src/stm32l4xx_hal_uart.o
                0x0000000008005e24                HAL_UART_Transmit
 .text.HAL_UART_Receive_IT
                0x0000000008005f4c       0xac ./Drivers/STM32L4xx_HAL_Driver/Src/stm32l4xx_hal_uart.o
                0x0000000008005f4c                HAL_UART_Receive_IT
 .text.HAL_UART_IRQHandler
                0x0000000008005ff8      0x5c4 ./Drivers/STM32L4xx_HAL_Driver/Src/stm32l4xx_hal_uart.o
                0x0000000008005ff8                HAL_UART_IRQHandler
 .text.HAL_UART_TxCpltCallback
                0x00000000080065bc       0x14 ./Drivers/STM32L4xx_HAL_Driver/Src/stm32l4xx_hal_uart.o
                0x00000000080065bc                HAL_UART_TxCpltCallback
 .text.HAL_UART_ErrorCallback
                0x00000000080065d0       0x14 ./Drivers/STM32L4xx_HAL_Driver/Src/stm32l4xx_hal_uart.o
                0x00000000080065d0                HAL_UART_ErrorCallback
 .text.HAL_UARTEx_RxEventCallback
                0x00000000080065e4       0x18 ./Drivers/STM32L4xx_HAL_Driver/Src/stm32l4xx_hal_uart.o
                0x00000000080065e4                HAL_UARTEx_RxEventCallback
 .text.UART_SetConfig
                0x00000000080065fc      0x50c ./Drivers/STM32L4xx_HAL_Driver/Src/stm32l4xx_hal_uart.o
                0x00000000080065fc                UART_SetConfig
 .text.UART_AdvFeatureConfig
                0x0000000008006b08      0x144 ./Drivers/STM32L4xx_HAL_Driver/Src/stm32l4xx_hal_uart.o
                0x0000000008006b08                UART_AdvFeatureConfig
 .text.UART_CheckIdleState
                0x0000000008006c4c       0x92 ./Drivers/STM32L4xx_HAL_Driver/Src/stm32l4xx_hal_uart.o
                0x0000000008006c4c                UART_CheckIdleState
 .text.UART_WaitOnFlagUntilTimeout
                0x0000000008006cde      0x188 ./Drivers/STM32L4xx_HAL_Driver/Src/stm32l4xx_hal_uart.o
                0x0000000008006cde                UART_WaitOnFlagUntilTimeout
 *fill*         0x0000000008006e66        0x2 
 .text.UART_Start_Receive_IT
                0x0000000008006e68      0x194 ./Drivers/STM32L4xx_HAL_Driver/Src/stm32l4xx_hal_uart.o
                0x0000000008006e68                UART_Start_Receive_IT
 .text.UART_EndRxTransfer
                0x0000000008006ffc       0xc6 ./Drivers/STM32L4xx_HAL_Driver/Src/stm32l4xx_hal_uart.o
 .text.UART_DMAAbortOnError
                0x00000000080070c2       0x2c ./Drivers/STM32L4xx_HAL_Driver/Src/stm32l4xx_hal_uart.o
 .text.UART_EndTransmit_IT
                0x00000000080070ee       0x54 ./Drivers/STM32L4xx_HAL_Driver/Src/stm32l4xx_hal_uart.o
 .text.UART_RxISR_8BIT
                0x0000000008007142      0x160 ./Drivers/STM32L4xx_HAL_Driver/Src/stm32l4xx_hal_uart.o
 .text.UART_RxISR_16BIT
                0x00000000080072a2      0x160 ./Drivers/STM32L4xx_HAL_Driver/Src/stm32l4xx_hal_uart.o
 .text.HAL_UARTEx_WakeupCallback
                0x0000000008007402       0x14 ./Drivers/STM32L4xx_HAL_Driver/Src/stm32l4xx_hal_uart_ex.o
                0x0000000008007402                HAL_UARTEx_WakeupCallback
 *fill*         0x0000000008007416        0x2 
 .text.decode_pc_command
                0x0000000008007418       0x3c ./middlewares/Src/command_decoder.o
                0x0000000008007418                decode_pc_command
 .text.decode_red_command
                0x0000000008007454       0xd0 ./middlewares/Src/command_decoder.o
                0x0000000008007454                decode_red_command
 .text.HAL_TIM_PeriodElapsedCallback
                0x0000000008007524       0x40 ./middlewares/Src/command_decoder.o
                0x0000000008007524                HAL_TIM_PeriodElapsedCallback
 .text.device_if_init
                0x0000000008007564       0x30 ./middlewares/Src/device.o
                0x0000000008007564                device_if_init
 .text.dip_switch_ports_init
                0x0000000008007594       0x32 ./middlewares/Src/dip_switch.o
                0x0000000008007594                dip_switch_ports_init
 .text.get_dip_value
                0x00000000080075c6       0x6e ./middlewares/Src/dip_switch.o
                0x00000000080075c6                get_dip_value
 .text.led_init
                0x0000000008007634       0x30 ./middlewares/Src/led.o
                0x0000000008007634                led_init
 .text.led_set  0x0000000008007664       0x2a ./middlewares/Src/led.o
                0x0000000008007664                led_set
 .text.potenciometro_init
                0x000000000800768e       0x22 ./middlewares/Src/potenciometro.o
                0x000000000800768e                potenciometro_init
 .text.potenciometro_get_value
                0x00000000080076b0       0x74 ./middlewares/Src/potenciometro.o
                0x00000000080076b0                potenciometro_get_value
 .text.trans_recep_init
                0x0000000008007724       0x30 ./middlewares/Src/transmisor_receptor_red.o
                0x0000000008007724                trans_recep_init
 .text.send     0x0000000008007754       0x4c ./middlewares/Src/transmisor_receptor_red.o
                0x0000000008007754                send
 .text.__libc_init_array
                0x00000000080077a0       0x48 c:/st/stm32cubeide_1.8.0/stm32cubeide/plugins/com.st.stm32cube.ide.mcu.externaltools.gnu-tools-for-stm32.10.3-2021.10.win32_1.0.0.202111181127/tools/bin/../lib/gcc/arm-none-eabi/10.3.1/../../../../arm-none-eabi/lib/thumb/v7e-m+fp/hard\libc_nano.a(lib_a-init.o)
                0x00000000080077a0                __libc_init_array
 .text.memcpy   0x00000000080077e8       0x1c c:/st/stm32cubeide_1.8.0/stm32cubeide/plugins/com.st.stm32cube.ide.mcu.externaltools.gnu-tools-for-stm32.10.3-2021.10.win32_1.0.0.202111181127/tools/bin/../lib/gcc/arm-none-eabi/10.3.1/../../../../arm-none-eabi/lib/thumb/v7e-m+fp/hard\libc_nano.a(lib_a-memcpy-stub.o)
                0x00000000080077e8                memcpy
 .text.memset   0x0000000008007804       0x10 c:/st/stm32cubeide_1.8.0/stm32cubeide/plugins/com.st.stm32cube.ide.mcu.externaltools.gnu-tools-for-stm32.10.3-2021.10.win32_1.0.0.202111181127/tools/bin/../lib/gcc/arm-none-eabi/10.3.1/../../../../arm-none-eabi/lib/thumb/v7e-m+fp/hard\libc_nano.a(lib_a-memset.o)
                0x0000000008007804                memset
 *(.glue_7)
 .glue_7        0x0000000008007814        0x0 linker stubs
 *(.glue_7t)
 .glue_7t       0x0000000008007814        0x0 linker stubs
 *(.eh_frame)
 .eh_frame      0x0000000008007814        0x0 c:/st/stm32cubeide_1.8.0/stm32cubeide/plugins/com.st.stm32cube.ide.mcu.externaltools.gnu-tools-for-stm32.10.3-2021.10.win32_1.0.0.202111181127/tools/bin/../lib/gcc/arm-none-eabi/10.3.1/thumb/v7e-m+fp/hard/crtbegin.o
 *(.init)
 .init          0x0000000008007814        0x4 c:/st/stm32cubeide_1.8.0/stm32cubeide/plugins/com.st.stm32cube.ide.mcu.externaltools.gnu-tools-for-stm32.10.3-2021.10.win32_1.0.0.202111181127/tools/bin/../lib/gcc/arm-none-eabi/10.3.1/thumb/v7e-m+fp/hard/crti.o
                0x0000000008007814                _init
 .init          0x0000000008007818        0x8 c:/st/stm32cubeide_1.8.0/stm32cubeide/plugins/com.st.stm32cube.ide.mcu.externaltools.gnu-tools-for-stm32.10.3-2021.10.win32_1.0.0.202111181127/tools/bin/../lib/gcc/arm-none-eabi/10.3.1/thumb/v7e-m+fp/hard/crtn.o
 *(.fini)
 .fini          0x0000000008007820        0x4 c:/st/stm32cubeide_1.8.0/stm32cubeide/plugins/com.st.stm32cube.ide.mcu.externaltools.gnu-tools-for-stm32.10.3-2021.10.win32_1.0.0.202111181127/tools/bin/../lib/gcc/arm-none-eabi/10.3.1/thumb/v7e-m+fp/hard/crti.o
                0x0000000008007820                _fini
 .fini          0x0000000008007824        0x8 c:/st/stm32cubeide_1.8.0/stm32cubeide/plugins/com.st.stm32cube.ide.mcu.externaltools.gnu-tools-for-stm32.10.3-2021.10.win32_1.0.0.202111181127/tools/bin/../lib/gcc/arm-none-eabi/10.3.1/thumb/v7e-m+fp/hard/crtn.o
                0x000000000800782c                . = ALIGN (0x4)
                0x000000000800782c                _etext = .

.vfp11_veneer   0x000000000800782c        0x0
 .vfp11_veneer  0x000000000800782c        0x0 linker stubs

.v4_bx          0x000000000800782c        0x0
 .v4_bx         0x000000000800782c        0x0 linker stubs

.iplt           0x000000000800782c        0x0
 .iplt          0x000000000800782c        0x0 c:/st/stm32cubeide_1.8.0/stm32cubeide/plugins/com.st.stm32cube.ide.mcu.externaltools.gnu-tools-for-stm32.10.3-2021.10.win32_1.0.0.202111181127/tools/bin/../lib/gcc/arm-none-eabi/10.3.1/thumb/v7e-m+fp/hard/crtbegin.o

.rodata         0x000000000800782c       0x68
                0x000000000800782c                . = ALIGN (0x4)
 *(.rodata)
 .rodata        0x000000000800782c       0x20 ./Core/Src/main.o
 *(.rodata*)
 .rodata.AHBPrescTable
                0x000000000800784c       0x10 ./Core/Src/system_stm32l4xx.o
                0x000000000800784c                AHBPrescTable
 .rodata.APBPrescTable
                0x000000000800785c        0x8 ./Core/Src/system_stm32l4xx.o
                0x000000000800785c                APBPrescTable
 .rodata.MSIRangeTable
                0x0000000008007864       0x30 ./Core/Src/system_stm32l4xx.o
                0x0000000008007864                MSIRangeTable
                0x0000000008007894                . = ALIGN (0x4)

.ARM.extab      0x0000000008007894        0x0
                0x0000000008007894                . = ALIGN (0x4)
 *(.ARM.extab* .gnu.linkonce.armextab.*)
                0x0000000008007894                . = ALIGN (0x4)

.ARM            0x0000000008007894        0x8
                0x0000000008007894                . = ALIGN (0x4)
                0x0000000008007894                __exidx_start = .
 *(.ARM.exidx*)
 .ARM.exidx     0x0000000008007894        0x8 c:/st/stm32cubeide_1.8.0/stm32cubeide/plugins/com.st.stm32cube.ide.mcu.externaltools.gnu-tools-for-stm32.10.3-2021.10.win32_1.0.0.202111181127/tools/bin/../lib/gcc/arm-none-eabi/10.3.1/thumb/v7e-m+fp/hard\libgcc.a(_udivmoddi4.o)
                0x000000000800789c                __exidx_end = .
                0x000000000800789c                . = ALIGN (0x4)

.rel.dyn        0x000000000800789c        0x0
 .rel.iplt      0x000000000800789c        0x0 c:/st/stm32cubeide_1.8.0/stm32cubeide/plugins/com.st.stm32cube.ide.mcu.externaltools.gnu-tools-for-stm32.10.3-2021.10.win32_1.0.0.202111181127/tools/bin/../lib/gcc/arm-none-eabi/10.3.1/thumb/v7e-m+fp/hard/crtbegin.o

.preinit_array  0x000000000800789c        0x0
                0x000000000800789c                . = ALIGN (0x4)
                0x000000000800789c                PROVIDE (__preinit_array_start = .)
 *(.preinit_array*)
                0x000000000800789c                PROVIDE (__preinit_array_end = .)
                0x000000000800789c                . = ALIGN (0x4)

.init_array     0x000000000800789c        0x4
                0x000000000800789c                . = ALIGN (0x4)
                0x000000000800789c                PROVIDE (__init_array_start = .)
 *(SORT_BY_NAME(.init_array.*))
 *(.init_array*)
 .init_array    0x000000000800789c        0x4 c:/st/stm32cubeide_1.8.0/stm32cubeide/plugins/com.st.stm32cube.ide.mcu.externaltools.gnu-tools-for-stm32.10.3-2021.10.win32_1.0.0.202111181127/tools/bin/../lib/gcc/arm-none-eabi/10.3.1/thumb/v7e-m+fp/hard/crtbegin.o
                0x00000000080078a0                PROVIDE (__init_array_end = .)
                0x00000000080078a0                . = ALIGN (0x4)

.fini_array     0x00000000080078a0        0x4
                0x00000000080078a0                . = ALIGN (0x4)
                [!provide]                        PROVIDE (__fini_array_start = .)
 *(SORT_BY_NAME(.fini_array.*))
 *(.fini_array*)
 .fini_array    0x00000000080078a0        0x4 c:/st/stm32cubeide_1.8.0/stm32cubeide/plugins/com.st.stm32cube.ide.mcu.externaltools.gnu-tools-for-stm32.10.3-2021.10.win32_1.0.0.202111181127/tools/bin/../lib/gcc/arm-none-eabi/10.3.1/thumb/v7e-m+fp/hard/crtbegin.o
                [!provide]                        PROVIDE (__fini_array_end = .)
                0x00000000080078a4                . = ALIGN (0x4)
                0x00000000080078a4                _sidata = LOADADDR (.data)

.data           0x0000000020000000       0x10 load address 0x00000000080078a4
                0x0000000020000000                . = ALIGN (0x4)
                0x0000000020000000                _sdata = .
 *(.data)
 *(.data*)
 .data.cont.0   0x0000000020000000        0x1 ./Core/Src/main.o
 *fill*         0x0000000020000001        0x3 
 .data.SystemCoreClock
                0x0000000020000004        0x4 ./Core/Src/system_stm32l4xx.o
                0x0000000020000004                SystemCoreClock
 .data.uwTickPrio
                0x0000000020000008        0x4 ./Drivers/STM32L4xx_HAL_Driver/Src/stm32l4xx_hal.o
                0x0000000020000008                uwTickPrio
 .data.uwTickFreq
                0x000000002000000c        0x1 ./Drivers/STM32L4xx_HAL_Driver/Src/stm32l4xx_hal.o
                0x000000002000000c                uwTickFreq
 *(.RamFunc)
 *(.RamFunc*)
                0x0000000020000010                . = ALIGN (0x4)
 *fill*         0x000000002000000d        0x3 
                0x0000000020000010                _edata = .

.igot.plt       0x0000000020000010        0x0 load address 0x00000000080078b4
 .igot.plt      0x0000000020000010        0x0 c:/st/stm32cubeide_1.8.0/stm32cubeide/plugins/com.st.stm32cube.ide.mcu.externaltools.gnu-tools-for-stm32.10.3-2021.10.win32_1.0.0.202111181127/tools/bin/../lib/gcc/arm-none-eabi/10.3.1/thumb/v7e-m+fp/hard/crtbegin.o
                0x0000000020000010                . = ALIGN (0x4)

.bss            0x0000000020000010      0x388 load address 0x00000000080078b4
                0x0000000020000010                _sbss = .
                0x0000000020000010                __bss_start__ = _sbss
 *(.bss)
 .bss           0x0000000020000010       0x1c c:/st/stm32cubeide_1.8.0/stm32cubeide/plugins/com.st.stm32cube.ide.mcu.externaltools.gnu-tools-for-stm32.10.3-2021.10.win32_1.0.0.202111181127/tools/bin/../lib/gcc/arm-none-eabi/10.3.1/thumb/v7e-m+fp/hard/crtbegin.o
 *(.bss*)
 .bss.hadc1     0x000000002000002c       0x68 ./Core/Src/adc.o
                0x000000002000002c                hadc1
 .bss.this_device
                0x0000000020000094        0x8 ./Core/Src/main.o
                0x0000000020000094                this_device
 .bss.pot       0x000000002000009c       0x6c ./Core/Src/main.o
                0x000000002000009c                pot
 .bss.t_r_red   0x0000000020000108       0x84 ./Core/Src/main.o
                0x0000000020000108                t_r_red
 .bss.device_mode
                0x000000002000018c        0x1 ./Core/Src/main.o
                0x000000002000018c                device_mode
 *fill*         0x000000002000018d        0x3 
 .bss.this_dip  0x0000000020000190       0x10 ./Core/Src/main.o
                0x0000000020000190                this_dip
 .bss.this_led  0x00000000200001a0       0x4c ./Core/Src/main.o
                0x00000000200001a0                this_led
 .bss.uart_pc   0x00000000200001ec        0x1 ./Core/Src/main.o
                0x00000000200001ec                uart_pc
 .bss.uart_red  0x00000000200001ed        0x1 ./Core/Src/main.o
                0x00000000200001ed                uart_red
 .bss.dato_1    0x00000000200001ee        0x1 ./Core/Src/main.o
                0x00000000200001ee                dato_1
 .bss.dato_2    0x00000000200001ef        0x1 ./Core/Src/main.o
                0x00000000200001ef                dato_2
 .bss.htim1     0x00000000200001f0       0x4c ./Core/Src/tim.o
                0x00000000200001f0                htim1
 .bss.htim2     0x000000002000023c       0x4c ./Core/Src/tim.o
                0x000000002000023c                htim2
 .bss.huart1    0x0000000020000288       0x84 ./Core/Src/usart.o
                0x0000000020000288                huart1
 .bss.huart2    0x000000002000030c       0x84 ./Core/Src/usart.o
                0x000000002000030c                huart2
 .bss.uwTick    0x0000000020000390        0x4 ./Drivers/STM32L4xx_HAL_Driver/Src/stm32l4xx_hal.o
                0x0000000020000390                uwTick
 .bss.cont_tim.0
                0x0000000020000394        0x1 ./middlewares/Src/command_decoder.o
 *(COMMON)
                0x0000000020000398                . = ALIGN (0x4)
 *fill*         0x0000000020000395        0x3 
                0x0000000020000398                _ebss = .
                0x0000000020000398                __bss_end__ = _ebss

._user_heap_stack
                0x0000000020000398      0x600 load address 0x00000000080078b4
                0x0000000020000398                . = ALIGN (0x8)
                [!provide]                        PROVIDE (end = .)
                0x0000000020000398                PROVIDE (_end = .)
                0x0000000020000598                . = (. + _Min_Heap_Size)
 *fill*         0x0000000020000398      0x200 
                0x0000000020000998                . = (. + _Min_Stack_Size)
 *fill*         0x0000000020000598      0x400 
                0x0000000020000998                . = ALIGN (0x8)

/DISCARD/
 libc.a(*)
 libm.a(*)
 libgcc.a(*)

.ARM.attributes
                0x0000000000000000       0x30
 *(.ARM.attributes)
 .ARM.attributes
                0x0000000000000000       0x1e c:/st/stm32cubeide_1.8.0/stm32cubeide/plugins/com.st.stm32cube.ide.mcu.externaltools.gnu-tools-for-stm32.10.3-2021.10.win32_1.0.0.202111181127/tools/bin/../lib/gcc/arm-none-eabi/10.3.1/thumb/v7e-m+fp/hard/crti.o
 .ARM.attributes
                0x000000000000001e       0x34 c:/st/stm32cubeide_1.8.0/stm32cubeide/plugins/com.st.stm32cube.ide.mcu.externaltools.gnu-tools-for-stm32.10.3-2021.10.win32_1.0.0.202111181127/tools/bin/../lib/gcc/arm-none-eabi/10.3.1/thumb/v7e-m+fp/hard/crtbegin.o
 .ARM.attributes
                0x0000000000000052       0x34 ./Core/Src/adc.o
 .ARM.attributes
                0x0000000000000086       0x34 ./Core/Src/gpio.o
 .ARM.attributes
                0x00000000000000ba       0x34 ./Core/Src/gpio_if.o
 .ARM.attributes
                0x00000000000000ee       0x34 ./Core/Src/main.o
 .ARM.attributes
                0x0000000000000122       0x34 ./Core/Src/stm32l4xx_hal_msp.o
 .ARM.attributes
                0x0000000000000156       0x34 ./Core/Src/stm32l4xx_it.o
 .ARM.attributes
                0x000000000000018a       0x34 ./Core/Src/system_stm32l4xx.o
 .ARM.attributes
                0x00000000000001be       0x34 ./Core/Src/tim.o
 .ARM.attributes
                0x00000000000001f2       0x34 ./Core/Src/usart.o
 .ARM.attributes
                0x0000000000000226       0x21 ./Core/Startup/startup_stm32l452retx.o
 .ARM.attributes
                0x0000000000000247       0x34 ./Drivers/STM32L4xx_HAL_Driver/Src/stm32l4xx_hal.o
 .ARM.attributes
                0x000000000000027b       0x34 ./Drivers/STM32L4xx_HAL_Driver/Src/stm32l4xx_hal_adc.o
 .ARM.attributes
                0x00000000000002af       0x34 ./Drivers/STM32L4xx_HAL_Driver/Src/stm32l4xx_hal_cortex.o
 .ARM.attributes
                0x00000000000002e3       0x34 ./Drivers/STM32L4xx_HAL_Driver/Src/stm32l4xx_hal_dma.o
 .ARM.attributes
                0x0000000000000317       0x34 ./Drivers/STM32L4xx_HAL_Driver/Src/stm32l4xx_hal_gpio.o
 .ARM.attributes
                0x000000000000034b       0x34 ./Drivers/STM32L4xx_HAL_Driver/Src/stm32l4xx_hal_pwr_ex.o
 .ARM.attributes
                0x000000000000037f       0x34 ./Drivers/STM32L4xx_HAL_Driver/Src/stm32l4xx_hal_rcc.o
 .ARM.attributes
                0x00000000000003b3       0x34 ./Drivers/STM32L4xx_HAL_Driver/Src/stm32l4xx_hal_rcc_ex.o
 .ARM.attributes
                0x00000000000003e7       0x34 ./Drivers/STM32L4xx_HAL_Driver/Src/stm32l4xx_hal_tim.o
 .ARM.attributes
                0x000000000000041b       0x34 ./Drivers/STM32L4xx_HAL_Driver/Src/stm32l4xx_hal_tim_ex.o
 .ARM.attributes
                0x000000000000044f       0x34 ./Drivers/STM32L4xx_HAL_Driver/Src/stm32l4xx_hal_uart.o
 .ARM.attributes
                0x0000000000000483       0x34 ./Drivers/STM32L4xx_HAL_Driver/Src/stm32l4xx_hal_uart_ex.o
 .ARM.attributes
                0x00000000000004b7       0x34 ./middlewares/Src/command_decoder.o
 .ARM.attributes
                0x00000000000004eb       0x34 ./middlewares/Src/device.o
 .ARM.attributes
                0x000000000000051f       0x34 ./middlewares/Src/dip_switch.o
 .ARM.attributes
                0x0000000000000553       0x34 ./middlewares/Src/led.o
 .ARM.attributes
                0x0000000000000587       0x34 ./middlewares/Src/potenciometro.o
 .ARM.attributes
                0x00000000000005bb       0x34 ./middlewares/Src/transmisor_receptor_red.o
 .ARM.attributes
                0x00000000000005ef       0x34 c:/st/stm32cubeide_1.8.0/stm32cubeide/plugins/com.st.stm32cube.ide.mcu.externaltools.gnu-tools-for-stm32.10.3-2021.10.win32_1.0.0.202111181127/tools/bin/../lib/gcc/arm-none-eabi/10.3.1/../../../../arm-none-eabi/lib/thumb/v7e-m+fp/hard\libc_nano.a(lib_a-init.o)
 .ARM.attributes
                0x0000000000000623       0x34 c:/st/stm32cubeide_1.8.0/stm32cubeide/plugins/com.st.stm32cube.ide.mcu.externaltools.gnu-tools-for-stm32.10.3-2021.10.win32_1.0.0.202111181127/tools/bin/../lib/gcc/arm-none-eabi/10.3.1/../../../../arm-none-eabi/lib/thumb/v7e-m+fp/hard\libc_nano.a(lib_a-memcpy-stub.o)
 .ARM.attributes
                0x0000000000000657       0x34 c:/st/stm32cubeide_1.8.0/stm32cubeide/plugins/com.st.stm32cube.ide.mcu.externaltools.gnu-tools-for-stm32.10.3-2021.10.win32_1.0.0.202111181127/tools/bin/../lib/gcc/arm-none-eabi/10.3.1/../../../../arm-none-eabi/lib/thumb/v7e-m+fp/hard\libc_nano.a(lib_a-memset.o)
 .ARM.attributes
                0x000000000000068b       0x1e c:/st/stm32cubeide_1.8.0/stm32cubeide/plugins/com.st.stm32cube.ide.mcu.externaltools.gnu-tools-for-stm32.10.3-2021.10.win32_1.0.0.202111181127/tools/bin/../lib/gcc/arm-none-eabi/10.3.1/thumb/v7e-m+fp/hard\libgcc.a(_arm_addsubdf3.o)
 .ARM.attributes
                0x00000000000006a9       0x1e c:/st/stm32cubeide_1.8.0/stm32cubeide/plugins/com.st.stm32cube.ide.mcu.externaltools.gnu-tools-for-stm32.10.3-2021.10.win32_1.0.0.202111181127/tools/bin/../lib/gcc/arm-none-eabi/10.3.1/thumb/v7e-m+fp/hard\libgcc.a(_arm_muldivdf3.o)
 .ARM.attributes
                0x00000000000006c7       0x1e c:/st/stm32cubeide_1.8.0/stm32cubeide/plugins/com.st.stm32cube.ide.mcu.externaltools.gnu-tools-for-stm32.10.3-2021.10.win32_1.0.0.202111181127/tools/bin/../lib/gcc/arm-none-eabi/10.3.1/thumb/v7e-m+fp/hard\libgcc.a(_arm_fixunsdfsi.o)
 .ARM.attributes
                0x00000000000006e5       0x1e c:/st/stm32cubeide_1.8.0/stm32cubeide/plugins/com.st.stm32cube.ide.mcu.externaltools.gnu-tools-for-stm32.10.3-2021.10.win32_1.0.0.202111181127/tools/bin/../lib/gcc/arm-none-eabi/10.3.1/thumb/v7e-m+fp/hard\libgcc.a(_aeabi_uldivmod.o)
 .ARM.attributes
                0x0000000000000703       0x34 c:/st/stm32cubeide_1.8.0/stm32cubeide/plugins/com.st.stm32cube.ide.mcu.externaltools.gnu-tools-for-stm32.10.3-2021.10.win32_1.0.0.202111181127/tools/bin/../lib/gcc/arm-none-eabi/10.3.1/thumb/v7e-m+fp/hard\libgcc.a(_udivmoddi4.o)
 .ARM.attributes
                0x0000000000000737       0x1e c:/st/stm32cubeide_1.8.0/stm32cubeide/plugins/com.st.stm32cube.ide.mcu.externaltools.gnu-tools-for-stm32.10.3-2021.10.win32_1.0.0.202111181127/tools/bin/../lib/gcc/arm-none-eabi/10.3.1/thumb/v7e-m+fp/hard\libgcc.a(_dvmd_tls.o)
 .ARM.attributes
                0x0000000000000755       0x1e c:/st/stm32cubeide_1.8.0/stm32cubeide/plugins/com.st.stm32cube.ide.mcu.externaltools.gnu-tools-for-stm32.10.3-2021.10.win32_1.0.0.202111181127/tools/bin/../lib/gcc/arm-none-eabi/10.3.1/thumb/v7e-m+fp/hard/crtn.o
OUTPUT(pwm_adc_gpio.elf elf32-littlearm)
LOAD linker stubs
LOAD c:/st/stm32cubeide_1.8.0/stm32cubeide/plugins/com.st.stm32cube.ide.mcu.externaltools.gnu-tools-for-stm32.10.3-2021.10.win32_1.0.0.202111181127/tools/bin/../lib/gcc/arm-none-eabi/10.3.1/../../../../arm-none-eabi/lib/thumb/v7e-m+fp/hard\libc.a
LOAD c:/st/stm32cubeide_1.8.0/stm32cubeide/plugins/com.st.stm32cube.ide.mcu.externaltools.gnu-tools-for-stm32.10.3-2021.10.win32_1.0.0.202111181127/tools/bin/../lib/gcc/arm-none-eabi/10.3.1/../../../../arm-none-eabi/lib/thumb/v7e-m+fp/hard\libm.a
LOAD c:/st/stm32cubeide_1.8.0/stm32cubeide/plugins/com.st.stm32cube.ide.mcu.externaltools.gnu-tools-for-stm32.10.3-2021.10.win32_1.0.0.202111181127/tools/bin/../lib/gcc/arm-none-eabi/10.3.1/thumb/v7e-m+fp/hard\libgcc.a

.debug_info     0x0000000000000000    0x18dd6
 .debug_info    0x0000000000000000      0xe06 ./Core/Src/adc.o
 .debug_info    0x0000000000000e06      0x4fd ./Core/Src/gpio.o
 .debug_info    0x0000000000001303      0x3f3 ./Core/Src/gpio_if.o
 .debug_info    0x00000000000016f6     0x1730 ./Core/Src/main.o
 .debug_info    0x0000000000002e26      0x324 ./Core/Src/stm32l4xx_hal_msp.o
 .debug_info    0x000000000000314a      0xb52 ./Core/Src/stm32l4xx_it.o
 .debug_info    0x0000000000003c9c      0x5e2 ./Core/Src/system_stm32l4xx.o
 .debug_info    0x000000000000427e     0x10e9 ./Core/Src/tim.o
 .debug_info    0x0000000000005367      0xf6e ./Core/Src/usart.o
 .debug_info    0x00000000000062d5       0x22 ./Core/Startup/startup_stm32l452retx.o
 .debug_info    0x00000000000062f7      0xbd5 ./Drivers/STM32L4xx_HAL_Driver/Src/stm32l4xx_hal.o
 .debug_info    0x0000000000006ecc     0x1dbb ./Drivers/STM32L4xx_HAL_Driver/Src/stm32l4xx_hal_adc.o
 .debug_info    0x0000000000008c87      0xdd9 ./Drivers/STM32L4xx_HAL_Driver/Src/stm32l4xx_hal_cortex.o
 .debug_info    0x0000000000009a60      0x76a ./Drivers/STM32L4xx_HAL_Driver/Src/stm32l4xx_hal_dma.o
 .debug_info    0x000000000000a1ca      0x82f ./Drivers/STM32L4xx_HAL_Driver/Src/stm32l4xx_hal_gpio.o
 .debug_info    0x000000000000a9f9      0x96b ./Drivers/STM32L4xx_HAL_Driver/Src/stm32l4xx_hal_pwr_ex.o
 .debug_info    0x000000000000b364      0xca5 ./Drivers/STM32L4xx_HAL_Driver/Src/stm32l4xx_hal_rcc.o
 .debug_info    0x000000000000c009      0xfaa ./Drivers/STM32L4xx_HAL_Driver/Src/stm32l4xx_hal_rcc_ex.o
 .debug_info    0x000000000000cfb3     0x2d04 ./Drivers/STM32L4xx_HAL_Driver/Src/stm32l4xx_hal_tim.o
 .debug_info    0x000000000000fcb7     0x17eb ./Drivers/STM32L4xx_HAL_Driver/Src/stm32l4xx_hal_tim_ex.o
 .debug_info    0x00000000000114a2     0x3d2a ./Drivers/STM32L4xx_HAL_Driver/Src/stm32l4xx_hal_uart.o
 .debug_info    0x00000000000151cc      0xe37 ./Drivers/STM32L4xx_HAL_Driver/Src/stm32l4xx_hal_uart_ex.o
 .debug_info    0x0000000000016003     0x1179 ./middlewares/Src/command_decoder.o
 .debug_info    0x000000000001717c      0x10f ./middlewares/Src/device.o
 .debug_info    0x000000000001728b      0x335 ./middlewares/Src/dip_switch.o
 .debug_info    0x00000000000175c0      0x779 ./middlewares/Src/led.o
 .debug_info    0x0000000000017d39      0x82e ./middlewares/Src/potenciometro.o
 .debug_info    0x0000000000018567      0x86f ./middlewares/Src/transmisor_receptor_red.o

.debug_abbrev   0x0000000000000000     0x34de
 .debug_abbrev  0x0000000000000000      0x1e0 ./Core/Src/adc.o
 .debug_abbrev  0x00000000000001e0      0x146 ./Core/Src/gpio.o
 .debug_abbrev  0x0000000000000326      0x194 ./Core/Src/gpio_if.o
 .debug_abbrev  0x00000000000004ba      0x28f ./Core/Src/main.o
 .debug_abbrev  0x0000000000000749       0xc2 ./Core/Src/stm32l4xx_hal_msp.o
 .debug_abbrev  0x000000000000080b      0x18b ./Core/Src/stm32l4xx_it.o
 .debug_abbrev  0x0000000000000996      0x116 ./Core/Src/system_stm32l4xx.o
 .debug_abbrev  0x0000000000000aac      0x203 ./Core/Src/tim.o
 .debug_abbrev  0x0000000000000caf      0x1f0 ./Core/Src/usart.o
 .debug_abbrev  0x0000000000000e9f       0x12 ./Core/Startup/startup_stm32l452retx.o
 .debug_abbrev  0x0000000000000eb1      0x23a ./Drivers/STM32L4xx_HAL_Driver/Src/stm32l4xx_hal.o
 .debug_abbrev  0x00000000000010eb      0x2b6 ./Drivers/STM32L4xx_HAL_Driver/Src/stm32l4xx_hal_adc.o
 .debug_abbrev  0x00000000000013a1      0x316 ./Drivers/STM32L4xx_HAL_Driver/Src/stm32l4xx_hal_cortex.o
 .debug_abbrev  0x00000000000016b7      0x1d7 ./Drivers/STM32L4xx_HAL_Driver/Src/stm32l4xx_hal_dma.o
 .debug_abbrev  0x000000000000188e      0x1bb ./Drivers/STM32L4xx_HAL_Driver/Src/stm32l4xx_hal_gpio.o
 .debug_abbrev  0x0000000000001a49      0x1f3 ./Drivers/STM32L4xx_HAL_Driver/Src/stm32l4xx_hal_pwr_ex.o
 .debug_abbrev  0x0000000000001c3c      0x2bd ./Drivers/STM32L4xx_HAL_Driver/Src/stm32l4xx_hal_rcc.o
 .debug_abbrev  0x0000000000001ef9      0x299 ./Drivers/STM32L4xx_HAL_Driver/Src/stm32l4xx_hal_rcc_ex.o
 .debug_abbrev  0x0000000000002192      0x264 ./Drivers/STM32L4xx_HAL_Driver/Src/stm32l4xx_hal_tim.o
 .debug_abbrev  0x00000000000023f6      0x26c ./Drivers/STM32L4xx_HAL_Driver/Src/stm32l4xx_hal_tim_ex.o
 .debug_abbrev  0x0000000000002662      0x2bc ./Drivers/STM32L4xx_HAL_Driver/Src/stm32l4xx_hal_uart.o
 .debug_abbrev  0x000000000000291e      0x2ab ./Drivers/STM32L4xx_HAL_Driver/Src/stm32l4xx_hal_uart_ex.o
 .debug_abbrev  0x0000000000002bc9      0x23c ./middlewares/Src/command_decoder.o
 .debug_abbrev  0x0000000000002e05       0xbf ./middlewares/Src/device.o
 .debug_abbrev  0x0000000000002ec4      0x174 ./middlewares/Src/dip_switch.o
 .debug_abbrev  0x0000000000003038      0x195 ./middlewares/Src/led.o
 .debug_abbrev  0x00000000000031cd      0x195 ./middlewares/Src/potenciometro.o
 .debug_abbrev  0x0000000000003362      0x17c ./middlewares/Src/transmisor_receptor_red.o

.debug_aranges  0x0000000000000000     0x1300
 .debug_aranges
                0x0000000000000000       0x30 ./Core/Src/adc.o
 .debug_aranges
                0x0000000000000030       0x20 ./Core/Src/gpio.o
 .debug_aranges
                0x0000000000000050       0x48 ./Core/Src/gpio_if.o
 .debug_aranges
                0x0000000000000098       0x38 ./Core/Src/main.o
 .debug_aranges
                0x00000000000000d0       0x20 ./Core/Src/stm32l4xx_hal_msp.o
 .debug_aranges
                0x00000000000000f0       0x78 ./Core/Src/stm32l4xx_it.o
 .debug_aranges
                0x0000000000000168       0x28 ./Core/Src/system_stm32l4xx.o
 .debug_aranges
                0x0000000000000190       0x40 ./Core/Src/tim.o
 .debug_aranges
                0x00000000000001d0       0x38 ./Core/Src/usart.o
 .debug_aranges
                0x0000000000000208       0x28 ./Core/Startup/startup_stm32l452retx.o
 .debug_aranges
                0x0000000000000230      0x130 ./Drivers/STM32L4xx_HAL_Driver/Src/stm32l4xx_hal.o
 .debug_aranges
                0x0000000000000360      0x218 ./Drivers/STM32L4xx_HAL_Driver/Src/stm32l4xx_hal_adc.o
 .debug_aranges
                0x0000000000000578      0x118 ./Drivers/STM32L4xx_HAL_Driver/Src/stm32l4xx_hal_cortex.o
 .debug_aranges
                0x0000000000000690       0x80 ./Drivers/STM32L4xx_HAL_Driver/Src/stm32l4xx_hal_dma.o
 .debug_aranges
                0x0000000000000710       0x58 ./Drivers/STM32L4xx_HAL_Driver/Src/stm32l4xx_hal_gpio.o
 .debug_aranges
                0x0000000000000768      0x128 ./Drivers/STM32L4xx_HAL_Driver/Src/stm32l4xx_hal_pwr_ex.o
 .debug_aranges
                0x0000000000000890       0x90 ./Drivers/STM32L4xx_HAL_Driver/Src/stm32l4xx_hal_rcc.o
 .debug_aranges
                0x0000000000000920       0xf0 ./Drivers/STM32L4xx_HAL_Driver/Src/stm32l4xx_hal_rcc_ex.o
 .debug_aranges
                0x0000000000000a10      0x3e0 ./Drivers/STM32L4xx_HAL_Driver/Src/stm32l4xx_hal_tim.o
 .debug_aranges
                0x0000000000000df0      0x180 ./Drivers/STM32L4xx_HAL_Driver/Src/stm32l4xx_hal_tim_ex.o
 .debug_aranges
                0x0000000000000f70      0x228 ./Drivers/STM32L4xx_HAL_Driver/Src/stm32l4xx_hal_uart.o
 .debug_aranges
                0x0000000000001198       0x78 ./Drivers/STM32L4xx_HAL_Driver/Src/stm32l4xx_hal_uart_ex.o
 .debug_aranges
                0x0000000000001210       0x30 ./middlewares/Src/command_decoder.o
 .debug_aranges
                0x0000000000001240       0x20 ./middlewares/Src/device.o
 .debug_aranges
                0x0000000000001260       0x28 ./middlewares/Src/dip_switch.o
 .debug_aranges
                0x0000000000001288       0x28 ./middlewares/Src/led.o
 .debug_aranges
                0x00000000000012b0       0x28 ./middlewares/Src/potenciometro.o
 .debug_aranges
                0x00000000000012d8       0x28 ./middlewares/Src/transmisor_receptor_red.o

.debug_ranges   0x0000000000000000     0x1190
 .debug_ranges  0x0000000000000000       0x20 ./Core/Src/adc.o
 .debug_ranges  0x0000000000000020       0x10 ./Core/Src/gpio.o
 .debug_ranges  0x0000000000000030       0x38 ./Core/Src/gpio_if.o
 .debug_ranges  0x0000000000000068       0x28 ./Core/Src/main.o
 .debug_ranges  0x0000000000000090       0x10 ./Core/Src/stm32l4xx_hal_msp.o
 .debug_ranges  0x00000000000000a0       0x68 ./Core/Src/stm32l4xx_it.o
 .debug_ranges  0x0000000000000108       0x18 ./Core/Src/system_stm32l4xx.o
 .debug_ranges  0x0000000000000120       0x30 ./Core/Src/tim.o
 .debug_ranges  0x0000000000000150       0x28 ./Core/Src/usart.o
 .debug_ranges  0x0000000000000178       0x20 ./Core/Startup/startup_stm32l452retx.o
 .debug_ranges  0x0000000000000198      0x120 ./Drivers/STM32L4xx_HAL_Driver/Src/stm32l4xx_hal.o
 .debug_ranges  0x00000000000002b8      0x208 ./Drivers/STM32L4xx_HAL_Driver/Src/stm32l4xx_hal_adc.o
 .debug_ranges  0x00000000000004c0      0x108 ./Drivers/STM32L4xx_HAL_Driver/Src/stm32l4xx_hal_cortex.o
 .debug_ranges  0x00000000000005c8       0x70 ./Drivers/STM32L4xx_HAL_Driver/Src/stm32l4xx_hal_dma.o
 .debug_ranges  0x0000000000000638       0x48 ./Drivers/STM32L4xx_HAL_Driver/Src/stm32l4xx_hal_gpio.o
 .debug_ranges  0x0000000000000680      0x118 ./Drivers/STM32L4xx_HAL_Driver/Src/stm32l4xx_hal_pwr_ex.o
 .debug_ranges  0x0000000000000798       0x80 ./Drivers/STM32L4xx_HAL_Driver/Src/stm32l4xx_hal_rcc.o
 .debug_ranges  0x0000000000000818       0xe0 ./Drivers/STM32L4xx_HAL_Driver/Src/stm32l4xx_hal_rcc_ex.o
 .debug_ranges  0x00000000000008f8      0x3d0 ./Drivers/STM32L4xx_HAL_Driver/Src/stm32l4xx_hal_tim.o
 .debug_ranges  0x0000000000000cc8      0x170 ./Drivers/STM32L4xx_HAL_Driver/Src/stm32l4xx_hal_tim_ex.o
 .debug_ranges  0x0000000000000e38      0x248 ./Drivers/STM32L4xx_HAL_Driver/Src/stm32l4xx_hal_uart.o
 .debug_ranges  0x0000000000001080       0x68 ./Drivers/STM32L4xx_HAL_Driver/Src/stm32l4xx_hal_uart_ex.o
 .debug_ranges  0x00000000000010e8       0x38 ./middlewares/Src/command_decoder.o
 .debug_ranges  0x0000000000001120       0x10 ./middlewares/Src/device.o
 .debug_ranges  0x0000000000001130       0x18 ./middlewares/Src/dip_switch.o
 .debug_ranges  0x0000000000001148       0x18 ./middlewares/Src/led.o
 .debug_ranges  0x0000000000001160       0x18 ./middlewares/Src/potenciometro.o
 .debug_ranges  0x0000000000001178       0x18 ./middlewares/Src/transmisor_receptor_red.o

.debug_macro    0x0000000000000000    0x261c6
 .debug_macro   0x0000000000000000      0x215 ./Core/Src/adc.o
 .debug_macro   0x0000000000000215      0xa78 ./Core/Src/adc.o
 .debug_macro   0x0000000000000c8d      0x1b3 ./Core/Src/adc.o
 .debug_macro   0x0000000000000e40       0x2e ./Core/Src/adc.o
 .debug_macro   0x0000000000000e6e       0x28 ./Core/Src/adc.o
 .debug_macro   0x0000000000000e96       0x22 ./Core/Src/adc.o
 .debug_macro   0x0000000000000eb8       0x8e ./Core/Src/adc.o
 .debug_macro   0x0000000000000f46       0x51 ./Core/Src/adc.o
 .debug_macro   0x0000000000000f97      0x103 ./Core/Src/adc.o
 .debug_macro   0x000000000000109a       0x6a ./Core/Src/adc.o
 .debug_macro   0x0000000000001104      0x1df ./Core/Src/adc.o
 .debug_macro   0x00000000000012e3       0x1c ./Core/Src/adc.o
 .debug_macro   0x00000000000012ff       0x22 ./Core/Src/adc.o
 .debug_macro   0x0000000000001321       0xfb ./Core/Src/adc.o
 .debug_macro   0x000000000000141c     0x1011 ./Core/Src/adc.o
 .debug_macro   0x000000000000242d      0x11f ./Core/Src/adc.o
 .debug_macro   0x000000000000254c    0x16336 ./Core/Src/adc.o
 .debug_macro   0x0000000000018882       0x6d ./Core/Src/adc.o
 .debug_macro   0x00000000000188ef     0x38e6 ./Core/Src/adc.o
 .debug_macro   0x000000000001c1d5      0x174 ./Core/Src/adc.o
 .debug_macro   0x000000000001c349       0x5c ./Core/Src/adc.o
 .debug_macro   0x000000000001c3a5     0x13fa ./Core/Src/adc.o
 .debug_macro   0x000000000001d79f      0x646 ./Core/Src/adc.o
 .debug_macro   0x000000000001dde5      0x1b9 ./Core/Src/adc.o
 .debug_macro   0x000000000001df9e      0x168 ./Core/Src/adc.o
 .debug_macro   0x000000000001e106      0x26b ./Core/Src/adc.o
 .debug_macro   0x000000000001e371      0x23d ./Core/Src/adc.o
 .debug_macro   0x000000000001e5ae      0xdfb ./Core/Src/adc.o
 .debug_macro   0x000000000001f3a9      0x624 ./Core/Src/adc.o
 .debug_macro   0x000000000001f9cd      0x24f ./Core/Src/adc.o
 .debug_macro   0x000000000001fc1c      0x241 ./Core/Src/adc.o
 .debug_macro   0x000000000001fe5d      0x375 ./Core/Src/adc.o
 .debug_macro   0x00000000000201d2       0xd6 ./Core/Src/adc.o
 .debug_macro   0x00000000000202a8      0x22c ./Core/Src/adc.o
 .debug_macro   0x00000000000204d4       0x61 ./Core/Src/adc.o
 .debug_macro   0x0000000000020535       0xa5 ./Core/Src/adc.o
 .debug_macro   0x00000000000205da      0x122 ./Core/Src/adc.o
 .debug_macro   0x00000000000206fc      0x364 ./Core/Src/adc.o
 .debug_macro   0x0000000000020a60      0xa91 ./Core/Src/adc.o
 .debug_macro   0x00000000000214f1      0x150 ./Core/Src/adc.o
 .debug_macro   0x0000000000021641      0x5ba ./Core/Src/adc.o
 .debug_macro   0x0000000000021bfb       0x44 ./Core/Src/adc.o
 .debug_macro   0x0000000000021c3f      0x2eb ./Core/Src/adc.o
 .debug_macro   0x0000000000021f2a       0x7c ./Core/Src/adc.o
 .debug_macro   0x0000000000021fa6      0x215 ./Core/Src/gpio.o
 .debug_macro   0x00000000000221bb      0x2ee ./Core/Src/gpio_if.o
 .debug_macro   0x00000000000224a9       0x1e ./Core/Src/gpio_if.o
 .debug_macro   0x00000000000224c7       0x4c ./Core/Src/gpio_if.o
 .debug_macro   0x0000000000022513       0x94 ./Core/Src/gpio_if.o
 .debug_macro   0x00000000000225a7       0x3c ./Core/Src/gpio_if.o
 .debug_macro   0x00000000000225e3       0x34 ./Core/Src/gpio_if.o
 .debug_macro   0x0000000000022617       0x16 ./Core/Src/gpio_if.o
 .debug_macro   0x000000000002262d      0x10e ./Core/Src/gpio_if.o
 .debug_macro   0x000000000002273b       0x8d ./Core/Src/gpio_if.o
 .debug_macro   0x00000000000227c8       0x16 ./Core/Src/gpio_if.o
 .debug_macro   0x00000000000227de       0x43 ./Core/Src/gpio_if.o
 .debug_macro   0x0000000000022821       0x57 ./Core/Src/gpio_if.o
 .debug_macro   0x0000000000022878       0x34 ./Core/Src/gpio_if.o
 .debug_macro   0x00000000000228ac       0x10 ./Core/Src/gpio_if.o
 .debug_macro   0x00000000000228bc       0x58 ./Core/Src/gpio_if.o
 .debug_macro   0x0000000000022914       0x71 ./Core/Src/gpio_if.o
 .debug_macro   0x0000000000022985       0x1c ./Core/Src/gpio_if.o
 .debug_macro   0x00000000000229a1      0x12a ./Core/Src/gpio_if.o
 .debug_macro   0x0000000000022acb      0x341 ./Core/Src/gpio_if.o
 .debug_macro   0x0000000000022e0c       0x16 ./Core/Src/gpio_if.o
 .debug_macro   0x0000000000022e22       0x29 ./Core/Src/gpio_if.o
 .debug_macro   0x0000000000022e4b       0x22 ./Core/Src/gpio_if.o
 .debug_macro   0x0000000000022e6d       0x56 ./Core/Src/gpio_if.o
 .debug_macro   0x0000000000022ec3      0x28e ./Core/Src/main.o
 .debug_macro   0x0000000000023151      0x20b ./Core/Src/stm32l4xx_hal_msp.o
 .debug_macro   0x000000000002335c      0x215 ./Core/Src/stm32l4xx_it.o
 .debug_macro   0x0000000000023571      0x1fc ./Core/Src/system_stm32l4xx.o
 .debug_macro   0x000000000002376d      0x215 ./Core/Src/tim.o
 .debug_macro   0x0000000000023982      0x215 ./Core/Src/usart.o
 .debug_macro   0x0000000000023b97      0x24a ./Drivers/STM32L4xx_HAL_Driver/Src/stm32l4xx_hal.o
 .debug_macro   0x0000000000023de1      0x219 ./Drivers/STM32L4xx_HAL_Driver/Src/stm32l4xx_hal_adc.o
 .debug_macro   0x0000000000023ffa      0x1fc ./Drivers/STM32L4xx_HAL_Driver/Src/stm32l4xx_hal_cortex.o
 .debug_macro   0x00000000000241f6      0x1fc ./Drivers/STM32L4xx_HAL_Driver/Src/stm32l4xx_hal_dma.o
 .debug_macro   0x00000000000243f2      0x203 ./Drivers/STM32L4xx_HAL_Driver/Src/stm32l4xx_hal_gpio.o
 .debug_macro   0x00000000000245f5      0x220 ./Drivers/STM32L4xx_HAL_Driver/Src/stm32l4xx_hal_pwr_ex.o
 .debug_macro   0x0000000000024815      0x23e ./Drivers/STM32L4xx_HAL_Driver/Src/stm32l4xx_hal_rcc.o
 .debug_macro   0x0000000000024a53      0x232 ./Drivers/STM32L4xx_HAL_Driver/Src/stm32l4xx_hal_rcc_ex.o
 .debug_macro   0x0000000000024c85      0x1fd ./Drivers/STM32L4xx_HAL_Driver/Src/stm32l4xx_hal_tim.o
 .debug_macro   0x0000000000024e82      0x1fc ./Drivers/STM32L4xx_HAL_Driver/Src/stm32l4xx_hal_tim_ex.o
 .debug_macro   0x000000000002507e      0x227 ./Drivers/STM32L4xx_HAL_Driver/Src/stm32l4xx_hal_uart.o
 .debug_macro   0x00000000000252a5      0x1fc ./Drivers/STM32L4xx_HAL_Driver/Src/stm32l4xx_hal_uart_ex.o
 .debug_macro   0x00000000000254a1      0x337 ./middlewares/Src/command_decoder.o
 .debug_macro   0x00000000000257d8       0x52 ./middlewares/Src/command_decoder.o
 .debug_macro   0x000000000002582a      0x10d ./middlewares/Src/device.o
 .debug_macro   0x0000000000025937      0x232 ./middlewares/Src/dip_switch.o
 .debug_macro   0x0000000000025b69      0x21f ./middlewares/Src/led.o
 .debug_macro   0x0000000000025d88      0x21f ./middlewares/Src/potenciometro.o
 .debug_macro   0x0000000000025fa7      0x21f ./middlewares/Src/transmisor_receptor_red.o

.debug_line     0x0000000000000000    0x18a0e
 .debug_line    0x0000000000000000      0x7e1 ./Core/Src/adc.o
 .debug_line    0x00000000000007e1      0x75e ./Core/Src/gpio.o
 .debug_line    0x0000000000000f3f      0x99e ./Core/Src/gpio_if.o
 .debug_line    0x00000000000018dd      0x92c ./Core/Src/main.o
 .debug_line    0x0000000000002209      0x730 ./Core/Src/stm32l4xx_hal_msp.o
 .debug_line    0x0000000000002939      0x83b ./Core/Src/stm32l4xx_it.o
 .debug_line    0x0000000000003174      0x7c8 ./Core/Src/system_stm32l4xx.o
 .debug_line    0x000000000000393c      0x8b9 ./Core/Src/tim.o
 .debug_line    0x00000000000041f5      0x835 ./Core/Src/usart.o
 .debug_line    0x0000000000004a2a       0x88 ./Core/Startup/startup_stm32l452retx.o
 .debug_line    0x0000000000004ab2      0xb21 ./Drivers/STM32L4xx_HAL_Driver/Src/stm32l4xx_hal.o
 .debug_line    0x00000000000055d3     0x1c46 ./Drivers/STM32L4xx_HAL_Driver/Src/stm32l4xx_hal_adc.o
 .debug_line    0x0000000000007219      0xcc7 ./Drivers/STM32L4xx_HAL_Driver/Src/stm32l4xx_hal_cortex.o
 .debug_line    0x0000000000007ee0      0xcff ./Drivers/STM32L4xx_HAL_Driver/Src/stm32l4xx_hal_dma.o
 .debug_line    0x0000000000008bdf      0xb40 ./Drivers/STM32L4xx_HAL_Driver/Src/stm32l4xx_hal_gpio.o
 .debug_line    0x000000000000971f      0xc33 ./Drivers/STM32L4xx_HAL_Driver/Src/stm32l4xx_hal_pwr_ex.o
 .debug_line    0x000000000000a352      0xfd8 ./Drivers/STM32L4xx_HAL_Driver/Src/stm32l4xx_hal_rcc.o
 .debug_line    0x000000000000b32a     0x1411 ./Drivers/STM32L4xx_HAL_Driver/Src/stm32l4xx_hal_rcc_ex.o
 .debug_line    0x000000000000c73b     0x3bac ./Drivers/STM32L4xx_HAL_Driver/Src/stm32l4xx_hal_tim.o
 .debug_line    0x00000000000102e7     0x1b7d ./Drivers/STM32L4xx_HAL_Driver/Src/stm32l4xx_hal_tim_ex.o
 .debug_line    0x0000000000011e64     0x327a ./Drivers/STM32L4xx_HAL_Driver/Src/stm32l4xx_hal_uart.o
 .debug_line    0x00000000000150de      0xc69 ./Drivers/STM32L4xx_HAL_Driver/Src/stm32l4xx_hal_uart_ex.o
 .debug_line    0x0000000000015d47      0x9b7 ./middlewares/Src/command_decoder.o
 .debug_line    0x00000000000166fe      0x4d1 ./middlewares/Src/device.o
 .debug_line    0x0000000000016bcf      0x7b7 ./middlewares/Src/dip_switch.o
 .debug_line    0x0000000000017386      0x767 ./middlewares/Src/led.o
 .debug_line    0x0000000000017aed      0x78d ./middlewares/Src/potenciometro.o
 .debug_line    0x000000000001827a      0x794 ./middlewares/Src/transmisor_receptor_red.o

.debug_str      0x0000000000000000    0xe9d0a
 .debug_str     0x0000000000000000    0xe17bb ./Core/Src/adc.o
                                      0xe1d52 (size before relaxing)
 .debug_str     0x00000000000e17bb       0x68 ./Core/Src/gpio.o
                                      0xe1614 (size before relaxing)
 .debug_str     0x00000000000e1823     0x3014 ./Core/Src/gpio_if.o
                                      0xe448b (size before relaxing)
 .debug_str     0x00000000000e4837      0x96b ./Core/Src/main.o
                                      0xe2489 (size before relaxing)
 .debug_str     0x00000000000e51a2       0x2c ./Core/Src/stm32l4xx_hal_msp.o
                                      0xe1549 (size before relaxing)
 .debug_str     0x00000000000e51ce      0x124 ./Core/Src/stm32l4xx_it.o
                                      0xe1c48 (size before relaxing)
 .debug_str     0x00000000000e52f2       0xf2 ./Core/Src/system_stm32l4xx.o
                                      0xe1477 (size before relaxing)
 .debug_str     0x00000000000e53e4      0x6fe ./Core/Src/tim.o
                                      0xe22cd (size before relaxing)
 .debug_str     0x00000000000e5ae2       0x51 ./Core/Src/usart.o
                                      0xe212f (size before relaxing)
 .debug_str     0x00000000000e5b33       0x36 ./Core/Startup/startup_stm32l452retx.o
                                         0x78 (size before relaxing)
 .debug_str     0x00000000000e5b69      0x681 ./Drivers/STM32L4xx_HAL_Driver/Src/stm32l4xx_hal.o
                                      0xe1fb7 (size before relaxing)
 .debug_str     0x00000000000e61ea      0xa6a ./Drivers/STM32L4xx_HAL_Driver/Src/stm32l4xx_hal_adc.o
                                      0xe22b3 (size before relaxing)
 .debug_str     0x00000000000e6c54      0x31d ./Drivers/STM32L4xx_HAL_Driver/Src/stm32l4xx_hal_cortex.o
                                      0xe1c15 (size before relaxing)
 .debug_str     0x00000000000e6f71      0x234 ./Drivers/STM32L4xx_HAL_Driver/Src/stm32l4xx_hal_dma.o
                                      0xe16d7 (size before relaxing)
 .debug_str     0x00000000000e71a5       0xff ./Drivers/STM32L4xx_HAL_Driver/Src/stm32l4xx_hal_gpio.o
                                      0xe15eb (size before relaxing)
 .debug_str     0x00000000000e72a4      0x43e ./Drivers/STM32L4xx_HAL_Driver/Src/stm32l4xx_hal_pwr_ex.o
                                      0xe1918 (size before relaxing)
 .debug_str     0x00000000000e76e2      0x345 ./Drivers/STM32L4xx_HAL_Driver/Src/stm32l4xx_hal_rcc.o
                                      0xe1a77 (size before relaxing)
 .debug_str     0x00000000000e7a27      0x540 ./Drivers/STM32L4xx_HAL_Driver/Src/stm32l4xx_hal_rcc_ex.o
                                      0xe1d3b (size before relaxing)
 .debug_str     0x00000000000e7f67      0xd42 ./Drivers/STM32L4xx_HAL_Driver/Src/stm32l4xx_hal_tim.o
                                      0xe279d (size before relaxing)
 .debug_str     0x00000000000e8ca9      0x4a5 ./Drivers/STM32L4xx_HAL_Driver/Src/stm32l4xx_hal_tim_ex.o
                                      0xe20c1 (size before relaxing)
 .debug_str     0x00000000000e914e      0x85e ./Drivers/STM32L4xx_HAL_Driver/Src/stm32l4xx_hal_uart.o
                                      0xe21a7 (size before relaxing)
 .debug_str     0x00000000000e99ac      0x1dd ./Drivers/STM32L4xx_HAL_Driver/Src/stm32l4xx_hal_uart_ex.o
                                      0xe19af (size before relaxing)
 .debug_str     0x00000000000e9b89       0xaf ./middlewares/Src/command_decoder.o
                                      0xe4eda (size before relaxing)
 .debug_str     0x00000000000e9c38       0x2d ./middlewares/Src/device.o
                                       0x62f0 (size before relaxing)
 .debug_str     0x00000000000e9c65       0x3c ./middlewares/Src/dip_switch.o
                                      0xe158f (size before relaxing)
 .debug_str     0x00000000000e9ca1       0x19 ./middlewares/Src/led.o
                                      0xe196c (size before relaxing)
 .debug_str     0x00000000000e9cba       0x23 ./middlewares/Src/potenciometro.o
                                      0xe1987 (size before relaxing)
 .debug_str     0x00000000000e9cdd       0x2d ./middlewares/Src/transmisor_receptor_red.o
                                      0xe195e (size before relaxing)

.comment        0x0000000000000000       0x50
 .comment       0x0000000000000000       0x50 ./Core/Src/adc.o
                                         0x51 (size before relaxing)
 .comment       0x0000000000000050       0x51 ./Core/Src/gpio.o
 .comment       0x0000000000000050       0x51 ./Core/Src/gpio_if.o
 .comment       0x0000000000000050       0x51 ./Core/Src/main.o
 .comment       0x0000000000000050       0x51 ./Core/Src/stm32l4xx_hal_msp.o
 .comment       0x0000000000000050       0x51 ./Core/Src/stm32l4xx_it.o
 .comment       0x0000000000000050       0x51 ./Core/Src/system_stm32l4xx.o
 .comment       0x0000000000000050       0x51 ./Core/Src/tim.o
 .comment       0x0000000000000050       0x51 ./Core/Src/usart.o
 .comment       0x0000000000000050       0x51 ./Drivers/STM32L4xx_HAL_Driver/Src/stm32l4xx_hal.o
 .comment       0x0000000000000050       0x51 ./Drivers/STM32L4xx_HAL_Driver/Src/stm32l4xx_hal_adc.o
 .comment       0x0000000000000050       0x51 ./Drivers/STM32L4xx_HAL_Driver/Src/stm32l4xx_hal_cortex.o
 .comment       0x0000000000000050       0x51 ./Drivers/STM32L4xx_HAL_Driver/Src/stm32l4xx_hal_dma.o
 .comment       0x0000000000000050       0x51 ./Drivers/STM32L4xx_HAL_Driver/Src/stm32l4xx_hal_gpio.o
 .comment       0x0000000000000050       0x51 ./Drivers/STM32L4xx_HAL_Driver/Src/stm32l4xx_hal_pwr_ex.o
 .comment       0x0000000000000050       0x51 ./Drivers/STM32L4xx_HAL_Driver/Src/stm32l4xx_hal_rcc.o
 .comment       0x0000000000000050       0x51 ./Drivers/STM32L4xx_HAL_Driver/Src/stm32l4xx_hal_rcc_ex.o
 .comment       0x0000000000000050       0x51 ./Drivers/STM32L4xx_HAL_Driver/Src/stm32l4xx_hal_tim.o
 .comment       0x0000000000000050       0x51 ./Drivers/STM32L4xx_HAL_Driver/Src/stm32l4xx_hal_tim_ex.o
 .comment       0x0000000000000050       0x51 ./Drivers/STM32L4xx_HAL_Driver/Src/stm32l4xx_hal_uart.o
 .comment       0x0000000000000050       0x51 ./Drivers/STM32L4xx_HAL_Driver/Src/stm32l4xx_hal_uart_ex.o
 .comment       0x0000000000000050       0x51 ./middlewares/Src/command_decoder.o
 .comment       0x0000000000000050       0x51 ./middlewares/Src/device.o
 .comment       0x0000000000000050       0x51 ./middlewares/Src/dip_switch.o
 .comment       0x0000000000000050       0x51 ./middlewares/Src/led.o
 .comment       0x0000000000000050       0x51 ./middlewares/Src/potenciometro.o
 .comment       0x0000000000000050       0x51 ./middlewares/Src/transmisor_receptor_red.o

.debug_frame    0x0000000000000000     0x4f08
 .debug_frame   0x0000000000000000       0x80 ./Core/Src/adc.o
 .debug_frame   0x0000000000000080       0x34 ./Core/Src/gpio.o
 .debug_frame   0x00000000000000b4       0xec ./Core/Src/gpio_if.o
 .debug_frame   0x00000000000001a0       0x90 ./Core/Src/main.o
 .debug_frame   0x0000000000000230       0x38 ./Core/Src/stm32l4xx_hal_msp.o
 .debug_frame   0x0000000000000268      0x158 ./Core/Src/stm32l4xx_it.o
 .debug_frame   0x00000000000003c0       0x58 ./Core/Src/system_stm32l4xx.o
 .debug_frame   0x0000000000000418       0xc4 ./Core/Src/tim.o
 .debug_frame   0x00000000000004dc       0x94 ./Core/Src/usart.o
 .debug_frame   0x0000000000000570      0x498 ./Drivers/STM32L4xx_HAL_Driver/Src/stm32l4xx_hal.o
 .debug_frame   0x0000000000000a08      0x9d8 ./Drivers/STM32L4xx_HAL_Driver/Src/stm32l4xx_hal_adc.o
 .debug_frame   0x00000000000013e0      0x498 ./Drivers/STM32L4xx_HAL_Driver/Src/stm32l4xx_hal_cortex.o
 .debug_frame   0x0000000000001878      0x204 ./Drivers/STM32L4xx_HAL_Driver/Src/stm32l4xx_hal_dma.o
 .debug_frame   0x0000000000001a7c      0x14c ./Drivers/STM32L4xx_HAL_Driver/Src/stm32l4xx_hal_gpio.o
 .debug_frame   0x0000000000001bc8      0x4a4 ./Drivers/STM32L4xx_HAL_Driver/Src/stm32l4xx_hal_pwr_ex.o
 .debug_frame   0x000000000000206c      0x21c ./Drivers/STM32L4xx_HAL_Driver/Src/stm32l4xx_hal_rcc.o
 .debug_frame   0x0000000000002288      0x3d0 ./Drivers/STM32L4xx_HAL_Driver/Src/stm32l4xx_hal_rcc_ex.o
 .debug_frame   0x0000000000002658     0x121c ./Drivers/STM32L4xx_HAL_Driver/Src/stm32l4xx_hal_tim.o
 .debug_frame   0x0000000000003874      0x6b0 ./Drivers/STM32L4xx_HAL_Driver/Src/stm32l4xx_hal_tim_ex.o
 .debug_frame   0x0000000000003f24      0x9f4 ./Drivers/STM32L4xx_HAL_Driver/Src/stm32l4xx_hal_uart.o
 .debug_frame   0x0000000000004918      0x1e0 ./Drivers/STM32L4xx_HAL_Driver/Src/stm32l4xx_hal_uart_ex.o
 .debug_frame   0x0000000000004af8       0x7c ./middlewares/Src/command_decoder.o
 .debug_frame   0x0000000000004b74       0x38 ./middlewares/Src/device.o
 .debug_frame   0x0000000000004bac       0x5c ./middlewares/Src/dip_switch.o
 .debug_frame   0x0000000000004c08       0x5c ./middlewares/Src/led.o
 .debug_frame   0x0000000000004c64       0x58 ./middlewares/Src/potenciometro.o
 .debug_frame   0x0000000000004cbc       0x58 ./middlewares/Src/transmisor_receptor_red.o
 .debug_frame   0x0000000000004d14       0x2c c:/st/stm32cubeide_1.8.0/stm32cubeide/plugins/com.st.stm32cube.ide.mcu.externaltools.gnu-tools-for-stm32.10.3-2021.10.win32_1.0.0.202111181127/tools/bin/../lib/gcc/arm-none-eabi/10.3.1/../../../../arm-none-eabi/lib/thumb/v7e-m+fp/hard\libc_nano.a(lib_a-init.o)
 .debug_frame   0x0000000000004d40       0x28 c:/st/stm32cubeide_1.8.0/stm32cubeide/plugins/com.st.stm32cube.ide.mcu.externaltools.gnu-tools-for-stm32.10.3-2021.10.win32_1.0.0.202111181127/tools/bin/../lib/gcc/arm-none-eabi/10.3.1/../../../../arm-none-eabi/lib/thumb/v7e-m+fp/hard\libc_nano.a(lib_a-memcpy-stub.o)
 .debug_frame   0x0000000000004d68       0x20 c:/st/stm32cubeide_1.8.0/stm32cubeide/plugins/com.st.stm32cube.ide.mcu.externaltools.gnu-tools-for-stm32.10.3-2021.10.win32_1.0.0.202111181127/tools/bin/../lib/gcc/arm-none-eabi/10.3.1/../../../../arm-none-eabi/lib/thumb/v7e-m+fp/hard\libc_nano.a(lib_a-memset.o)
 .debug_frame   0x0000000000004d88       0xac c:/st/stm32cubeide_1.8.0/stm32cubeide/plugins/com.st.stm32cube.ide.mcu.externaltools.gnu-tools-for-stm32.10.3-2021.10.win32_1.0.0.202111181127/tools/bin/../lib/gcc/arm-none-eabi/10.3.1/thumb/v7e-m+fp/hard\libgcc.a(_arm_addsubdf3.o)
 .debug_frame   0x0000000000004e34       0x50 c:/st/stm32cubeide_1.8.0/stm32cubeide/plugins/com.st.stm32cube.ide.mcu.externaltools.gnu-tools-for-stm32.10.3-2021.10.win32_1.0.0.202111181127/tools/bin/../lib/gcc/arm-none-eabi/10.3.1/thumb/v7e-m+fp/hard\libgcc.a(_arm_muldivdf3.o)
 .debug_frame   0x0000000000004e84       0x24 c:/st/stm32cubeide_1.8.0/stm32cubeide/plugins/com.st.stm32cube.ide.mcu.externaltools.gnu-tools-for-stm32.10.3-2021.10.win32_1.0.0.202111181127/tools/bin/../lib/gcc/arm-none-eabi/10.3.1/thumb/v7e-m+fp/hard\libgcc.a(_arm_fixunsdfsi.o)
 .debug_frame   0x0000000000004ea8       0x2c c:/st/stm32cubeide_1.8.0/stm32cubeide/plugins/com.st.stm32cube.ide.mcu.externaltools.gnu-tools-for-stm32.10.3-2021.10.win32_1.0.0.202111181127/tools/bin/../lib/gcc/arm-none-eabi/10.3.1/thumb/v7e-m+fp/hard\libgcc.a(_aeabi_uldivmod.o)
 .debug_frame   0x0000000000004ed4       0x34 c:/st/stm32cubeide_1.8.0/stm32cubeide/plugins/com.st.stm32cube.ide.mcu.externaltools.gnu-tools-for-stm32.10.3-2021.10.win32_1.0.0.202111181127/tools/bin/../lib/gcc/arm-none-eabi/10.3.1/thumb/v7e-m+fp/hard\libgcc.a(_udivmoddi4.o)
