Archive member included to satisfy reference by file (symbol)

c:/st/stm32cubeide_1.8.0/stm32cubeide/plugins/com.st.stm32cube.ide.mcu.externaltools.gnu-tools-for-stm32.10.3-2021.10.win32_1.0.0.202111181127/tools/bin/../lib/gcc/arm-none-eabi/10.3.1/../../../../arm-none-eabi/lib/thumb/v7e-m+fp/hard\libc_nano.a(lib_a-errno.o)
                              ./Core/Src/syscalls.o (__errno)
c:/st/stm32cubeide_1.8.0/stm32cubeide/plugins/com.st.stm32cube.ide.mcu.externaltools.gnu-tools-for-stm32.10.3-2021.10.win32_1.0.0.202111181127/tools/bin/../lib/gcc/arm-none-eabi/10.3.1/../../../../arm-none-eabi/lib/thumb/v7e-m+fp/hard\libc_nano.a(lib_a-exit.o)
                              c:/st/stm32cubeide_1.8.0/stm32cubeide/plugins/com.st.stm32cube.ide.mcu.externaltools.gnu-tools-for-stm32.10.3-2021.10.win32_1.0.0.202111181127/tools/bin/../lib/gcc/arm-none-eabi/10.3.1/../../../../arm-none-eabi/lib/thumb/v7e-m+fp/hard/crt0.o (exit)
c:/st/stm32cubeide_1.8.0/stm32cubeide/plugins/com.st.stm32cube.ide.mcu.externaltools.gnu-tools-for-stm32.10.3-2021.10.win32_1.0.0.202111181127/tools/bin/../lib/gcc/arm-none-eabi/10.3.1/../../../../arm-none-eabi/lib/thumb/v7e-m+fp/hard\libc_nano.a(lib_a-impure.o)
                              c:/st/stm32cubeide_1.8.0/stm32cubeide/plugins/com.st.stm32cube.ide.mcu.externaltools.gnu-tools-for-stm32.10.3-2021.10.win32_1.0.0.202111181127/tools/bin/../lib/gcc/arm-none-eabi/10.3.1/../../../../arm-none-eabi/lib/thumb/v7e-m+fp/hard\libc_nano.a(lib_a-exit.o) (_global_impure_ptr)
c:/st/stm32cubeide_1.8.0/stm32cubeide/plugins/com.st.stm32cube.ide.mcu.externaltools.gnu-tools-for-stm32.10.3-2021.10.win32_1.0.0.202111181127/tools/bin/../lib/gcc/arm-none-eabi/10.3.1/../../../../arm-none-eabi/lib/thumb/v7e-m+fp/hard\libc_nano.a(lib_a-init.o)
                              c:/st/stm32cubeide_1.8.0/stm32cubeide/plugins/com.st.stm32cube.ide.mcu.externaltools.gnu-tools-for-stm32.10.3-2021.10.win32_1.0.0.202111181127/tools/bin/../lib/gcc/arm-none-eabi/10.3.1/../../../../arm-none-eabi/lib/thumb/v7e-m+fp/hard/crt0.o (__libc_init_array)
c:/st/stm32cubeide_1.8.0/stm32cubeide/plugins/com.st.stm32cube.ide.mcu.externaltools.gnu-tools-for-stm32.10.3-2021.10.win32_1.0.0.202111181127/tools/bin/../lib/gcc/arm-none-eabi/10.3.1/../../../../arm-none-eabi/lib/thumb/v7e-m+fp/hard\libc_nano.a(lib_a-memset.o)
                              c:/st/stm32cubeide_1.8.0/stm32cubeide/plugins/com.st.stm32cube.ide.mcu.externaltools.gnu-tools-for-stm32.10.3-2021.10.win32_1.0.0.202111181127/tools/bin/../lib/gcc/arm-none-eabi/10.3.1/../../../../arm-none-eabi/lib/thumb/v7e-m+fp/hard/crt0.o (memset)
c:/st/stm32cubeide_1.8.0/stm32cubeide/plugins/com.st.stm32cube.ide.mcu.externaltools.gnu-tools-for-stm32.10.3-2021.10.win32_1.0.0.202111181127/tools/bin/../lib/gcc/arm-none-eabi/10.3.1/thumb/v7e-m+fp/hard\libgcc.a(_aeabi_uldivmod.o)
                              ./Drivers/STM32L4xx_HAL_Driver/Src/stm32l4xx_hal_uart.o (__aeabi_uldivmod)
c:/st/stm32cubeide_1.8.0/stm32cubeide/plugins/com.st.stm32cube.ide.mcu.externaltools.gnu-tools-for-stm32.10.3-2021.10.win32_1.0.0.202111181127/tools/bin/../lib/gcc/arm-none-eabi/10.3.1/thumb/v7e-m+fp/hard\libgcc.a(_udivmoddi4.o)
                              c:/st/stm32cubeide_1.8.0/stm32cubeide/plugins/com.st.stm32cube.ide.mcu.externaltools.gnu-tools-for-stm32.10.3-2021.10.win32_1.0.0.202111181127/tools/bin/../lib/gcc/arm-none-eabi/10.3.1/thumb/v7e-m+fp/hard\libgcc.a(_aeabi_uldivmod.o) (__udivmoddi4)
c:/st/stm32cubeide_1.8.0/stm32cubeide/plugins/com.st.stm32cube.ide.mcu.externaltools.gnu-tools-for-stm32.10.3-2021.10.win32_1.0.0.202111181127/tools/bin/../lib/gcc/arm-none-eabi/10.3.1/thumb/v7e-m+fp/hard\libgcc.a(_dvmd_tls.o)
                              c:/st/stm32cubeide_1.8.0/stm32cubeide/plugins/com.st.stm32cube.ide.mcu.externaltools.gnu-tools-for-stm32.10.3-2021.10.win32_1.0.0.202111181127/tools/bin/../lib/gcc/arm-none-eabi/10.3.1/thumb/v7e-m+fp/hard\libgcc.a(_aeabi_uldivmod.o) (__aeabi_ldiv0)

Discarded input sections

 .text          0x0000000000000000        0x0 c:/st/stm32cubeide_1.8.0/stm32cubeide/plugins/com.st.stm32cube.ide.mcu.externaltools.gnu-tools-for-stm32.10.3-2021.10.win32_1.0.0.202111181127/tools/bin/../lib/gcc/arm-none-eabi/10.3.1/thumb/v7e-m+fp/hard/crti.o
 .data          0x0000000000000000        0x0 c:/st/stm32cubeide_1.8.0/stm32cubeide/plugins/com.st.stm32cube.ide.mcu.externaltools.gnu-tools-for-stm32.10.3-2021.10.win32_1.0.0.202111181127/tools/bin/../lib/gcc/arm-none-eabi/10.3.1/thumb/v7e-m+fp/hard/crti.o
 .bss           0x0000000000000000        0x0 c:/st/stm32cubeide_1.8.0/stm32cubeide/plugins/com.st.stm32cube.ide.mcu.externaltools.gnu-tools-for-stm32.10.3-2021.10.win32_1.0.0.202111181127/tools/bin/../lib/gcc/arm-none-eabi/10.3.1/thumb/v7e-m+fp/hard/crti.o
[...]
Memory Configuration

Name             Origin             Length             Attributes
RAM              0x0000000020000000 0x0000000000028000 xrw
RAM2             0x0000000010000000 0x0000000000008000 xrw
FLASH            0x0000000008000000 0x0000000000080000 xr
*default*        0x0000000000000000 0xffffffffffffffff

Linker script and memory map

LOAD c:/st/stm32cubeide_1.8.0/stm32cubeide/plugins/com.st.stm32cube.ide.mcu.externaltools.gnu-tools-for-stm32.10.3-2021.10.win32_1.0.0.202111181127/tools/bin/../lib/gcc/arm-none-eabi/10.3.1/thumb/v7e-m+fp/hard/crti.o
LOAD c:/st/stm32cubeide_1.8.0/stm32cubeide/plugins/com.st.stm32cube.ide.mcu.externaltools.gnu-tools-for-stm32.10.3-2021.10.win32_1.0.0.202111181127/tools/bin/../lib/gcc/arm-none-eabi/10.3.1/thumb/v7e-m+fp/hard/crtbegin.o
LOAD c:/st/stm32cubeide_1.8.0/stm32cubeide/plugins/com.st.stm32cube.ide.mcu.externaltools.gnu-tools-for-stm32.10.3-2021.10.win32_1.0.0.202111181127/tools/bin/../lib/gcc/arm-none-eabi/10.3.1/../../../../arm-none-eabi/lib/thumb/v7e-m+fp/hard/crt0.o
LOAD ./Core/Src/adc.o
LOAD ./Core/Src/command_decoder.o
LOAD ./Core/Src/device.o
LOAD ./Core/Src/dip_switch.o
LOAD ./Core/Src/gpio.o
LOAD ./Core/Src/gpio_if.o
LOAD ./Core/Src/main.o
LOAD ./Core/Src/stm32l4xx_hal_msp.o
LOAD ./Core/Src/stm32l4xx_it.o
LOAD ./Core/Src/syscalls.o
LOAD ./Core/Src/sysmem.o
LOAD ./Core/Src/system_stm32l4xx.o
LOAD ./Core/Src/tim.o
LOAD ./Core/Src/usart.o
LOAD ./Core/Startup/startup_stm32l452retx.o
LOAD ./Drivers/STM32L4xx_HAL_Driver/Src/stm32l4xx_hal.o
LOAD ./Drivers/STM32L4xx_HAL_Driver/Src/stm32l4xx_hal_adc.o
LOAD ./Drivers/STM32L4xx_HAL_Driver/Src/stm32l4xx_hal_adc_ex.o
LOAD ./Drivers/STM32L4xx_HAL_Driver/Src/stm32l4xx_hal_cortex.o
LOAD ./Drivers/STM32L4xx_HAL_Driver/Src/stm32l4xx_hal_dma.o
LOAD ./Drivers/STM32L4xx_HAL_Driver/Src/stm32l4xx_hal_dma_ex.o
LOAD ./Drivers/STM32L4xx_HAL_Driver/Src/stm32l4xx_hal_exti.o
LOAD ./Drivers/STM32L4xx_HAL_Driver/Src/stm32l4xx_hal_flash.o
LOAD ./Drivers/STM32L4xx_HAL_Driver/Src/stm32l4xx_hal_flash_ex.o
LOAD ./Drivers/STM32L4xx_HAL_Driver/Src/stm32l4xx_hal_flash_ramfunc.o
LOAD ./Drivers/STM32L4xx_HAL_Driver/Src/stm32l4xx_hal_gpio.o
LOAD ./Drivers/STM32L4xx_HAL_Driver/Src/stm32l4xx_hal_i2c.o
LOAD ./Drivers/STM32L4xx_HAL_Driver/Src/stm32l4xx_hal_i2c_ex.o
LOAD ./Drivers/STM32L4xx_HAL_Driver/Src/stm32l4xx_hal_pwr.o
LOAD ./Drivers/STM32L4xx_HAL_Driver/Src/stm32l4xx_hal_pwr_ex.o
LOAD ./Drivers/STM32L4xx_HAL_Driver/Src/stm32l4xx_hal_rcc.o
LOAD ./Drivers/STM32L4xx_HAL_Driver/Src/stm32l4xx_hal_rcc_ex.o
LOAD ./Drivers/STM32L4xx_HAL_Driver/Src/stm32l4xx_hal_tim.o
LOAD ./Drivers/STM32L4xx_HAL_Driver/Src/stm32l4xx_hal_tim_ex.o
LOAD ./Drivers/STM32L4xx_HAL_Driver/Src/stm32l4xx_hal_uart.o
LOAD ./Drivers/STM32L4xx_HAL_Driver/Src/stm32l4xx_hal_uart_ex.o
LOAD ./middlewares/command_decoder.o
START GROUP
LOAD c:/st/stm32cubeide_1.8.0/stm32cubeide/plugins/com.st.stm32cube.ide.mcu.externaltools.gnu-tools-for-stm32.10.3-2021.10.win32_1.0.0.202111181127/tools/bin/../lib/gcc/arm-none-eabi/10.3.1/../../../../arm-none-eabi/lib/thumb/v7e-m+fp/hard\libc_nano.a
LOAD c:/st/stm32cubeide_1.8.0/stm32cubeide/plugins/com.st.stm32cube.ide.mcu.externaltools.gnu-tools-for-stm32.10.3-2021.10.win32_1.0.0.202111181127/tools/bin/../lib/gcc/arm-none-eabi/10.3.1/../../../../arm-none-eabi/lib/thumb/v7e-m+fp/hard\libm.a
END GROUP
START GROUP
LOAD c:/st/stm32cubeide_1.8.0/stm32cubeide/plugins/com.st.stm32cube.ide.mcu.externaltools.gnu-tools-for-stm32.10.3-2021.10.win32_1.0.0.202111181127/tools/bin/../lib/gcc/arm-none-eabi/10.3.1/thumb/v7e-m+fp/hard\libgcc.a
LOAD c:/st/stm32cubeide_1.8.0/stm32cubeide/plugins/com.st.stm32cube.ide.mcu.externaltools.gnu-tools-for-stm32.10.3-2021.10.win32_1.0.0.202111181127/tools/bin/../lib/gcc/arm-none-eabi/10.3.1/../../../../arm-none-eabi/lib/thumb/v7e-m+fp/hard\libc_nano.a
END GROUP
START GROUP
LOAD c:/st/stm32cubeide_1.8.0/stm32cubeide/plugins/com.st.stm32cube.ide.mcu.externaltools.gnu-tools-for-stm32.10.3-2021.10.win32_1.0.0.202111181127/tools/bin/../lib/gcc/arm-none-eabi/10.3.1/thumb/v7e-m+fp/hard\libgcc.a
LOAD c:/st/stm32cubeide_1.8.0/stm32cubeide/plugins/com.st.stm32cube.ide.mcu.externaltools.gnu-tools-for-stm32.10.3-2021.10.win32_1.0.0.202111181127/tools/bin/../lib/gcc/arm-none-eabi/10.3.1/../../../../arm-none-eabi/lib/thumb/v7e-m+fp/hard\libc_nano.a
LOAD c:/st/stm32cubeide_1.8.0/stm32cubeide/plugins/com.st.stm32cube.ide.mcu.externaltools.gnu-tools-for-stm32.10.3-2021.10.win32_1.0.0.202111181127/tools/bin/../lib/gcc/arm-none-eabi/10.3.1/../../../../arm-none-eabi/lib/thumb/v7e-m+fp/hard\libnosys.a
END GROUP
START GROUP
LOAD c:/st/stm32cubeide_1.8.0/stm32cubeide/plugins/com.st.stm32cube.ide.mcu.externaltools.gnu-tools-for-stm32.10.3-2021.10.win32_1.0.0.202111181127/tools/bin/../lib/gcc/arm-none-eabi/10.3.1/thumb/v7e-m+fp/hard\libgcc.a
LOAD c:/st/stm32cubeide_1.8.0/stm32cubeide/plugins/com.st.stm32cube.ide.mcu.externaltools.gnu-tools-for-stm32.10.3-2021.10.win32_1.0.0.202111181127/tools/bin/../lib/gcc/arm-none-eabi/10.3.1/../../../../arm-none-eabi/lib/thumb/v7e-m+fp/hard\libc_nano.a
LOAD c:/st/stm32cubeide_1.8.0/stm32cubeide/plugins/com.st.stm32cube.ide.mcu.externaltools.gnu-tools-for-stm32.10.3-2021.10.win32_1.0.0.202111181127/tools/bin/../lib/gcc/arm-none-eabi/10.3.1/../../../../arm-none-eabi/lib/thumb/v7e-m+fp/hard\libnosys.a
END GROUP
LOAD c:/st/stm32cubeide_1.8.0/stm32cubeide/plugins/com.st.stm32cube.ide.mcu.externaltools.gnu-tools-for-stm32.10.3-2021.10.win32_1.0.0.202111181127/tools/bin/../lib/gcc/arm-none-eabi/10.3.1/thumb/v7e-m+fp/hard/crtend.o
LOAD c:/st/stm32cubeide_1.8.0/stm32cubeide/plugins/com.st.stm32cube.ide.mcu.externaltools.gnu-tools-for-stm32.10.3-2021.10.win32_1.0.0.202111181127/tools/bin/../lib/gcc/arm-none-eabi/10.3.1/thumb/v7e-m+fp/hard/crtn.o
                0x0000000020028000                _estack = (ORIGIN (RAM) + LENGTH (RAM))
                0x0000000000000200                _Min_Heap_Size = 0x200
                0x0000000000000400                _Min_Stack_Size = 0x400

.isr_vector     0x0000000008000000      0x194
                0x0000000008000000                . = ALIGN (0x4)
 *(.isr_vector)
 .isr_vector    0x0000000008000000      0x194 ./Core/Startup/startup_stm32l452retx.o
                0x0000000008000000                g_pfnVectors
                0x0000000008000194                . = ALIGN (0x4)

.text           0x0000000008000194     0x60a0
                0x0000000008000194                . = ALIGN (0x4)
 *(.text)
 .text          0x0000000008000194       0x40 c:/st/stm32cubeide_1.8.0/stm32cubeide/plugins/com.st.stm32cube.ide.mcu.externaltools.gnu-tools-for-stm32.10.3-2021.10.win32_1.0.0.202111181127/tools/bin/../lib/gcc/arm-none-eabi/10.3.1/thumb/v7e-m+fp/hard/crtbegin.o
 .text          0x00000000080001d4       0x30 c:/st/stm32cubeide_1.8.0/stm32cubeide/plugins/com.st.stm32cube.ide.mcu.externaltools.gnu-tools-for-stm32.10.3-2021.10.win32_1.0.0.202111181127/tools/bin/../lib/gcc/arm-none-eabi/10.3.1/thumb/v7e-m+fp/hard\libgcc.a(_aeabi_uldivmod.o)
                0x00000000080001d4                __aeabi_uldivmod
 .text          0x0000000008000204      0x2d0 c:/st/stm32cubeide_1.8.0/stm32cubeide/plugins/com.st.stm32cube.ide.mcu.externaltools.gnu-tools-for-stm32.10.3-2021.10.win32_1.0.0.202111181127/tools/bin/../lib/gcc/arm-none-eabi/10.3.1/thumb/v7e-m+fp/hard\libgcc.a(_udivmoddi4.o)
                0x0000000008000204                __udivmoddi4
 .text          0x00000000080004d4        0x4 c:/st/stm32cubeide_1.8.0/stm32cubeide/plugins/com.st.stm32cube.ide.mcu.externaltools.gnu-tools-for-stm32.10.3-2021.10.win32_1.0.0.202111181127/tools/bin/../lib/gcc/arm-none-eabi/10.3.1/thumb/v7e-m+fp/hard\libgcc.a(_dvmd_tls.o)
                0x00000000080004d4                __aeabi_idiv0
                0x00000000080004d4                __aeabi_ldiv0
 *(.text*)
 .text.MX_ADC1_Init
                0x00000000080004d8       0xc8 ./Core/Src/adc.o
                0x00000000080004d8                MX_ADC1_Init
 .text.HAL_ADC_MspInit
                0x00000000080005a0       0xd0 ./Core/Src/adc.o
                0x00000000080005a0                HAL_ADC_MspInit
 .text.decode_pc_command
                0x0000000008000670       0x44 ./Core/Src/command_decoder.o
                0x0000000008000670                decode_pc_command
 .text.device_if_init
                0x00000000080006b4       0x30 ./Core/Src/device.o
                0x00000000080006b4                device_if_init
 .text.dip_switch_ports_init
                0x00000000080006e4       0x32 ./Core/Src/dip_switch.o
                0x00000000080006e4                dip_switch_ports_init
 *fill*         0x0000000008000716        0x2 
 .text.MX_GPIO_Init
                0x0000000008000718       0xd8 ./Core/Src/gpio.o
                0x0000000008000718                MX_GPIO_Init
 .text.gpio_if_init
                0x00000000080007f0       0x32 ./Core/Src/gpio_if.o
                0x00000000080007f0                gpio_if_init
 .text.gpio_if_open
                0x0000000008000822       0x3c ./Core/Src/gpio_if.o
                0x0000000008000822                gpio_if_open
 .text.gpio_if_set
                0x000000000800085e       0x42 ./Core/Src/gpio_if.o
                0x000000000800085e                gpio_if_set
 .text.gpio_if_clear
                0x00000000080008a0       0x42 ./Core/Src/gpio_if.o
                0x00000000080008a0                gpio_if_clear
 *fill*         0x00000000080008e2        0x2 
 .text.main     0x00000000080008e4      0x158 ./Core/Src/main.o
                0x00000000080008e4                main
 .text.SystemClock_Config
                0x0000000008000a3c       0xa2 ./Core/Src/main.o
                0x0000000008000a3c                SystemClock_Config
 *fill*         0x0000000008000ade        0x2 
 .text.HAL_UART_RxCpltCallback
                0x0000000008000ae0       0x94 ./Core/Src/main.o
                0x0000000008000ae0                HAL_UART_RxCpltCallback
 .text.HAL_UART_TxCpltCallback
                0x0000000008000b74       0x14 ./Core/Src/main.o
                0x0000000008000b74                HAL_UART_TxCpltCallback
 .text.Error_Handler
                0x0000000008000b88        0xa ./Core/Src/main.o
                0x0000000008000b88                Error_Handler
 *fill*         0x0000000008000b92        0x2 
 .text.HAL_MspInit
                0x0000000008000b94       0x48 ./Core/Src/stm32l4xx_hal_msp.o
                0x0000000008000b94                HAL_MspInit
 .text.NMI_Handler
                0x0000000008000bdc        0x6 ./Core/Src/stm32l4xx_it.o
                0x0000000008000bdc                NMI_Handler
 .text.HardFault_Handler
                0x0000000008000be2        0x6 ./Core/Src/stm32l4xx_it.o
                0x0000000008000be2                HardFault_Handler
 .text.MemManage_Handler
                0x0000000008000be8        0x6 ./Core/Src/stm32l4xx_it.o
                0x0000000008000be8                MemManage_Handler
 .text.BusFault_Handler
                0x0000000008000bee        0x6 ./Core/Src/stm32l4xx_it.o
                0x0000000008000bee                BusFault_Handler
 .text.UsageFault_Handler
                0x0000000008000bf4        0x6 ./Core/Src/stm32l4xx_it.o
                0x0000000008000bf4                UsageFault_Handler
 .text.SVC_Handler
                0x0000000008000bfa        0xe ./Core/Src/stm32l4xx_it.o
                0x0000000008000bfa                SVC_Handler
 .text.DebugMon_Handler
                0x0000000008000c08        0xe ./Core/Src/stm32l4xx_it.o
                0x0000000008000c08                DebugMon_Handler
 .text.PendSV_Handler
                0x0000000008000c16        0xe ./Core/Src/stm32l4xx_it.o
                0x0000000008000c16                PendSV_Handler
 .text.SysTick_Handler
                0x0000000008000c24        0xc ./Core/Src/stm32l4xx_it.o
                0x0000000008000c24                SysTick_Handler
 .text.USART1_IRQHandler
                0x0000000008000c30       0x14 ./Core/Src/stm32l4xx_it.o
                0x0000000008000c30                USART1_IRQHandler
 .text.USART2_IRQHandler
                0x0000000008000c44       0x14 ./Core/Src/stm32l4xx_it.o
                0x0000000008000c44                USART2_IRQHandler
 .text.SystemInit
                0x0000000008000c58       0x24 ./Core/Src/system_stm32l4xx.o
                0x0000000008000c58                SystemInit
 .text.MX_TIM1_Init
                0x0000000008000c7c      0x15c ./Core/Src/tim.o
                0x0000000008000c7c                MX_TIM1_Init
 .text.HAL_TIM_Base_MspInit
                0x0000000008000dd8       0x40 ./Core/Src/tim.o
                0x0000000008000dd8                HAL_TIM_Base_MspInit
 .text.HAL_TIM_MspPostInit
                0x0000000008000e18       0x70 ./Core/Src/tim.o
                0x0000000008000e18                HAL_TIM_MspPostInit
 .text.MX_USART1_UART_Init
                0x0000000008000e88       0x60 ./Core/Src/usart.o
                0x0000000008000e88                MX_USART1_UART_Init
 .text.MX_USART2_UART_Init
                0x0000000008000ee8       0x60 ./Core/Src/usart.o
                0x0000000008000ee8                MX_USART2_UART_Init
 .text.HAL_UART_MspInit
                0x0000000008000f48      0x164 ./Core/Src/usart.o
                0x0000000008000f48                HAL_UART_MspInit
 .text.Reset_Handler
                0x00000000080010ac       0x50 ./Core/Startup/startup_stm32l452retx.o
                0x00000000080010ac                Reset_Handler
 .text.Default_Handler
                0x00000000080010fc        0x2 ./Core/Startup/startup_stm32l452retx.o
                0x00000000080010fc                RTC_Alarm_IRQHandler
                0x00000000080010fc                EXTI2_IRQHandler
                0x00000000080010fc                TIM1_CC_IRQHandler
                0x00000000080010fc                TSC_IRQHandler
                0x00000000080010fc                TAMP_STAMP_IRQHandler
                0x00000000080010fc                EXTI3_IRQHandler
                0x00000000080010fc                LPTIM2_IRQHandler
                0x00000000080010fc                DFSDM1_FLT1_IRQHandler
                0x00000000080010fc                I2C3_ER_IRQHandler
                0x00000000080010fc                EXTI0_IRQHandler
                0x00000000080010fc                I2C2_EV_IRQHandler
                0x00000000080010fc                CAN1_RX0_IRQHandler
                0x00000000080010fc                FPU_IRQHandler
                0x00000000080010fc                TIM1_UP_TIM16_IRQHandler
                0x00000000080010fc                SPI1_IRQHandler
                0x00000000080010fc                TIM6_DAC_IRQHandler
                0x00000000080010fc                DMA2_Channel2_IRQHandler
                0x00000000080010fc                DMA1_Channel4_IRQHandler
                0x00000000080010fc                ADC1_IRQHandler
                0x00000000080010fc                USART3_IRQHandler
                0x00000000080010fc                DMA1_Channel7_IRQHandler
                0x00000000080010fc                CAN1_RX1_IRQHandler
                0x00000000080010fc                DMA2_Channel1_IRQHandler
                0x00000000080010fc                QUADSPI_IRQHandler
                0x00000000080010fc                I2C1_EV_IRQHandler
                0x00000000080010fc                DMA1_Channel6_IRQHandler
                0x00000000080010fc                UART4_IRQHandler
                0x00000000080010fc                DMA2_Channel4_IRQHandler
                0x00000000080010fc                TIM3_IRQHandler
                0x00000000080010fc                RCC_IRQHandler
                0x00000000080010fc                TIM1_TRG_COM_IRQHandler
                0x00000000080010fc                DMA1_Channel1_IRQHandler
                0x00000000080010fc                Default_Handler
                0x00000000080010fc                DMA2_Channel7_IRQHandler
                0x00000000080010fc                EXTI15_10_IRQHandler
                0x00000000080010fc                SDMMC1_IRQHandler
                0x00000000080010fc                I2C3_EV_IRQHandler
                0x00000000080010fc                USB_IRQHandler
                0x00000000080010fc                EXTI9_5_IRQHandler
                0x00000000080010fc                RTC_WKUP_IRQHandler
                0x00000000080010fc                PVD_PVM_IRQHandler
                0x00000000080010fc                SPI2_IRQHandler
                0x00000000080010fc                CAN1_TX_IRQHandler
                0x00000000080010fc                DMA2_Channel5_IRQHandler
                0x00000000080010fc                CRS_IRQHandler
                0x00000000080010fc                DMA1_Channel5_IRQHandler
                0x00000000080010fc                EXTI4_IRQHandler
                0x00000000080010fc                RNG_IRQHandler
                0x00000000080010fc                DMA1_Channel3_IRQHandler
                0x00000000080010fc                COMP_IRQHandler
                0x00000000080010fc                WWDG_IRQHandler
                0x00000000080010fc                I2C4_EV_IRQHandler
                0x00000000080010fc                LPUART1_IRQHandler
                0x00000000080010fc                DMA2_Channel6_IRQHandler
                0x00000000080010fc                TIM2_IRQHandler
                0x00000000080010fc                EXTI1_IRQHandler
                0x00000000080010fc                DFSDM1_FLT0_IRQHandler
                0x00000000080010fc                I2C2_ER_IRQHandler
                0x00000000080010fc                DMA1_Channel2_IRQHandler
                0x00000000080010fc                CAN1_SCE_IRQHandler
                0x00000000080010fc                FLASH_IRQHandler
                0x00000000080010fc                SPI3_IRQHandler
                0x00000000080010fc                I2C1_ER_IRQHandler
                0x00000000080010fc                LPTIM1_IRQHandler
                0x00000000080010fc                I2C4_ER_IRQHandler
                0x00000000080010fc                SAI1_IRQHandler
                0x00000000080010fc                DMA2_Channel3_IRQHandler
                0x00000000080010fc                TIM1_BRK_TIM15_IRQHandler
 *fill*         0x00000000080010fe        0x2 
 .text.HAL_Init
                0x0000000008001100       0x40 ./Drivers/STM32L4xx_HAL_Driver/Src/stm32l4xx_hal.o
                0x0000000008001100                HAL_Init
 .text.HAL_InitTick
                0x0000000008001140       0x78 ./Drivers/STM32L4xx_HAL_Driver/Src/stm32l4xx_hal.o
                0x0000000008001140                HAL_InitTick
 .text.HAL_IncTick
                0x00000000080011b8       0x28 ./Drivers/STM32L4xx_HAL_Driver/Src/stm32l4xx_hal.o
                0x00000000080011b8                HAL_IncTick
 .text.HAL_GetTick
                0x00000000080011e0       0x18 ./Drivers/STM32L4xx_HAL_Driver/Src/stm32l4xx_hal.o
                0x00000000080011e0                HAL_GetTick
 .text.LL_ADC_SetCommonClock
                0x00000000080011f8       0x26 ./Drivers/STM32L4xx_HAL_Driver/Src/stm32l4xx_hal_adc.o
 .text.LL_ADC_SetCommonPathInternalCh
                0x000000000800121e       0x26 ./Drivers/STM32L4xx_HAL_Driver/Src/stm32l4xx_hal_adc.o
 .text.LL_ADC_GetCommonPathInternalCh
                0x0000000008001244       0x1c ./Drivers/STM32L4xx_HAL_Driver/Src/stm32l4xx_hal_adc.o
 .text.LL_ADC_SetOffset
                0x0000000008001260       0x48 ./Drivers/STM32L4xx_HAL_Driver/Src/stm32l4xx_hal_adc.o
 .text.LL_ADC_GetOffsetChannel
                0x00000000080012a8       0x2c ./Drivers/STM32L4xx_HAL_Driver/Src/stm32l4xx_hal_adc.o
 .text.LL_ADC_SetOffsetState
                0x00000000080012d4       0x36 ./Drivers/STM32L4xx_HAL_Driver/Src/stm32l4xx_hal_adc.o
 .text.LL_ADC_SetSamplingTimeCommonConfig
                0x000000000800130a       0x26 ./Drivers/STM32L4xx_HAL_Driver/Src/stm32l4xx_hal_adc.o
 .text.LL_ADC_REG_SetSequencerRanks
                0x0000000008001330       0x58 ./Drivers/STM32L4xx_HAL_Driver/Src/stm32l4xx_hal_adc.o
 .text.LL_ADC_SetChannelSamplingTime
                0x0000000008001388       0x56 ./Drivers/STM32L4xx_HAL_Driver/Src/stm32l4xx_hal_adc.o
 *fill*         0x00000000080013de        0x2 
 .text.LL_ADC_SetChannelSingleDiff
                0x00000000080013e0       0x48 ./Drivers/STM32L4xx_HAL_Driver/Src/stm32l4xx_hal_adc.o
 .text.LL_ADC_DisableDeepPowerDown
                0x0000000008001428       0x24 ./Drivers/STM32L4xx_HAL_Driver/Src/stm32l4xx_hal_adc.o
 .text.LL_ADC_IsDeepPowerDownEnabled
                0x000000000800144c       0x28 ./Drivers/STM32L4xx_HAL_Driver/Src/stm32l4xx_hal_adc.o
 .text.LL_ADC_EnableInternalRegulator
                0x0000000008001474       0x28 ./Drivers/STM32L4xx_HAL_Driver/Src/stm32l4xx_hal_adc.o
 .text.LL_ADC_IsInternalRegulatorEnabled
                0x000000000800149c       0x28 ./Drivers/STM32L4xx_HAL_Driver/Src/stm32l4xx_hal_adc.o
 .text.LL_ADC_IsEnabled
                0x00000000080014c4       0x26 ./Drivers/STM32L4xx_HAL_Driver/Src/stm32l4xx_hal_adc.o
 .text.LL_ADC_REG_IsConversionOngoing
                0x00000000080014ea       0x26 ./Drivers/STM32L4xx_HAL_Driver/Src/stm32l4xx_hal_adc.o
 .text.LL_ADC_INJ_IsConversionOngoing
                0x0000000008001510       0x26 ./Drivers/STM32L4xx_HAL_Driver/Src/stm32l4xx_hal_adc.o
 *fill*         0x0000000008001536        0x2 
 .text.HAL_ADC_Init
                0x0000000008001538      0x298 ./Drivers/STM32L4xx_HAL_Driver/Src/stm32l4xx_hal_adc.o
                0x0000000008001538                HAL_ADC_Init
 .text.HAL_ADC_ConfigChannel
                0x00000000080017d0      0x7f8 ./Drivers/STM32L4xx_HAL_Driver/Src/stm32l4xx_hal_adc.o
                0x00000000080017d0                HAL_ADC_ConfigChannel
 .text.__NVIC_SetPriorityGrouping
                0x0000000008001fc8       0x48 ./Drivers/STM32L4xx_HAL_Driver/Src/stm32l4xx_hal_cortex.o
 .text.__NVIC_GetPriorityGrouping
                0x0000000008002010       0x1c ./Drivers/STM32L4xx_HAL_Driver/Src/stm32l4xx_hal_cortex.o
 .text.__NVIC_EnableIRQ
                0x000000000800202c       0x3c ./Drivers/STM32L4xx_HAL_Driver/Src/stm32l4xx_hal_cortex.o
 .text.__NVIC_SetPriority
                0x0000000008002068       0x54 ./Drivers/STM32L4xx_HAL_Driver/Src/stm32l4xx_hal_cortex.o
 .text.NVIC_EncodePriority
                0x00000000080020bc       0x66 ./Drivers/STM32L4xx_HAL_Driver/Src/stm32l4xx_hal_cortex.o
 *fill*         0x0000000008002122        0x2 
 .text.SysTick_Config
                0x0000000008002124       0x44 ./Drivers/STM32L4xx_HAL_Driver/Src/stm32l4xx_hal_cortex.o
 .text.HAL_NVIC_SetPriorityGrouping
                0x0000000008002168       0x16 ./Drivers/STM32L4xx_HAL_Driver/Src/stm32l4xx_hal_cortex.o
                0x0000000008002168                HAL_NVIC_SetPriorityGrouping
 .text.HAL_NVIC_SetPriority
                0x000000000800217e       0x38 ./Drivers/STM32L4xx_HAL_Driver/Src/stm32l4xx_hal_cortex.o
                0x000000000800217e                HAL_NVIC_SetPriority
 .text.HAL_NVIC_EnableIRQ
                0x00000000080021b6       0x1c ./Drivers/STM32L4xx_HAL_Driver/Src/stm32l4xx_hal_cortex.o
                0x00000000080021b6                HAL_NVIC_EnableIRQ
 .text.HAL_SYSTICK_Config
                0x00000000080021d2       0x18 ./Drivers/STM32L4xx_HAL_Driver/Src/stm32l4xx_hal_cortex.o
                0x00000000080021d2                HAL_SYSTICK_Config
 .text.HAL_DMA_Abort
                0x00000000080021ea       0x7c ./Drivers/STM32L4xx_HAL_Driver/Src/stm32l4xx_hal_dma.o
                0x00000000080021ea                HAL_DMA_Abort
 .text.HAL_DMA_Abort_IT
                0x0000000008002266       0x82 ./Drivers/STM32L4xx_HAL_Driver/Src/stm32l4xx_hal_dma.o
                0x0000000008002266                HAL_DMA_Abort_IT
 .text.HAL_GPIO_Init
                0x00000000080022e8      0x2f4 ./Drivers/STM32L4xx_HAL_Driver/Src/stm32l4xx_hal_gpio.o
                0x00000000080022e8                HAL_GPIO_Init
 .text.HAL_GPIO_WritePin
                0x00000000080025dc       0x30 ./Drivers/STM32L4xx_HAL_Driver/Src/stm32l4xx_hal_gpio.o
                0x00000000080025dc                HAL_GPIO_WritePin
 .text.HAL_PWREx_GetVoltageRange
                0x000000000800260c       0x1c ./Drivers/STM32L4xx_HAL_Driver/Src/stm32l4xx_hal_pwr_ex.o
                0x000000000800260c                HAL_PWREx_GetVoltageRange
 .text.HAL_PWREx_ControlVoltageScaling
                0x0000000008002628       0xac ./Drivers/STM32L4xx_HAL_Driver/Src/stm32l4xx_hal_pwr_ex.o
                0x0000000008002628                HAL_PWREx_ControlVoltageScaling
 .text.HAL_RCC_OscConfig
                0x00000000080026d4      0x828 ./Drivers/STM32L4xx_HAL_Driver/Src/stm32l4xx_hal_rcc.o
                0x00000000080026d4                HAL_RCC_OscConfig
 .text.HAL_RCC_ClockConfig
                0x0000000008002efc      0x200 ./Drivers/STM32L4xx_HAL_Driver/Src/stm32l4xx_hal_rcc.o
                0x0000000008002efc                HAL_RCC_ClockConfig
 .text.HAL_RCC_GetSysClockFreq
                0x00000000080030fc      0x118 ./Drivers/STM32L4xx_HAL_Driver/Src/stm32l4xx_hal_rcc.o
                0x00000000080030fc                HAL_RCC_GetSysClockFreq
 .text.HAL_RCC_GetHCLKFreq
                0x0000000008003214       0x18 ./Drivers/STM32L4xx_HAL_Driver/Src/stm32l4xx_hal_rcc.o
                0x0000000008003214                HAL_RCC_GetHCLKFreq
 .text.HAL_RCC_GetPCLK1Freq
                0x000000000800322c       0x2c ./Drivers/STM32L4xx_HAL_Driver/Src/stm32l4xx_hal_rcc.o
                0x000000000800322c                HAL_RCC_GetPCLK1Freq
 .text.HAL_RCC_GetPCLK2Freq
                0x0000000008003258       0x2c ./Drivers/STM32L4xx_HAL_Driver/Src/stm32l4xx_hal_rcc.o
                0x0000000008003258                HAL_RCC_GetPCLK2Freq
 .text.RCC_SetFlashLatencyFromMSIRange
                0x0000000008003284       0xc0 ./Drivers/STM32L4xx_HAL_Driver/Src/stm32l4xx_hal_rcc.o
 .text.HAL_RCCEx_PeriphCLKConfig
                0x0000000008003344      0x4d8 ./Drivers/STM32L4xx_HAL_Driver/Src/stm32l4xx_hal_rcc_ex.o
                0x0000000008003344                HAL_RCCEx_PeriphCLKConfig
 .text.RCCEx_PLLSAI1_Config
                0x000000000800381c      0x1e4 ./Drivers/STM32L4xx_HAL_Driver/Src/stm32l4xx_hal_rcc_ex.o
 .text.HAL_TIM_Base_Init
                0x0000000008003a00       0xae ./Drivers/STM32L4xx_HAL_Driver/Src/stm32l4xx_hal_tim.o
                0x0000000008003a00                HAL_TIM_Base_Init
 .text.HAL_TIM_PWM_Init
                0x0000000008003aae       0xae ./Drivers/STM32L4xx_HAL_Driver/Src/stm32l4xx_hal_tim.o
                0x0000000008003aae                HAL_TIM_PWM_Init
 .text.HAL_TIM_PWM_MspInit
                0x0000000008003b5c       0x14 ./Drivers/STM32L4xx_HAL_Driver/Src/stm32l4xx_hal_tim.o
                0x0000000008003b5c                HAL_TIM_PWM_MspInit
 .text.HAL_TIM_PWM_Start
                0x0000000008003b70      0x1cc ./Drivers/STM32L4xx_HAL_Driver/Src/stm32l4xx_hal_tim.o
                0x0000000008003b70                HAL_TIM_PWM_Start
 .text.HAL_TIM_PWM_ConfigChannel
                0x0000000008003d3c      0x228 ./Drivers/STM32L4xx_HAL_Driver/Src/stm32l4xx_hal_tim.o
                0x0000000008003d3c                HAL_TIM_PWM_ConfigChannel
 .text.HAL_TIM_ConfigClockSource
                0x0000000008003f64      0x192 ./Drivers/STM32L4xx_HAL_Driver/Src/stm32l4xx_hal_tim.o
                0x0000000008003f64                HAL_TIM_ConfigClockSource
 *fill*         0x00000000080040f6        0x2 
 .text.TIM_Base_SetConfig
                0x00000000080040f8       0xdc ./Drivers/STM32L4xx_HAL_Driver/Src/stm32l4xx_hal_tim.o
                0x00000000080040f8                TIM_Base_SetConfig
 .text.TIM_OC1_SetConfig
                0x00000000080041d4       0xf8 ./Drivers/STM32L4xx_HAL_Driver/Src/stm32l4xx_hal_tim.o
 .text.TIM_OC2_SetConfig
                0x00000000080042cc       0xf4 ./Drivers/STM32L4xx_HAL_Driver/Src/stm32l4xx_hal_tim.o
                0x00000000080042cc                TIM_OC2_SetConfig
 .text.TIM_OC3_SetConfig
                0x00000000080043c0       0xf0 ./Drivers/STM32L4xx_HAL_Driver/Src/stm32l4xx_hal_tim.o
 .text.TIM_OC4_SetConfig
                0x00000000080044b0       0xbc ./Drivers/STM32L4xx_HAL_Driver/Src/stm32l4xx_hal_tim.o
 .text.TIM_OC5_SetConfig
                0x000000000800456c       0xb0 ./Drivers/STM32L4xx_HAL_Driver/Src/stm32l4xx_hal_tim.o
 .text.TIM_OC6_SetConfig
                0x000000000800461c       0xb4 ./Drivers/STM32L4xx_HAL_Driver/Src/stm32l4xx_hal_tim.o
 .text.TIM_TI1_ConfigInputStage
                0x00000000080046d0       0x5e ./Drivers/STM32L4xx_HAL_Driver/Src/stm32l4xx_hal_tim.o
 .text.TIM_TI2_ConfigInputStage
                0x000000000800472e       0x60 ./Drivers/STM32L4xx_HAL_Driver/Src/stm32l4xx_hal_tim.o
 .text.TIM_ITRx_SetConfig
                0x000000000800478e       0x36 ./Drivers/STM32L4xx_HAL_Driver/Src/stm32l4xx_hal_tim.o
 .text.TIM_ETR_SetConfig
                0x00000000080047c4       0x40 ./Drivers/STM32L4xx_HAL_Driver/Src/stm32l4xx_hal_tim.o
                0x00000000080047c4                TIM_ETR_SetConfig
 .text.TIM_CCxChannelCmd
                0x0000000008004804       0x4a ./Drivers/STM32L4xx_HAL_Driver/Src/stm32l4xx_hal_tim.o
                0x0000000008004804                TIM_CCxChannelCmd
 *fill*         0x000000000800484e        0x2 
 .text.HAL_TIMEx_MasterConfigSynchronization
                0x0000000008004850       0xdc ./Drivers/STM32L4xx_HAL_Driver/Src/stm32l4xx_hal_tim_ex.o
                0x0000000008004850                HAL_TIMEx_MasterConfigSynchronization
 .text.HAL_TIMEx_ConfigBreakDeadTime
                0x000000000800492c       0xf0 ./Drivers/STM32L4xx_HAL_Driver/Src/stm32l4xx_hal_tim_ex.o
                0x000000000800492c                HAL_TIMEx_ConfigBreakDeadTime
 .text.HAL_UART_Init
                0x0000000008004a1c       0x9c ./Drivers/STM32L4xx_HAL_Driver/Src/stm32l4xx_hal_uart.o
                0x0000000008004a1c                HAL_UART_Init
 .text.HAL_UART_Transmit_IT
                0x0000000008004ab8       0xdc ./Drivers/STM32L4xx_HAL_Driver/Src/stm32l4xx_hal_uart.o
                0x0000000008004ab8                HAL_UART_Transmit_IT
 .text.HAL_UART_Receive_IT
                0x0000000008004b94       0xac ./Drivers/STM32L4xx_HAL_Driver/Src/stm32l4xx_hal_uart.o
                0x0000000008004b94                HAL_UART_Receive_IT
 .text.HAL_UART_IRQHandler
                0x0000000008004c40      0x5c4 ./Drivers/STM32L4xx_HAL_Driver/Src/stm32l4xx_hal_uart.o
                0x0000000008004c40                HAL_UART_IRQHandler
 .text.HAL_UART_ErrorCallback
                0x0000000008005204       0x14 ./Drivers/STM32L4xx_HAL_Driver/Src/stm32l4xx_hal_uart.o
                0x0000000008005204                HAL_UART_ErrorCallback
 .text.HAL_UARTEx_RxEventCallback
                0x0000000008005218       0x18 ./Drivers/STM32L4xx_HAL_Driver/Src/stm32l4xx_hal_uart.o
                0x0000000008005218                HAL_UARTEx_RxEventCallback
 .text.UART_SetConfig
                0x0000000008005230      0x50c ./Drivers/STM32L4xx_HAL_Driver/Src/stm32l4xx_hal_uart.o
                0x0000000008005230                UART_SetConfig
 .text.UART_AdvFeatureConfig
                0x000000000800573c      0x144 ./Drivers/STM32L4xx_HAL_Driver/Src/stm32l4xx_hal_uart.o
                0x000000000800573c                UART_AdvFeatureConfig
 .text.UART_CheckIdleState
                0x0000000008005880       0x92 ./Drivers/STM32L4xx_HAL_Driver/Src/stm32l4xx_hal_uart.o
                0x0000000008005880                UART_CheckIdleState
 .text.UART_WaitOnFlagUntilTimeout
                0x0000000008005912      0x188 ./Drivers/STM32L4xx_HAL_Driver/Src/stm32l4xx_hal_uart.o
                0x0000000008005912                UART_WaitOnFlagUntilTimeout
 *fill*         0x0000000008005a9a        0x2 
 .text.UART_Start_Receive_IT
                0x0000000008005a9c      0x194 ./Drivers/STM32L4xx_HAL_Driver/Src/stm32l4xx_hal_uart.o
                0x0000000008005a9c                UART_Start_Receive_IT
 .text.UART_EndRxTransfer
                0x0000000008005c30       0xc6 ./Drivers/STM32L4xx_HAL_Driver/Src/stm32l4xx_hal_uart.o
 .text.UART_DMAAbortOnError
                0x0000000008005cf6       0x2c ./Drivers/STM32L4xx_HAL_Driver/Src/stm32l4xx_hal_uart.o
 .text.UART_TxISR_8BIT
                0x0000000008005d22       0xb8 ./Drivers/STM32L4xx_HAL_Driver/Src/stm32l4xx_hal_uart.o
 .text.UART_TxISR_16BIT
                0x0000000008005dda       0xc0 ./Drivers/STM32L4xx_HAL_Driver/Src/stm32l4xx_hal_uart.o
 .text.UART_EndTransmit_IT
                0x0000000008005e9a       0x54 ./Drivers/STM32L4xx_HAL_Driver/Src/stm32l4xx_hal_uart.o
 .text.UART_RxISR_8BIT
                0x0000000008005eee      0x160 ./Drivers/STM32L4xx_HAL_Driver/Src/stm32l4xx_hal_uart.o
 .text.UART_RxISR_16BIT
                0x000000000800604e      0x160 ./Drivers/STM32L4xx_HAL_Driver/Src/stm32l4xx_hal_uart.o
 .text.HAL_UARTEx_WakeupCallback
                0x00000000080061ae       0x14 ./Drivers/STM32L4xx_HAL_Driver/Src/stm32l4xx_hal_uart_ex.o
                0x00000000080061ae                HAL_UARTEx_WakeupCallback
 *fill*         0x00000000080061c2        0x2 
 .text.__libc_init_array
                0x00000000080061c4       0x48 c:/st/stm32cubeide_1.8.0/stm32cubeide/plugins/com.st.stm32cube.ide.mcu.externaltools.gnu-tools-for-stm32.10.3-2021.10.win32_1.0.0.202111181127/tools/bin/../lib/gcc/arm-none-eabi/10.3.1/../../../../arm-none-eabi/lib/thumb/v7e-m+fp/hard\libc_nano.a(lib_a-init.o)
                0x00000000080061c4                __libc_init_array
 .text.memset   0x000000000800620c       0x10 c:/st/stm32cubeide_1.8.0/stm32cubeide/plugins/com.st.stm32cube.ide.mcu.externaltools.gnu-tools-for-stm32.10.3-2021.10.win32_1.0.0.202111181127/tools/bin/../lib/gcc/arm-none-eabi/10.3.1/../../../../arm-none-eabi/lib/thumb/v7e-m+fp/hard\libc_nano.a(lib_a-memset.o)
                0x000000000800620c                memset
 *(.glue_7)
 .glue_7        0x000000000800621c        0x0 linker stubs
 *(.glue_7t)
 .glue_7t       0x000000000800621c        0x0 linker stubs
 *(.eh_frame)
 .eh_frame      0x000000000800621c        0x0 c:/st/stm32cubeide_1.8.0/stm32cubeide/plugins/com.st.stm32cube.ide.mcu.externaltools.gnu-tools-for-stm32.10.3-2021.10.win32_1.0.0.202111181127/tools/bin/../lib/gcc/arm-none-eabi/10.3.1/thumb/v7e-m+fp/hard/crtbegin.o
 *(.init)
 .init          0x000000000800621c        0x4 c:/st/stm32cubeide_1.8.0/stm32cubeide/plugins/com.st.stm32cube.ide.mcu.externaltools.gnu-tools-for-stm32.10.3-2021.10.win32_1.0.0.202111181127/tools/bin/../lib/gcc/arm-none-eabi/10.3.1/thumb/v7e-m+fp/hard/crti.o
                0x000000000800621c                _init
 .init          0x0000000008006220        0x8 c:/st/stm32cubeide_1.8.0/stm32cubeide/plugins/com.st.stm32cube.ide.mcu.externaltools.gnu-tools-for-stm32.10.3-2021.10.win32_1.0.0.202111181127/tools/bin/../lib/gcc/arm-none-eabi/10.3.1/thumb/v7e-m+fp/hard/crtn.o
 *(.fini)
 .fini          0x0000000008006228        0x4 c:/st/stm32cubeide_1.8.0/stm32cubeide/plugins/com.st.stm32cube.ide.mcu.externaltools.gnu-tools-for-stm32.10.3-2021.10.win32_1.0.0.202111181127/tools/bin/../lib/gcc/arm-none-eabi/10.3.1/thumb/v7e-m+fp/hard/crti.o
                0x0000000008006228                _fini
 .fini          0x000000000800622c        0x8 c:/st/stm32cubeide_1.8.0/stm32cubeide/plugins/com.st.stm32cube.ide.mcu.externaltools.gnu-tools-for-stm32.10.3-2021.10.win32_1.0.0.202111181127/tools/bin/../lib/gcc/arm-none-eabi/10.3.1/thumb/v7e-m+fp/hard/crtn.o
                0x0000000008006234                . = ALIGN (0x4)
                0x0000000008006234                _etext = .

.vfp11_veneer   0x0000000008006234        0x0
 .vfp11_veneer  0x0000000008006234        0x0 linker stubs

.v4_bx          0x0000000008006234        0x0
 .v4_bx         0x0000000008006234        0x0 linker stubs

.iplt           0x0000000008006234        0x0
 .iplt          0x0000000008006234        0x0 c:/st/stm32cubeide_1.8.0/stm32cubeide/plugins/com.st.stm32cube.ide.mcu.externaltools.gnu-tools-for-stm32.10.3-2021.10.win32_1.0.0.202111181127/tools/bin/../lib/gcc/arm-none-eabi/10.3.1/thumb/v7e-m+fp/hard/crtbegin.o

.rodata         0x0000000008006234       0x68
                0x0000000008006234                . = ALIGN (0x4)
 *(.rodata)
 .rodata        0x0000000008006234       0x20 ./Core/Src/main.o
 *(.rodata*)
 .rodata.AHBPrescTable
                0x0000000008006254       0x10 ./Core/Src/system_stm32l4xx.o
                0x0000000008006254                AHBPrescTable
 .rodata.APBPrescTable
                0x0000000008006264        0x8 ./Core/Src/system_stm32l4xx.o
                0x0000000008006264                APBPrescTable
 .rodata.MSIRangeTable
                0x000000000800626c       0x30 ./Core/Src/system_stm32l4xx.o
                0x000000000800626c                MSIRangeTable
                0x000000000800629c                . = ALIGN (0x4)

.ARM.extab      0x000000000800629c        0x0
                0x000000000800629c                . = ALIGN (0x4)
 *(.ARM.extab* .gnu.linkonce.armextab.*)
                0x000000000800629c                . = ALIGN (0x4)

.ARM            0x000000000800629c        0x8
                0x000000000800629c                . = ALIGN (0x4)
                0x000000000800629c                __exidx_start = .
 *(.ARM.exidx*)
 .ARM.exidx     0x000000000800629c        0x8 c:/st/stm32cubeide_1.8.0/stm32cubeide/plugins/com.st.stm32cube.ide.mcu.externaltools.gnu-tools-for-stm32.10.3-2021.10.win32_1.0.0.202111181127/tools/bin/../lib/gcc/arm-none-eabi/10.3.1/thumb/v7e-m+fp/hard\libgcc.a(_udivmoddi4.o)
                0x00000000080062a4                __exidx_end = .
                0x00000000080062a4                . = ALIGN (0x4)

.rel.dyn        0x00000000080062a4        0x0
 .rel.iplt      0x00000000080062a4        0x0 c:/st/stm32cubeide_1.8.0/stm32cubeide/plugins/com.st.stm32cube.ide.mcu.externaltools.gnu-tools-for-stm32.10.3-2021.10.win32_1.0.0.202111181127/tools/bin/../lib/gcc/arm-none-eabi/10.3.1/thumb/v7e-m+fp/hard/crtbegin.o

.preinit_array  0x00000000080062a4        0x0
                0x00000000080062a4                . = ALIGN (0x4)
                0x00000000080062a4                PROVIDE (__preinit_array_start = .)
 *(.preinit_array*)
                0x00000000080062a4                PROVIDE (__preinit_array_end = .)
                0x00000000080062a4                . = ALIGN (0x4)

.init_array     0x00000000080062a4        0x4
                0x00000000080062a4                . = ALIGN (0x4)
                0x00000000080062a4                PROVIDE (__init_array_start = .)
 *(SORT_BY_NAME(.init_array.*))
 *(.init_array*)
 .init_array    0x00000000080062a4        0x4 c:/st/stm32cubeide_1.8.0/stm32cubeide/plugins/com.st.stm32cube.ide.mcu.externaltools.gnu-tools-for-stm32.10.3-2021.10.win32_1.0.0.202111181127/tools/bin/../lib/gcc/arm-none-eabi/10.3.1/thumb/v7e-m+fp/hard/crtbegin.o
                0x00000000080062a8                PROVIDE (__init_array_end = .)
                0x00000000080062a8                . = ALIGN (0x4)

.fini_array     0x00000000080062a8        0x4
                0x00000000080062a8                . = ALIGN (0x4)
                [!provide]                        PROVIDE (__fini_array_start = .)
 *(SORT_BY_NAME(.fini_array.*))
 *(.fini_array*)
 .fini_array    0x00000000080062a8        0x4 c:/st/stm32cubeide_1.8.0/stm32cubeide/plugins/com.st.stm32cube.ide.mcu.externaltools.gnu-tools-for-stm32.10.3-2021.10.win32_1.0.0.202111181127/tools/bin/../lib/gcc/arm-none-eabi/10.3.1/thumb/v7e-m+fp/hard/crtbegin.o
                [!provide]                        PROVIDE (__fini_array_end = .)
                0x00000000080062ac                . = ALIGN (0x4)
                0x00000000080062ac                _sidata = LOADADDR (.data)

.data           0x0000000020000000       0x10 load address 0x00000000080062ac
                0x0000000020000000                . = ALIGN (0x4)
                0x0000000020000000                _sdata = .
 *(.data)
 *(.data*)
 .data.cont.0   0x0000000020000000        0x1 ./Core/Src/main.o
 *fill*         0x0000000020000001        0x3 
 .data.SystemCoreClock
                0x0000000020000004        0x4 ./Core/Src/system_stm32l4xx.o
                0x0000000020000004                SystemCoreClock
 .data.uwTickPrio
                0x0000000020000008        0x4 ./Drivers/STM32L4xx_HAL_Driver/Src/stm32l4xx_hal.o
                0x0000000020000008                uwTickPrio
 .data.uwTickFreq
                0x000000002000000c        0x1 ./Drivers/STM32L4xx_HAL_Driver/Src/stm32l4xx_hal.o
                0x000000002000000c                uwTickFreq
 *(.RamFunc)
 *(.RamFunc*)
                0x0000000020000010                . = ALIGN (0x4)
 *fill*         0x000000002000000d        0x3 
                0x0000000020000010                _edata = .

.igot.plt       0x0000000020000010        0x0 load address 0x00000000080062bc
 .igot.plt      0x0000000020000010        0x0 c:/st/stm32cubeide_1.8.0/stm32cubeide/plugins/com.st.stm32cube.ide.mcu.externaltools.gnu-tools-for-stm32.10.3-2021.10.win32_1.0.0.202111181127/tools/bin/../lib/gcc/arm-none-eabi/10.3.1/thumb/v7e-m+fp/hard/crtbegin.o
                0x0000000020000010                . = ALIGN (0x4)

.bss            0x0000000020000010      0x1ec load address 0x00000000080062bc
                0x0000000020000010                _sbss = .
                0x0000000020000010                __bss_start__ = _sbss
 *(.bss)
 .bss           0x0000000020000010       0x1c c:/st/stm32cubeide_1.8.0/stm32cubeide/plugins/com.st.stm32cube.ide.mcu.externaltools.gnu-tools-for-stm32.10.3-2021.10.win32_1.0.0.202111181127/tools/bin/../lib/gcc/arm-none-eabi/10.3.1/thumb/v7e-m+fp/hard/crtbegin.o
 *(.bss*)
 .bss.hadc1     0x000000002000002c       0x68 ./Core/Src/adc.o
                0x000000002000002c                hadc1
 .bss.uart_pc   0x0000000020000094        0x1 ./Core/Src/main.o
                0x0000000020000094                uart_pc
 .bss.uart_red  0x0000000020000095        0x1 ./Core/Src/main.o
                0x0000000020000095                uart_red
 *fill*         0x0000000020000096        0x2 
 .bss.this_device
                0x0000000020000098        0x8 ./Core/Src/main.o
                0x0000000020000098                this_device
 .bss.device_mode
                0x00000000200000a0        0x1 ./Core/Src/main.o
                0x00000000200000a0                device_mode
 .bss.dato_1    0x00000000200000a1        0x1 ./Core/Src/main.o
                0x00000000200000a1                dato_1
 .bss.dato_2    0x00000000200000a2        0x1 ./Core/Src/main.o
                0x00000000200000a2                dato_2
 *fill*         0x00000000200000a3        0x1 
 .bss.htim1     0x00000000200000a4       0x4c ./Core/Src/tim.o
                0x00000000200000a4                htim1
 .bss.huart1    0x00000000200000f0       0x84 ./Core/Src/usart.o
                0x00000000200000f0                huart1
 .bss.huart2    0x0000000020000174       0x84 ./Core/Src/usart.o
                0x0000000020000174                huart2
 .bss.uwTick    0x00000000200001f8        0x4 ./Drivers/STM32L4xx_HAL_Driver/Src/stm32l4xx_hal.o
                0x00000000200001f8                uwTick
 *(COMMON)
                0x00000000200001fc                . = ALIGN (0x4)
                0x00000000200001fc                _ebss = .
                0x00000000200001fc                __bss_end__ = _ebss

._user_heap_stack
                0x00000000200001fc      0x604 load address 0x00000000080062bc
                0x0000000020000200                . = ALIGN (0x8)
 *fill*         0x00000000200001fc        0x4 
                [!provide]                        PROVIDE (end = .)
                0x0000000020000200                PROVIDE (_end = .)
                0x0000000020000400                . = (. + _Min_Heap_Size)
 *fill*         0x0000000020000200      0x200 
                0x0000000020000800                . = (. + _Min_Stack_Size)
 *fill*         0x0000000020000400      0x400 
                0x0000000020000800                . = ALIGN (0x8)

/DISCARD/
 libc.a(*)
 libm.a(*)
 libgcc.a(*)

.ARM.attributes
                0x0000000000000000       0x30
 *(.ARM.attributes)
 .ARM.attributes
                0x0000000000000000       0x1e c:/st/stm32cubeide_1.8.0/stm32cubeide/plugins/com.st.stm32cube.ide.mcu.externaltools.gnu-tools-for-stm32.10.3-2021.10.win32_1.0.0.202111181127/tools/bin/../lib/gcc/arm-none-eabi/10.3.1/thumb/v7e-m+fp/hard/crti.o
 .ARM.attributes
                0x000000000000001e       0x34 c:/st/stm32cubeide_1.8.0/stm32cubeide/plugins/com.st.stm32cube.ide.mcu.externaltools.gnu-tools-for-stm32.10.3-2021.10.win32_1.0.0.202111181127/tools/bin/../lib/gcc/arm-none-eabi/10.3.1/thumb/v7e-m+fp/hard/crtbegin.o
 .ARM.attributes
                0x0000000000000052       0x34 ./Core/Src/adc.o
 .ARM.attributes
                0x0000000000000086       0x34 ./Core/Src/command_decoder.o
 .ARM.attributes
                0x00000000000000ba       0x34 ./Core/Src/device.o
 .ARM.attributes
                0x00000000000000ee       0x34 ./Core/Src/dip_switch.o
 .ARM.attributes
                0x0000000000000122       0x34 ./Core/Src/gpio.o
 .ARM.attributes
                0x0000000000000156       0x34 ./Core/Src/gpio_if.o
 .ARM.attributes
                0x000000000000018a       0x34 ./Core/Src/main.o
 .ARM.attributes
                0x00000000000001be       0x34 ./Core/Src/stm32l4xx_hal_msp.o
 .ARM.attributes
                0x00000000000001f2       0x34 ./Core/Src/stm32l4xx_it.o
 .ARM.attributes
                0x0000000000000226       0x34 ./Core/Src/system_stm32l4xx.o
 .ARM.attributes
                0x000000000000025a       0x34 ./Core/Src/tim.o
 .ARM.attributes
                0x000000000000028e       0x34 ./Core/Src/usart.o
 .ARM.attributes
                0x00000000000002c2       0x21 ./Core/Startup/startup_stm32l452retx.o
 .ARM.attributes
                0x00000000000002e3       0x34 ./Drivers/STM32L4xx_HAL_Driver/Src/stm32l4xx_hal.o
 .ARM.attributes
                0x0000000000000317       0x34 ./Drivers/STM32L4xx_HAL_Driver/Src/stm32l4xx_hal_adc.o
 .ARM.attributes
                0x000000000000034b       0x34 ./Drivers/STM32L4xx_HAL_Driver/Src/stm32l4xx_hal_cortex.o
 .ARM.attributes
                0x000000000000037f       0x34 ./Drivers/STM32L4xx_HAL_Driver/Src/stm32l4xx_hal_dma.o
 .ARM.attributes
                0x00000000000003b3       0x34 ./Drivers/STM32L4xx_HAL_Driver/Src/stm32l4xx_hal_gpio.o
 .ARM.attributes
                0x00000000000003e7       0x34 ./Drivers/STM32L4xx_HAL_Driver/Src/stm32l4xx_hal_pwr_ex.o
 .ARM.attributes
                0x000000000000041b       0x34 ./Drivers/STM32L4xx_HAL_Driver/Src/stm32l4xx_hal_rcc.o
 .ARM.attributes
                0x000000000000044f       0x34 ./Drivers/STM32L4xx_HAL_Driver/Src/stm32l4xx_hal_rcc_ex.o
 .ARM.attributes
                0x0000000000000483       0x34 ./Drivers/STM32L4xx_HAL_Driver/Src/stm32l4xx_hal_tim.o
 .ARM.attributes
                0x00000000000004b7       0x34 ./Drivers/STM32L4xx_HAL_Driver/Src/stm32l4xx_hal_tim_ex.o
 .ARM.attributes
                0x00000000000004eb       0x34 ./Drivers/STM32L4xx_HAL_Driver/Src/stm32l4xx_hal_uart.o
 .ARM.attributes
                0x000000000000051f       0x34 ./Drivers/STM32L4xx_HAL_Driver/Src/stm32l4xx_hal_uart_ex.o
 .ARM.attributes
                0x0000000000000553       0x34 c:/st/stm32cubeide_1.8.0/stm32cubeide/plugins/com.st.stm32cube.ide.mcu.externaltools.gnu-tools-for-stm32.10.3-2021.10.win32_1.0.0.202111181127/tools/bin/../lib/gcc/arm-none-eabi/10.3.1/../../../../arm-none-eabi/lib/thumb/v7e-m+fp/hard\libc_nano.a(lib_a-init.o)
 .ARM.attributes
                0x0000000000000587       0x34 c:/st/stm32cubeide_1.8.0/stm32cubeide/plugins/com.st.stm32cube.ide.mcu.externaltools.gnu-tools-for-stm32.10.3-2021.10.win32_1.0.0.202111181127/tools/bin/../lib/gcc/arm-none-eabi/10.3.1/../../../../arm-none-eabi/lib/thumb/v7e-m+fp/hard\libc_nano.a(lib_a-memset.o)
 .ARM.attributes
                0x00000000000005bb       0x1e c:/st/stm32cubeide_1.8.0/stm32cubeide/plugins/com.st.stm32cube.ide.mcu.externaltools.gnu-tools-for-stm32.10.3-2021.10.win32_1.0.0.202111181127/tools/bin/../lib/gcc/arm-none-eabi/10.3.1/thumb/v7e-m+fp/hard\libgcc.a(_aeabi_uldivmod.o)
 .ARM.attributes
                0x00000000000005d9       0x34 c:/st/stm32cubeide_1.8.0/stm32cubeide/plugins/com.st.stm32cube.ide.mcu.externaltools.gnu-tools-for-stm32.10.3-2021.10.win32_1.0.0.202111181127/tools/bin/../lib/gcc/arm-none-eabi/10.3.1/thumb/v7e-m+fp/hard\libgcc.a(_udivmoddi4.o)
 .ARM.attributes
                0x000000000000060d       0x1e c:/st/stm32cubeide_1.8.0/stm32cubeide/plugins/com.st.stm32cube.ide.mcu.externaltools.gnu-tools-for-stm32.10.3-2021.10.win32_1.0.0.202111181127/tools/bin/../lib/gcc/arm-none-eabi/10.3.1/thumb/v7e-m+fp/hard\libgcc.a(_dvmd_tls.o)
 .ARM.attributes
                0x000000000000062b       0x1e c:/st/stm32cubeide_1.8.0/stm32cubeide/plugins/com.st.stm32cube.ide.mcu.externaltools.gnu-tools-for-stm32.10.3-2021.10.win32_1.0.0.202111181127/tools/bin/../lib/gcc/arm-none-eabi/10.3.1/thumb/v7e-m+fp/hard/crtn.o
OUTPUT(pwm_adc_gpio.elf elf32-littlearm)
LOAD linker stubs
LOAD c:/st/stm32cubeide_1.8.0/stm32cubeide/plugins/com.st.stm32cube.ide.mcu.externaltools.gnu-tools-for-stm32.10.3-2021.10.win32_1.0.0.202111181127/tools/bin/../lib/gcc/arm-none-eabi/10.3.1/../../../../arm-none-eabi/lib/thumb/v7e-m+fp/hard\libc.a
LOAD c:/st/stm32cubeide_1.8.0/stm32cubeide/plugins/com.st.stm32cube.ide.mcu.externaltools.gnu-tools-for-stm32.10.3-2021.10.win32_1.0.0.202111181127/tools/bin/../lib/gcc/arm-none-eabi/10.3.1/../../../../arm-none-eabi/lib/thumb/v7e-m+fp/hard\libm.a
LOAD c:/st/stm32cubeide_1.8.0/stm32cubeide/plugins/com.st.stm32cube.ide.mcu.externaltools.gnu-tools-for-stm32.10.3-2021.10.win32_1.0.0.202111181127/tools/bin/../lib/gcc/arm-none-eabi/10.3.1/thumb/v7e-m+fp/hard\libgcc.a

.debug_info     0x0000000000000000    0x15faa
 .debug_info    0x0000000000000000      0xe06 ./Core/Src/adc.o
 .debug_info    0x0000000000000e06      0x7c4 ./Core/Src/command_decoder.o
 .debug_info    0x00000000000015ca      0x10f ./Core/Src/device.o
 .debug_info    0x00000000000016d9      0x335 ./Core/Src/dip_switch.o
 .debug_info    0x0000000000001a0e      0x4b9 ./Core/Src/gpio.o
 .debug_info    0x0000000000001ec7      0x3f3 ./Core/Src/gpio_if.o
 .debug_info    0x00000000000022ba     0x11db ./Core/Src/main.o
 .debug_info    0x0000000000003495      0x324 ./Core/Src/stm32l4xx_hal_msp.o
 .debug_info    0x00000000000037b9      0x76f ./Core/Src/stm32l4xx_it.o
 .debug_info    0x0000000000003f28      0x5e2 ./Core/Src/system_stm32l4xx.o
 .debug_info    0x000000000000450a      0xe04 ./Core/Src/tim.o
 .debug_info    0x000000000000530e      0xf6e ./Core/Src/usart.o
 .debug_info    0x000000000000627c       0x22 ./Core/Startup/startup_stm32l452retx.o
 .debug_info    0x000000000000629e      0xbd5 ./Drivers/STM32L4xx_HAL_Driver/Src/stm32l4xx_hal.o
 .debug_info    0x0000000000006e73     0x1dbb ./Drivers/STM32L4xx_HAL_Driver/Src/stm32l4xx_hal_adc.o
 .debug_info    0x0000000000008c2e      0xdd9 ./Drivers/STM32L4xx_HAL_Driver/Src/stm32l4xx_hal_cortex.o
 .debug_info    0x0000000000009a07      0x76a ./Drivers/STM32L4xx_HAL_Driver/Src/stm32l4xx_hal_dma.o
 .debug_info    0x000000000000a171      0x82f ./Drivers/STM32L4xx_HAL_Driver/Src/stm32l4xx_hal_gpio.o
 .debug_info    0x000000000000a9a0      0x96b ./Drivers/STM32L4xx_HAL_Driver/Src/stm32l4xx_hal_pwr_ex.o
 .debug_info    0x000000000000b30b      0xca5 ./Drivers/STM32L4xx_HAL_Driver/Src/stm32l4xx_hal_rcc.o
 .debug_info    0x000000000000bfb0      0xfaa ./Drivers/STM32L4xx_HAL_Driver/Src/stm32l4xx_hal_rcc_ex.o
 .debug_info    0x000000000000cf5a     0x2d04 ./Drivers/STM32L4xx_HAL_Driver/Src/stm32l4xx_hal_tim.o
 .debug_info    0x000000000000fc5e     0x17eb ./Drivers/STM32L4xx_HAL_Driver/Src/stm32l4xx_hal_tim_ex.o
 .debug_info    0x0000000000011449     0x3d2a ./Drivers/STM32L4xx_HAL_Driver/Src/stm32l4xx_hal_uart.o
 .debug_info    0x0000000000015173      0xe37 ./Drivers/STM32L4xx_HAL_Driver/Src/stm32l4xx_hal_uart_ex.o

.debug_abbrev   0x0000000000000000     0x2f3f
 .debug_abbrev  0x0000000000000000      0x1e0 ./Core/Src/adc.o
 .debug_abbrev  0x00000000000001e0      0x18e ./Core/Src/command_decoder.o
 .debug_abbrev  0x000000000000036e       0xbf ./Core/Src/device.o
 .debug_abbrev  0x000000000000042d      0x174 ./Core/Src/dip_switch.o
 .debug_abbrev  0x00000000000005a1      0x12a ./Core/Src/gpio.o
 .debug_abbrev  0x00000000000006cb      0x194 ./Core/Src/gpio_if.o
 .debug_abbrev  0x000000000000085f      0x27d ./Core/Src/main.o
 .debug_abbrev  0x0000000000000adc       0xc2 ./Core/Src/stm32l4xx_hal_msp.o
 .debug_abbrev  0x0000000000000b9e      0x166 ./Core/Src/stm32l4xx_it.o
 .debug_abbrev  0x0000000000000d04      0x116 ./Core/Src/system_stm32l4xx.o
 .debug_abbrev  0x0000000000000e1a      0x20b ./Core/Src/tim.o
 .debug_abbrev  0x0000000000001025      0x1f0 ./Core/Src/usart.o
 .debug_abbrev  0x0000000000001215       0x12 ./Core/Startup/startup_stm32l452retx.o
 .debug_abbrev  0x0000000000001227      0x23a ./Drivers/STM32L4xx_HAL_Driver/Src/stm32l4xx_hal.o
 .debug_abbrev  0x0000000000001461      0x2b6 ./Drivers/STM32L4xx_HAL_Driver/Src/stm32l4xx_hal_adc.o
 .debug_abbrev  0x0000000000001717      0x316 ./Drivers/STM32L4xx_HAL_Driver/Src/stm32l4xx_hal_cortex.o
 .debug_abbrev  0x0000000000001a2d      0x1d7 ./Drivers/STM32L4xx_HAL_Driver/Src/stm32l4xx_hal_dma.o
 .debug_abbrev  0x0000000000001c04      0x1bb ./Drivers/STM32L4xx_HAL_Driver/Src/stm32l4xx_hal_gpio.o
 .debug_abbrev  0x0000000000001dbf      0x1f3 ./Drivers/STM32L4xx_HAL_Driver/Src/stm32l4xx_hal_pwr_ex.o
 .debug_abbrev  0x0000000000001fb2      0x2bd ./Drivers/STM32L4xx_HAL_Driver/Src/stm32l4xx_hal_rcc.o
 .debug_abbrev  0x000000000000226f      0x299 ./Drivers/STM32L4xx_HAL_Driver/Src/stm32l4xx_hal_rcc_ex.o
 .debug_abbrev  0x0000000000002508      0x264 ./Drivers/STM32L4xx_HAL_Driver/Src/stm32l4xx_hal_tim.o
 .debug_abbrev  0x000000000000276c      0x26c ./Drivers/STM32L4xx_HAL_Driver/Src/stm32l4xx_hal_tim_ex.o
 .debug_abbrev  0x00000000000029d8      0x2bc ./Drivers/STM32L4xx_HAL_Driver/Src/stm32l4xx_hal_uart.o
 .debug_abbrev  0x0000000000002c94      0x2ab ./Drivers/STM32L4xx_HAL_Driver/Src/stm32l4xx_hal_uart_ex.o

.debug_aranges  0x0000000000000000     0x1278
 .debug_aranges
                0x0000000000000000       0x30 ./Core/Src/adc.o
 .debug_aranges
                0x0000000000000030       0x28 ./Core/Src/command_decoder.o
 .debug_aranges
                0x0000000000000058       0x20 ./Core/Src/device.o
 .debug_aranges
                0x0000000000000078       0x28 ./Core/Src/dip_switch.o
 .debug_aranges
                0x00000000000000a0       0x20 ./Core/Src/gpio.o
 .debug_aranges
                0x00000000000000c0       0x48 ./Core/Src/gpio_if.o
 .debug_aranges
                0x0000000000000108       0x40 ./Core/Src/main.o
 .debug_aranges
                0x0000000000000148       0x20 ./Core/Src/stm32l4xx_hal_msp.o
 .debug_aranges
                0x0000000000000168       0x70 ./Core/Src/stm32l4xx_it.o
 .debug_aranges
                0x00000000000001d8       0x28 ./Core/Src/system_stm32l4xx.o
 .debug_aranges
                0x0000000000000200       0x38 ./Core/Src/tim.o
 .debug_aranges
                0x0000000000000238       0x38 ./Core/Src/usart.o
 .debug_aranges
                0x0000000000000270       0x28 ./Core/Startup/startup_stm32l452retx.o
 .debug_aranges
                0x0000000000000298      0x130 ./Drivers/STM32L4xx_HAL_Driver/Src/stm32l4xx_hal.o
 .debug_aranges
                0x00000000000003c8      0x218 ./Drivers/STM32L4xx_HAL_Driver/Src/stm32l4xx_hal_adc.o
 .debug_aranges
                0x00000000000005e0      0x118 ./Drivers/STM32L4xx_HAL_Driver/Src/stm32l4xx_hal_cortex.o
 .debug_aranges
                0x00000000000006f8       0x80 ./Drivers/STM32L4xx_HAL_Driver/Src/stm32l4xx_hal_dma.o
 .debug_aranges
                0x0000000000000778       0x58 ./Drivers/STM32L4xx_HAL_Driver/Src/stm32l4xx_hal_gpio.o
 .debug_aranges
                0x00000000000007d0      0x128 ./Drivers/STM32L4xx_HAL_Driver/Src/stm32l4xx_hal_pwr_ex.o
 .debug_aranges
                0x00000000000008f8       0x90 ./Drivers/STM32L4xx_HAL_Driver/Src/stm32l4xx_hal_rcc.o
 .debug_aranges
                0x0000000000000988       0xf0 ./Drivers/STM32L4xx_HAL_Driver/Src/stm32l4xx_hal_rcc_ex.o
 .debug_aranges
                0x0000000000000a78      0x3e0 ./Drivers/STM32L4xx_HAL_Driver/Src/stm32l4xx_hal_tim.o
 .debug_aranges
                0x0000000000000e58      0x180 ./Drivers/STM32L4xx_HAL_Driver/Src/stm32l4xx_hal_tim_ex.o
 .debug_aranges
                0x0000000000000fd8      0x228 ./Drivers/STM32L4xx_HAL_Driver/Src/stm32l4xx_hal_uart.o
 .debug_aranges
                0x0000000000001200       0x78 ./Drivers/STM32L4xx_HAL_Driver/Src/stm32l4xx_hal_uart_ex.o

.debug_ranges   0x0000000000000000     0x1120
 .debug_ranges  0x0000000000000000       0x20 ./Core/Src/adc.o
 .debug_ranges  0x0000000000000020       0x18 ./Core/Src/command_decoder.o
 .debug_ranges  0x0000000000000038       0x10 ./Core/Src/device.o
 .debug_ranges  0x0000000000000048       0x18 ./Core/Src/dip_switch.o
 .debug_ranges  0x0000000000000060       0x10 ./Core/Src/gpio.o
 .debug_ranges  0x0000000000000070       0x38 ./Core/Src/gpio_if.o
 .debug_ranges  0x00000000000000a8       0x30 ./Core/Src/main.o
 .debug_ranges  0x00000000000000d8       0x10 ./Core/Src/stm32l4xx_hal_msp.o
 .debug_ranges  0x00000000000000e8       0x60 ./Core/Src/stm32l4xx_it.o
 .debug_ranges  0x0000000000000148       0x18 ./Core/Src/system_stm32l4xx.o
 .debug_ranges  0x0000000000000160       0x28 ./Core/Src/tim.o
 .debug_ranges  0x0000000000000188       0x28 ./Core/Src/usart.o
 .debug_ranges  0x00000000000001b0       0x20 ./Core/Startup/startup_stm32l452retx.o
 .debug_ranges  0x00000000000001d0      0x120 ./Drivers/STM32L4xx_HAL_Driver/Src/stm32l4xx_hal.o
 .debug_ranges  0x00000000000002f0      0x208 ./Drivers/STM32L4xx_HAL_Driver/Src/stm32l4xx_hal_adc.o
 .debug_ranges  0x00000000000004f8      0x108 ./Drivers/STM32L4xx_HAL_Driver/Src/stm32l4xx_hal_cortex.o
 .debug_ranges  0x0000000000000600       0x70 ./Drivers/STM32L4xx_HAL_Driver/Src/stm32l4xx_hal_dma.o
 .debug_ranges  0x0000000000000670       0x48 ./Drivers/STM32L4xx_HAL_Driver/Src/stm32l4xx_hal_gpio.o
 .debug_ranges  0x00000000000006b8      0x118 ./Drivers/STM32L4xx_HAL_Driver/Src/stm32l4xx_hal_pwr_ex.o
 .debug_ranges  0x00000000000007d0       0x80 ./Drivers/STM32L4xx_HAL_Driver/Src/stm32l4xx_hal_rcc.o
 .debug_ranges  0x0000000000000850       0xe0 ./Drivers/STM32L4xx_HAL_Driver/Src/stm32l4xx_hal_rcc_ex.o
 .debug_ranges  0x0000000000000930      0x3d0 ./Drivers/STM32L4xx_HAL_Driver/Src/stm32l4xx_hal_tim.o
 .debug_ranges  0x0000000000000d00      0x170 ./Drivers/STM32L4xx_HAL_Driver/Src/stm32l4xx_hal_tim_ex.o
 .debug_ranges  0x0000000000000e70      0x248 ./Drivers/STM32L4xx_HAL_Driver/Src/stm32l4xx_hal_uart.o
 .debug_ranges  0x00000000000010b8       0x68 ./Drivers/STM32L4xx_HAL_Driver/Src/stm32l4xx_hal_uart_ex.o

.debug_macro    0x0000000000000000    0x25b15
 .debug_macro   0x0000000000000000      0x215 ./Core/Src/adc.o
 .debug_macro   0x0000000000000215      0xa78 ./Core/Src/adc.o
 .debug_macro   0x0000000000000c8d      0x1b3 ./Core/Src/adc.o
 .debug_macro   0x0000000000000e40       0x2e ./Core/Src/adc.o
 .debug_macro   0x0000000000000e6e       0x28 ./Core/Src/adc.o
 .debug_macro   0x0000000000000e96       0x22 ./Core/Src/adc.o
 .debug_macro   0x0000000000000eb8       0x8e ./Core/Src/adc.o
 .debug_macro   0x0000000000000f46       0x51 ./Core/Src/adc.o
 .debug_macro   0x0000000000000f97      0x103 ./Core/Src/adc.o
 .debug_macro   0x000000000000109a       0x6a ./Core/Src/adc.o
 .debug_macro   0x0000000000001104      0x1df ./Core/Src/adc.o
 .debug_macro   0x00000000000012e3       0x1c ./Core/Src/adc.o
 .debug_macro   0x00000000000012ff       0x22 ./Core/Src/adc.o
 .debug_macro   0x0000000000001321       0xfb ./Core/Src/adc.o
 .debug_macro   0x000000000000141c     0x1011 ./Core/Src/adc.o
 .debug_macro   0x000000000000242d      0x11f ./Core/Src/adc.o
 .debug_macro   0x000000000000254c    0x16336 ./Core/Src/adc.o
 .debug_macro   0x0000000000018882       0x6d ./Core/Src/adc.o
 .debug_macro   0x00000000000188ef     0x38e6 ./Core/Src/adc.o
 .debug_macro   0x000000000001c1d5      0x174 ./Core/Src/adc.o
 .debug_macro   0x000000000001c349       0x5c ./Core/Src/adc.o
 .debug_macro   0x000000000001c3a5     0x13fa ./Core/Src/adc.o
 .debug_macro   0x000000000001d79f      0x646 ./Core/Src/adc.o
 .debug_macro   0x000000000001dde5      0x1b9 ./Core/Src/adc.o
 .debug_macro   0x000000000001df9e      0x168 ./Core/Src/adc.o
 .debug_macro   0x000000000001e106      0x26b ./Core/Src/adc.o
 .debug_macro   0x000000000001e371      0x23d ./Core/Src/adc.o
 .debug_macro   0x000000000001e5ae      0xdfb ./Core/Src/adc.o
 .debug_macro   0x000000000001f3a9      0x624 ./Core/Src/adc.o
 .debug_macro   0x000000000001f9cd      0x24f ./Core/Src/adc.o
 .debug_macro   0x000000000001fc1c      0x241 ./Core/Src/adc.o
 .debug_macro   0x000000000001fe5d      0x375 ./Core/Src/adc.o
 .debug_macro   0x00000000000201d2       0xd6 ./Core/Src/adc.o
 .debug_macro   0x00000000000202a8      0x22c ./Core/Src/adc.o
 .debug_macro   0x00000000000204d4       0x61 ./Core/Src/adc.o
 .debug_macro   0x0000000000020535       0xa5 ./Core/Src/adc.o
 .debug_macro   0x00000000000205da      0x122 ./Core/Src/adc.o
 .debug_macro   0x00000000000206fc      0x364 ./Core/Src/adc.o
 .debug_macro   0x0000000000020a60      0xa91 ./Core/Src/adc.o
 .debug_macro   0x00000000000214f1      0x150 ./Core/Src/adc.o
 .debug_macro   0x0000000000021641      0x5ba ./Core/Src/adc.o
 .debug_macro   0x0000000000021bfb       0x44 ./Core/Src/adc.o
 .debug_macro   0x0000000000021c3f      0x2eb ./Core/Src/adc.o
 .debug_macro   0x0000000000021f2a       0x70 ./Core/Src/adc.o
 .debug_macro   0x0000000000021f9a      0x305 ./Core/Src/command_decoder.o
 .debug_macro   0x000000000002229f       0x1e ./Core/Src/command_decoder.o
 .debug_macro   0x00000000000222bd       0x52 ./Core/Src/command_decoder.o
 .debug_macro   0x000000000002230f       0x3c ./Core/Src/command_decoder.o
 .debug_macro   0x000000000002234b       0x34 ./Core/Src/command_decoder.o
 .debug_macro   0x000000000002237f       0x16 ./Core/Src/command_decoder.o
 .debug_macro   0x0000000000022395      0x10e ./Core/Src/command_decoder.o
 .debug_macro   0x00000000000224a3       0x8d ./Core/Src/command_decoder.o
 .debug_macro   0x0000000000022530       0x16 ./Core/Src/command_decoder.o
 .debug_macro   0x0000000000022546       0x43 ./Core/Src/command_decoder.o
 .debug_macro   0x0000000000022589       0x34 ./Core/Src/command_decoder.o
 .debug_macro   0x00000000000225bd       0x10 ./Core/Src/command_decoder.o
 .debug_macro   0x00000000000225cd       0x58 ./Core/Src/command_decoder.o
 .debug_macro   0x0000000000022625       0x71 ./Core/Src/command_decoder.o
 .debug_macro   0x0000000000022696       0x1c ./Core/Src/command_decoder.o
 .debug_macro   0x00000000000226b2      0x12a ./Core/Src/command_decoder.o
 .debug_macro   0x00000000000227dc      0x341 ./Core/Src/command_decoder.o
 .debug_macro   0x0000000000022b1d       0x16 ./Core/Src/command_decoder.o
 .debug_macro   0x0000000000022b33       0x29 ./Core/Src/command_decoder.o
 .debug_macro   0x0000000000022b5c       0x56 ./Core/Src/command_decoder.o
 .debug_macro   0x0000000000022bb2      0x10d ./Core/Src/device.o
 .debug_macro   0x0000000000022cbf       0x4c ./Core/Src/device.o
 .debug_macro   0x0000000000022d0b       0x94 ./Core/Src/device.o
 .debug_macro   0x0000000000022d9f       0x57 ./Core/Src/device.o
 .debug_macro   0x0000000000022df6      0x236 ./Core/Src/dip_switch.o
 .debug_macro   0x000000000002302c       0x22 ./Core/Src/dip_switch.o
 .debug_macro   0x000000000002304e      0x215 ./Core/Src/gpio.o
 .debug_macro   0x0000000000023263      0x2ee ./Core/Src/gpio_if.o
 .debug_macro   0x0000000000023551      0x274 ./Core/Src/main.o
 .debug_macro   0x00000000000237c5      0x20b ./Core/Src/stm32l4xx_hal_msp.o
 .debug_macro   0x00000000000239d0      0x215 ./Core/Src/stm32l4xx_it.o
 .debug_macro   0x0000000000023be5      0x1fc ./Core/Src/system_stm32l4xx.o
 .debug_macro   0x0000000000023de1      0x215 ./Core/Src/tim.o
 .debug_macro   0x0000000000023ff6      0x215 ./Core/Src/usart.o
 .debug_macro   0x000000000002420b      0x24a ./Drivers/STM32L4xx_HAL_Driver/Src/stm32l4xx_hal.o
 .debug_macro   0x0000000000024455      0x219 ./Drivers/STM32L4xx_HAL_Driver/Src/stm32l4xx_hal_adc.o
 .debug_macro   0x000000000002466e      0x1fc ./Drivers/STM32L4xx_HAL_Driver/Src/stm32l4xx_hal_cortex.o
 .debug_macro   0x000000000002486a      0x1fc ./Drivers/STM32L4xx_HAL_Driver/Src/stm32l4xx_hal_dma.o
 .debug_macro   0x0000000000024a66      0x203 ./Drivers/STM32L4xx_HAL_Driver/Src/stm32l4xx_hal_gpio.o
 .debug_macro   0x0000000000024c69      0x220 ./Drivers/STM32L4xx_HAL_Driver/Src/stm32l4xx_hal_pwr_ex.o
 .debug_macro   0x0000000000024e89      0x23e ./Drivers/STM32L4xx_HAL_Driver/Src/stm32l4xx_hal_rcc.o
 .debug_macro   0x00000000000250c7      0x232 ./Drivers/STM32L4xx_HAL_Driver/Src/stm32l4xx_hal_rcc_ex.o
 .debug_macro   0x00000000000252f9      0x1fd ./Drivers/STM32L4xx_HAL_Driver/Src/stm32l4xx_hal_tim.o
 .debug_macro   0x00000000000254f6      0x1fc ./Drivers/STM32L4xx_HAL_Driver/Src/stm32l4xx_hal_tim_ex.o
 .debug_macro   0x00000000000256f2      0x227 ./Drivers/STM32L4xx_HAL_Driver/Src/stm32l4xx_hal_uart.o
 .debug_macro   0x0000000000025919      0x1fc ./Drivers/STM32L4xx_HAL_Driver/Src/stm32l4xx_hal_uart_ex.o

.debug_line     0x0000000000000000    0x17156
 .debug_line    0x0000000000000000      0x7e1 ./Core/Src/adc.o
 .debug_line    0x00000000000007e1      0x8dc ./Core/Src/command_decoder.o
 .debug_line    0x00000000000010bd      0x4c3 ./Core/Src/device.o
 .debug_line    0x0000000000001580      0x79d ./Core/Src/dip_switch.o
 .debug_line    0x0000000000001d1d      0x750 ./Core/Src/gpio.o
 .debug_line    0x000000000000246d      0x99e ./Core/Src/gpio_if.o
 .debug_line    0x0000000000002e0b      0x8b8 ./Core/Src/main.o
 .debug_line    0x00000000000036c3      0x730 ./Core/Src/stm32l4xx_hal_msp.o
 .debug_line    0x0000000000003df3      0x823 ./Core/Src/stm32l4xx_it.o
 .debug_line    0x0000000000004616      0x7c8 ./Core/Src/system_stm32l4xx.o
 .debug_line    0x0000000000004dde      0x826 ./Core/Src/tim.o
 .debug_line    0x0000000000005604      0x835 ./Core/Src/usart.o
 .debug_line    0x0000000000005e39       0x88 ./Core/Startup/startup_stm32l452retx.o
 .debug_line    0x0000000000005ec1      0xb21 ./Drivers/STM32L4xx_HAL_Driver/Src/stm32l4xx_hal.o
 .debug_line    0x00000000000069e2     0x1c46 ./Drivers/STM32L4xx_HAL_Driver/Src/stm32l4xx_hal_adc.o
 .debug_line    0x0000000000008628      0xcc7 ./Drivers/STM32L4xx_HAL_Driver/Src/stm32l4xx_hal_cortex.o
 .debug_line    0x00000000000092ef      0xcff ./Drivers/STM32L4xx_HAL_Driver/Src/stm32l4xx_hal_dma.o
 .debug_line    0x0000000000009fee      0xb40 ./Drivers/STM32L4xx_HAL_Driver/Src/stm32l4xx_hal_gpio.o
 .debug_line    0x000000000000ab2e      0xc33 ./Drivers/STM32L4xx_HAL_Driver/Src/stm32l4xx_hal_pwr_ex.o
 .debug_line    0x000000000000b761      0xfd8 ./Drivers/STM32L4xx_HAL_Driver/Src/stm32l4xx_hal_rcc.o
 .debug_line    0x000000000000c739     0x1411 ./Drivers/STM32L4xx_HAL_Driver/Src/stm32l4xx_hal_rcc_ex.o
 .debug_line    0x000000000000db4a     0x3bac ./Drivers/STM32L4xx_HAL_Driver/Src/stm32l4xx_hal_tim.o
 .debug_line    0x00000000000116f6     0x1b7d ./Drivers/STM32L4xx_HAL_Driver/Src/stm32l4xx_hal_tim_ex.o
 .debug_line    0x0000000000013273     0x327a ./Drivers/STM32L4xx_HAL_Driver/Src/stm32l4xx_hal_uart.o
 .debug_line    0x00000000000164ed      0xc69 ./Drivers/STM32L4xx_HAL_Driver/Src/stm32l4xx_hal_uart_ex.o

.debug_str      0x0000000000000000    0xe9b6c
 .debug_str     0x0000000000000000    0xe1795 ./Core/Src/adc.o
                                      0xe1d2c (size before relaxing)
 .debug_str     0x00000000000e1795     0x3148 ./Core/Src/command_decoder.o
                                      0xe4792 (size before relaxing)
 .debug_str     0x00000000000e48dd       0x35 ./Core/Src/device.o
                                       0x62e9 (size before relaxing)
 .debug_str     0x00000000000e4912      0x178 ./Core/Src/dip_switch.o
                                      0xe1562 (size before relaxing)
 .debug_str     0x00000000000e4a8a       0x20 ./Core/Src/gpio.o
                                      0xe15b2 (size before relaxing)
 .debug_str     0x00000000000e4aaa       0xef ./Core/Src/gpio_if.o
                                      0xe4465 (size before relaxing)
 .debug_str     0x00000000000e4b99      0x5c5 ./Core/Src/main.o
                                      0xe20d5 (size before relaxing)
 .debug_str     0x00000000000e515e       0x2c ./Core/Src/stm32l4xx_hal_msp.o
                                      0xe1523 (size before relaxing)
 .debug_str     0x00000000000e518a      0x101 ./Core/Src/stm32l4xx_it.o
                                      0xe18da (size before relaxing)
 .debug_str     0x00000000000e528b       0xf2 ./Core/Src/system_stm32l4xx.o
                                      0xe1477 (size before relaxing)
 .debug_str     0x00000000000e537d      0x2ca ./Core/Src/tim.o
                                      0xe1de3 (size before relaxing)
 .debug_str     0x00000000000e5647      0x45c ./Core/Src/usart.o
                                      0xe2109 (size before relaxing)
 .debug_str     0x00000000000e5aa3       0x76 ./Core/Startup/startup_stm32l452retx.o
 .debug_str     0x00000000000e5b19      0x68b ./Drivers/STM32L4xx_HAL_Driver/Src/stm32l4xx_hal.o
                                      0xe1fb7 (size before relaxing)
 .debug_str     0x00000000000e61a4      0xa6a ./Drivers/STM32L4xx_HAL_Driver/Src/stm32l4xx_hal_adc.o
                                      0xe22b3 (size before relaxing)
 .debug_str     0x00000000000e6c0e      0x31d ./Drivers/STM32L4xx_HAL_Driver/Src/stm32l4xx_hal_cortex.o
                                      0xe1c15 (size before relaxing)
 .debug_str     0x00000000000e6f2b      0x234 ./Drivers/STM32L4xx_HAL_Driver/Src/stm32l4xx_hal_dma.o
                                      0xe16d7 (size before relaxing)
 .debug_str     0x00000000000e715f       0xff ./Drivers/STM32L4xx_HAL_Driver/Src/stm32l4xx_hal_gpio.o
                                      0xe15eb (size before relaxing)
 .debug_str     0x00000000000e725e      0x43e ./Drivers/STM32L4xx_HAL_Driver/Src/stm32l4xx_hal_pwr_ex.o
                                      0xe1918 (size before relaxing)
 .debug_str     0x00000000000e769c      0x345 ./Drivers/STM32L4xx_HAL_Driver/Src/stm32l4xx_hal_rcc.o
                                      0xe1a77 (size before relaxing)
 .debug_str     0x00000000000e79e1      0x540 ./Drivers/STM32L4xx_HAL_Driver/Src/stm32l4xx_hal_rcc_ex.o
                                      0xe1d3b (size before relaxing)
 .debug_str     0x00000000000e7f21      0xd86 ./Drivers/STM32L4xx_HAL_Driver/Src/stm32l4xx_hal_tim.o
                                      0xe279d (size before relaxing)
 .debug_str     0x00000000000e8ca7      0x4a5 ./Drivers/STM32L4xx_HAL_Driver/Src/stm32l4xx_hal_tim_ex.o
                                      0xe20c1 (size before relaxing)
 .debug_str     0x00000000000e914c      0x843 ./Drivers/STM32L4xx_HAL_Driver/Src/stm32l4xx_hal_uart.o
                                      0xe21a7 (size before relaxing)
 .debug_str     0x00000000000e998f      0x1dd ./Drivers/STM32L4xx_HAL_Driver/Src/stm32l4xx_hal_uart_ex.o
                                      0xe19af (size before relaxing)

.comment        0x0000000000000000       0x50
 .comment       0x0000000000000000       0x50 ./Core/Src/adc.o
                                         0x51 (size before relaxing)
 .comment       0x0000000000000050       0x51 ./Core/Src/command_decoder.o
 .comment       0x0000000000000050       0x51 ./Core/Src/device.o
 .comment       0x0000000000000050       0x51 ./Core/Src/dip_switch.o
 .comment       0x0000000000000050       0x51 ./Core/Src/gpio.o
 .comment       0x0000000000000050       0x51 ./Core/Src/gpio_if.o
 .comment       0x0000000000000050       0x51 ./Core/Src/main.o
 .comment       0x0000000000000050       0x51 ./Core/Src/stm32l4xx_hal_msp.o
 .comment       0x0000000000000050       0x51 ./Core/Src/stm32l4xx_it.o
 .comment       0x0000000000000050       0x51 ./Core/Src/system_stm32l4xx.o
 .comment       0x0000000000000050       0x51 ./Core/Src/tim.o
 .comment       0x0000000000000050       0x51 ./Core/Src/usart.o
 .comment       0x0000000000000050       0x51 ./Drivers/STM32L4xx_HAL_Driver/Src/stm32l4xx_hal.o
 .comment       0x0000000000000050       0x51 ./Drivers/STM32L4xx_HAL_Driver/Src/stm32l4xx_hal_adc.o
 .comment       0x0000000000000050       0x51 ./Drivers/STM32L4xx_HAL_Driver/Src/stm32l4xx_hal_cortex.o
 .comment       0x0000000000000050       0x51 ./Drivers/STM32L4xx_HAL_Driver/Src/stm32l4xx_hal_dma.o
 .comment       0x0000000000000050       0x51 ./Drivers/STM32L4xx_HAL_Driver/Src/stm32l4xx_hal_gpio.o
 .comment       0x0000000000000050       0x51 ./Drivers/STM32L4xx_HAL_Driver/Src/stm32l4xx_hal_pwr_ex.o
 .comment       0x0000000000000050       0x51 ./Drivers/STM32L4xx_HAL_Driver/Src/stm32l4xx_hal_rcc.o
 .comment       0x0000000000000050       0x51 ./Drivers/STM32L4xx_HAL_Driver/Src/stm32l4xx_hal_rcc_ex.o
 .comment       0x0000000000000050       0x51 ./Drivers/STM32L4xx_HAL_Driver/Src/stm32l4xx_hal_tim.o
 .comment       0x0000000000000050       0x51 ./Drivers/STM32L4xx_HAL_Driver/Src/stm32l4xx_hal_tim_ex.o
 .comment       0x0000000000000050       0x51 ./Drivers/STM32L4xx_HAL_Driver/Src/stm32l4xx_hal_uart.o
 .comment       0x0000000000000050       0x51 ./Drivers/STM32L4xx_HAL_Driver/Src/stm32l4xx_hal_uart_ex.o

.debug_frame    0x0000000000000000     0x4c88
 .debug_frame   0x0000000000000000       0x80 ./Core/Src/adc.o
 .debug_frame   0x0000000000000080       0x5c ./Core/Src/command_decoder.o
 .debug_frame   0x00000000000000dc       0x38 ./Core/Src/device.o
 .debug_frame   0x0000000000000114       0x5c ./Core/Src/dip_switch.o
 .debug_frame   0x0000000000000170       0x34 ./Core/Src/gpio.o
 .debug_frame   0x00000000000001a4       0xec ./Core/Src/gpio_if.o
 .debug_frame   0x0000000000000290       0xbc ./Core/Src/main.o
 .debug_frame   0x000000000000034c       0x38 ./Core/Src/stm32l4xx_hal_msp.o
 .debug_frame   0x0000000000000384      0x13c ./Core/Src/stm32l4xx_it.o
 .debug_frame   0x00000000000004c0       0x58 ./Core/Src/system_stm32l4xx.o
 .debug_frame   0x0000000000000518       0xa8 ./Core/Src/tim.o
 .debug_frame   0x00000000000005c0       0x94 ./Core/Src/usart.o
 .debug_frame   0x0000000000000654      0x498 ./Drivers/STM32L4xx_HAL_Driver/Src/stm32l4xx_hal.o
 .debug_frame   0x0000000000000aec      0x9d8 ./Drivers/STM32L4xx_HAL_Driver/Src/stm32l4xx_hal_adc.o
 .debug_frame   0x00000000000014c4      0x498 ./Drivers/STM32L4xx_HAL_Driver/Src/stm32l4xx_hal_cortex.o
 .debug_frame   0x000000000000195c      0x204 ./Drivers/STM32L4xx_HAL_Driver/Src/stm32l4xx_hal_dma.o
 .debug_frame   0x0000000000001b60      0x14c ./Drivers/STM32L4xx_HAL_Driver/Src/stm32l4xx_hal_gpio.o
 .debug_frame   0x0000000000001cac      0x4a4 ./Drivers/STM32L4xx_HAL_Driver/Src/stm32l4xx_hal_pwr_ex.o
 .debug_frame   0x0000000000002150      0x21c ./Drivers/STM32L4xx_HAL_Driver/Src/stm32l4xx_hal_rcc.o
 .debug_frame   0x000000000000236c      0x3d0 ./Drivers/STM32L4xx_HAL_Driver/Src/stm32l4xx_hal_rcc_ex.o
 .debug_frame   0x000000000000273c     0x121c ./Drivers/STM32L4xx_HAL_Driver/Src/stm32l4xx_hal_tim.o
 .debug_frame   0x0000000000003958      0x6b0 ./Drivers/STM32L4xx_HAL_Driver/Src/stm32l4xx_hal_tim_ex.o
 .debug_frame   0x0000000000004008      0x9f4 ./Drivers/STM32L4xx_HAL_Driver/Src/stm32l4xx_hal_uart.o
 .debug_frame   0x00000000000049fc      0x1e0 ./Drivers/STM32L4xx_HAL_Driver/Src/stm32l4xx_hal_uart_ex.o
 .debug_frame   0x0000000000004bdc       0x2c c:/st/stm32cubeide_1.8.0/stm32cubeide/plugins/com.st.stm32cube.ide.mcu.externaltools.gnu-tools-for-stm32.10.3-2021.10.win32_1.0.0.202111181127/tools/bin/../lib/gcc/arm-none-eabi/10.3.1/../../../../arm-none-eabi/lib/thumb/v7e-m+fp/hard\libc_nano.a(lib_a-init.o)
 .debug_frame   0x0000000000004c08       0x20 c:/st/stm32cubeide_1.8.0/stm32cubeide/plugins/com.st.stm32cube.ide.mcu.externaltools.gnu-tools-for-stm32.10.3-2021.10.win32_1.0.0.202111181127/tools/bin/../lib/gcc/arm-none-eabi/10.3.1/../../../../arm-none-eabi/lib/thumb/v7e-m+fp/hard\libc_nano.a(lib_a-memset.o)
 .debug_frame   0x0000000000004c28       0x2c c:/st/stm32cubeide_1.8.0/stm32cubeide/plugins/com.st.stm32cube.ide.mcu.externaltools.gnu-tools-for-stm32.10.3-2021.10.win32_1.0.0.202111181127/tools/bin/../lib/gcc/arm-none-eabi/10.3.1/thumb/v7e-m+fp/hard\libgcc.a(_aeabi_uldivmod.o)
 .debug_frame   0x0000000000004c54       0x34 c:/st/stm32cubeide_1.8.0/stm32cubeide/plugins/com.st.stm32cube.ide.mcu.externaltools.gnu-tools-for-stm32.10.3-2021.10.win32_1.0.0.202111181127/tools/bin/../lib/gcc/arm-none-eabi/10.3.1/thumb/v7e-m+fp/hard\libgcc.a(_udivmoddi4.o)
